Archive member included to satisfy reference by file (symbol)

c:/st/stm32cubeide_1.3.0/stm32cubeide/plugins/com.st.stm32cube.ide.mcu.externaltools.gnu-tools-for-stm32.7-2018-q2-update.win32_1.0.0.201904181610/tools/bin/../lib/gcc/arm-none-eabi/7.3.1/../../../../arm-none-eabi/lib/thumb/v6-m\libc_nano.a(lib_a-exit.o)
                              c:/st/stm32cubeide_1.3.0/stm32cubeide/plugins/com.st.stm32cube.ide.mcu.externaltools.gnu-tools-for-stm32.7-2018-q2-update.win32_1.0.0.201904181610/tools/bin/../lib/gcc/arm-none-eabi/7.3.1/../../../../arm-none-eabi/lib/thumb/v6-m/crt0.o (exit)
c:/st/stm32cubeide_1.3.0/stm32cubeide/plugins/com.st.stm32cube.ide.mcu.externaltools.gnu-tools-for-stm32.7-2018-q2-update.win32_1.0.0.201904181610/tools/bin/../lib/gcc/arm-none-eabi/7.3.1/../../../../arm-none-eabi/lib/thumb/v6-m\libc_nano.a(lib_a-impure.o)
                              c:/st/stm32cubeide_1.3.0/stm32cubeide/plugins/com.st.stm32cube.ide.mcu.externaltools.gnu-tools-for-stm32.7-2018-q2-update.win32_1.0.0.201904181610/tools/bin/../lib/gcc/arm-none-eabi/7.3.1/../../../../arm-none-eabi/lib/thumb/v6-m\libc_nano.a(lib_a-exit.o) (_global_impure_ptr)
c:/st/stm32cubeide_1.3.0/stm32cubeide/plugins/com.st.stm32cube.ide.mcu.externaltools.gnu-tools-for-stm32.7-2018-q2-update.win32_1.0.0.201904181610/tools/bin/../lib/gcc/arm-none-eabi/7.3.1/../../../../arm-none-eabi/lib/thumb/v6-m\libc_nano.a(lib_a-init.o)
                              c:/st/stm32cubeide_1.3.0/stm32cubeide/plugins/com.st.stm32cube.ide.mcu.externaltools.gnu-tools-for-stm32.7-2018-q2-update.win32_1.0.0.201904181610/tools/bin/../lib/gcc/arm-none-eabi/7.3.1/../../../../arm-none-eabi/lib/thumb/v6-m/crt0.o (__libc_init_array)
c:/st/stm32cubeide_1.3.0/stm32cubeide/plugins/com.st.stm32cube.ide.mcu.externaltools.gnu-tools-for-stm32.7-2018-q2-update.win32_1.0.0.201904181610/tools/bin/../lib/gcc/arm-none-eabi/7.3.1/../../../../arm-none-eabi/lib/thumb/v6-m\libc_nano.a(lib_a-memset.o)
                              c:/st/stm32cubeide_1.3.0/stm32cubeide/plugins/com.st.stm32cube.ide.mcu.externaltools.gnu-tools-for-stm32.7-2018-q2-update.win32_1.0.0.201904181610/tools/bin/../lib/gcc/arm-none-eabi/7.3.1/../../../../arm-none-eabi/lib/thumb/v6-m/crt0.o (memset)
c:/st/stm32cubeide_1.3.0/stm32cubeide/plugins/com.st.stm32cube.ide.mcu.externaltools.gnu-tools-for-stm32.7-2018-q2-update.win32_1.0.0.201904181610/tools/bin/../lib/gcc/arm-none-eabi/7.3.1/../../../../arm-none-eabi/lib/thumb/v6-m\libc_nano.a(lib_a-sprintf.o)
                              Src/main.o (sprintf)
c:/st/stm32cubeide_1.3.0/stm32cubeide/plugins/com.st.stm32cube.ide.mcu.externaltools.gnu-tools-for-stm32.7-2018-q2-update.win32_1.0.0.201904181610/tools/bin/../lib/gcc/arm-none-eabi/7.3.1/../../../../arm-none-eabi/lib/thumb/v6-m\libc_nano.a(lib_a-strcmp.o)
                              Src/main.o (strcmp)
c:/st/stm32cubeide_1.3.0/stm32cubeide/plugins/com.st.stm32cube.ide.mcu.externaltools.gnu-tools-for-stm32.7-2018-q2-update.win32_1.0.0.201904181610/tools/bin/../lib/gcc/arm-none-eabi/7.3.1/../../../../arm-none-eabi/lib/thumb/v6-m\libc_nano.a(lib_a-strcpy.o)
                              Src/main.o (strcpy)
c:/st/stm32cubeide_1.3.0/stm32cubeide/plugins/com.st.stm32cube.ide.mcu.externaltools.gnu-tools-for-stm32.7-2018-q2-update.win32_1.0.0.201904181610/tools/bin/../lib/gcc/arm-none-eabi/7.3.1/../../../../arm-none-eabi/lib/thumb/v6-m\libc_nano.a(lib_a-strlen.o)
                              FT800/FT800_Graphics.o (strlen)
c:/st/stm32cubeide_1.3.0/stm32cubeide/plugins/com.st.stm32cube.ide.mcu.externaltools.gnu-tools-for-stm32.7-2018-q2-update.win32_1.0.0.201904181610/tools/bin/../lib/gcc/arm-none-eabi/7.3.1/../../../../arm-none-eabi/lib/thumb/v6-m\libc_nano.a(lib_a-nano-svfprintf.o)
                              c:/st/stm32cubeide_1.3.0/stm32cubeide/plugins/com.st.stm32cube.ide.mcu.externaltools.gnu-tools-for-stm32.7-2018-q2-update.win32_1.0.0.201904181610/tools/bin/../lib/gcc/arm-none-eabi/7.3.1/../../../../arm-none-eabi/lib/thumb/v6-m\libc_nano.a(lib_a-sprintf.o) (_svfprintf_r)
c:/st/stm32cubeide_1.3.0/stm32cubeide/plugins/com.st.stm32cube.ide.mcu.externaltools.gnu-tools-for-stm32.7-2018-q2-update.win32_1.0.0.201904181610/tools/bin/../lib/gcc/arm-none-eabi/7.3.1/../../../../arm-none-eabi/lib/thumb/v6-m\libc_nano.a(lib_a-nano-vfprintf_i.o)
                              c:/st/stm32cubeide_1.3.0/stm32cubeide/plugins/com.st.stm32cube.ide.mcu.externaltools.gnu-tools-for-stm32.7-2018-q2-update.win32_1.0.0.201904181610/tools/bin/../lib/gcc/arm-none-eabi/7.3.1/../../../../arm-none-eabi/lib/thumb/v6-m\libc_nano.a(lib_a-nano-svfprintf.o) (_printf_i)
c:/st/stm32cubeide_1.3.0/stm32cubeide/plugins/com.st.stm32cube.ide.mcu.externaltools.gnu-tools-for-stm32.7-2018-q2-update.win32_1.0.0.201904181610/tools/bin/../lib/gcc/arm-none-eabi/7.3.1/../../../../arm-none-eabi/lib/thumb/v6-m\libc_nano.a(lib_a-memchr-stub.o)
[...]
Memory Configuration

Name             Origin             Length             Attributes
RAM              0x0000000020000000 0x0000000000002000 xrw
FLASH            0x0000000008000000 0x0000000000010000 xr
*default*        0x0000000000000000 0xffffffffffffffff

Linker script and memory map

LOAD c:/st/stm32cubeide_1.3.0/stm32cubeide/plugins/com.st.stm32cube.ide.mcu.externaltools.gnu-tools-for-stm32.7-2018-q2-update.win32_1.0.0.201904181610/tools/bin/../lib/gcc/arm-none-eabi/7.3.1/thumb/v6-m/crti.o
LOAD c:/st/stm32cubeide_1.3.0/stm32cubeide/plugins/com.st.stm32cube.ide.mcu.externaltools.gnu-tools-for-stm32.7-2018-q2-update.win32_1.0.0.201904181610/tools/bin/../lib/gcc/arm-none-eabi/7.3.1/thumb/v6-m/crtbegin.o
LOAD c:/st/stm32cubeide_1.3.0/stm32cubeide/plugins/com.st.stm32cube.ide.mcu.externaltools.gnu-tools-for-stm32.7-2018-q2-update.win32_1.0.0.201904181610/tools/bin/../lib/gcc/arm-none-eabi/7.3.1/../../../../arm-none-eabi/lib/thumb/v6-m/crt0.o
LOAD Drivers/STM32F0xx_HAL_Driver/Src/stm32f0xx_hal.o
LOAD Drivers/STM32F0xx_HAL_Driver/Src/stm32f0xx_hal_cortex.o
LOAD Drivers/STM32F0xx_HAL_Driver/Src/stm32f0xx_hal_dma.o
LOAD Drivers/STM32F0xx_HAL_Driver/Src/stm32f0xx_hal_exti.o
LOAD Drivers/STM32F0xx_HAL_Driver/Src/stm32f0xx_hal_flash.o
LOAD Drivers/STM32F0xx_HAL_Driver/Src/stm32f0xx_hal_flash_ex.o
LOAD Drivers/STM32F0xx_HAL_Driver/Src/stm32f0xx_hal_gpio.o
LOAD Drivers/STM32F0xx_HAL_Driver/Src/stm32f0xx_hal_i2c.o
LOAD Drivers/STM32F0xx_HAL_Driver/Src/stm32f0xx_hal_i2c_ex.o
LOAD Drivers/STM32F0xx_HAL_Driver/Src/stm32f0xx_hal_pwr.o
LOAD Drivers/STM32F0xx_HAL_Driver/Src/stm32f0xx_hal_pwr_ex.o
LOAD Drivers/STM32F0xx_HAL_Driver/Src/stm32f0xx_hal_rcc.o
LOAD Drivers/STM32F0xx_HAL_Driver/Src/stm32f0xx_hal_rcc_ex.o
LOAD Drivers/STM32F0xx_HAL_Driver/Src/stm32f0xx_hal_spi.o
LOAD Drivers/STM32F0xx_HAL_Driver/Src/stm32f0xx_hal_spi_ex.o
LOAD Drivers/STM32F0xx_HAL_Driver/Src/stm32f0xx_hal_tim.o
LOAD Drivers/STM32F0xx_HAL_Driver/Src/stm32f0xx_hal_tim_ex.o
LOAD FT800/FT800_Audio.o
LOAD FT800/FT800_Driver.o
LOAD FT800/FT800_Graphics.o
LOAD FT800/FT800_Port.o
LOAD FT800/FT800_SD.o
LOAD Middlewares/Third_Party/FatFs/src/diskio.o
LOAD Middlewares/Third_Party/FatFs/src/ff.o
LOAD Middlewares/Third_Party/FatFs/src/ff_gen_drv.o
LOAD Middlewares/Third_Party/FatFs/src/option/syscall.o
LOAD SD/my_diskio.o
LOAD Src/fatfs.o
LOAD Src/main.o
LOAD Src/my_delays.o
LOAD Src/stm32f0xx_hal_msp.o
LOAD Src/stm32f0xx_it.o
LOAD Src/system_stm32f0xx.o
LOAD Src/user_diskio.o
LOAD Startup/startup_stm32f051r8tx.o
START GROUP
LOAD c:/st/stm32cubeide_1.3.0/stm32cubeide/plugins/com.st.stm32cube.ide.mcu.externaltools.gnu-tools-for-stm32.7-2018-q2-update.win32_1.0.0.201904181610/tools/bin/../lib/gcc/arm-none-eabi/7.3.1/../../../../arm-none-eabi/lib/thumb/v6-m\libc_nano.a
LOAD c:/st/stm32cubeide_1.3.0/stm32cubeide/plugins/com.st.stm32cube.ide.mcu.externaltools.gnu-tools-for-stm32.7-2018-q2-update.win32_1.0.0.201904181610/tools/bin/../lib/gcc/arm-none-eabi/7.3.1/../../../../arm-none-eabi/lib/thumb/v6-m\libm.a
END GROUP
START GROUP
LOAD c:/st/stm32cubeide_1.3.0/stm32cubeide/plugins/com.st.stm32cube.ide.mcu.externaltools.gnu-tools-for-stm32.7-2018-q2-update.win32_1.0.0.201904181610/tools/bin/../lib/gcc/arm-none-eabi/7.3.1/thumb/v6-m\libgcc.a
LOAD c:/st/stm32cubeide_1.3.0/stm32cubeide/plugins/com.st.stm32cube.ide.mcu.externaltools.gnu-tools-for-stm32.7-2018-q2-update.win32_1.0.0.201904181610/tools/bin/../lib/gcc/arm-none-eabi/7.3.1/../../../../arm-none-eabi/lib/thumb/v6-m\libc_nano.a
END GROUP
START GROUP
LOAD c:/st/stm32cubeide_1.3.0/stm32cubeide/plugins/com.st.stm32cube.ide.mcu.externaltools.gnu-tools-for-stm32.7-2018-q2-update.win32_1.0.0.201904181610/tools/bin/../lib/gcc/arm-none-eabi/7.3.1/thumb/v6-m\libgcc.a
LOAD c:/st/stm32cubeide_1.3.0/stm32cubeide/plugins/com.st.stm32cube.ide.mcu.externaltools.gnu-tools-for-stm32.7-2018-q2-update.win32_1.0.0.201904181610/tools/bin/../lib/gcc/arm-none-eabi/7.3.1/../../../../arm-none-eabi/lib/thumb/v6-m\libc_nano.a
LOAD c:/st/stm32cubeide_1.3.0/stm32cubeide/plugins/com.st.stm32cube.ide.mcu.externaltools.gnu-tools-for-stm32.7-2018-q2-update.win32_1.0.0.201904181610/tools/bin/../lib/gcc/arm-none-eabi/7.3.1/../../../../arm-none-eabi/lib/thumb/v6-m\libnosys.a
END GROUP
START GROUP
LOAD c:/st/stm32cubeide_1.3.0/stm32cubeide/plugins/com.st.stm32cube.ide.mcu.externaltools.gnu-tools-for-stm32.7-2018-q2-update.win32_1.0.0.201904181610/tools/bin/../lib/gcc/arm-none-eabi/7.3.1/thumb/v6-m\libgcc.a
LOAD c:/st/stm32cubeide_1.3.0/stm32cubeide/plugins/com.st.stm32cube.ide.mcu.externaltools.gnu-tools-for-stm32.7-2018-q2-update.win32_1.0.0.201904181610/tools/bin/../lib/gcc/arm-none-eabi/7.3.1/../../../../arm-none-eabi/lib/thumb/v6-m\libc_nano.a
LOAD c:/st/stm32cubeide_1.3.0/stm32cubeide/plugins/com.st.stm32cube.ide.mcu.externaltools.gnu-tools-for-stm32.7-2018-q2-update.win32_1.0.0.201904181610/tools/bin/../lib/gcc/arm-none-eabi/7.3.1/../../../../arm-none-eabi/lib/thumb/v6-m\libnosys.a
END GROUP
LOAD c:/st/stm32cubeide_1.3.0/stm32cubeide/plugins/com.st.stm32cube.ide.mcu.externaltools.gnu-tools-for-stm32.7-2018-q2-update.win32_1.0.0.201904181610/tools/bin/../lib/gcc/arm-none-eabi/7.3.1/thumb/v6-m/crtend.o
LOAD c:/st/stm32cubeide_1.3.0/stm32cubeide/plugins/com.st.stm32cube.ide.mcu.externaltools.gnu-tools-for-stm32.7-2018-q2-update.win32_1.0.0.201904181610/tools/bin/../lib/gcc/arm-none-eabi/7.3.1/thumb/v6-m/crtn.o
                0x0000000020002000                _estack = (ORIGIN (RAM) + LENGTH (RAM))
                0x0000000000000200                _Min_Heap_Size = 0x200
                0x0000000000000400                _Min_Stack_Size = 0x400

.isr_vector     0x0000000008000000       0xc0
                0x0000000008000000                . = ALIGN (0x4)
 *(.isr_vector)
 .isr_vector    0x0000000008000000       0xc0 Startup/startup_stm32f051r8tx.o
                0x0000000008000000                g_pfnVectors
                0x00000000080000c0                . = ALIGN (0x4)

.text           0x00000000080000c0     0xaa2c
                0x00000000080000c0                . = ALIGN (0x4)
 *(.text)
 .text          0x00000000080000c0       0x48 c:/st/stm32cubeide_1.3.0/stm32cubeide/plugins/com.st.stm32cube.ide.mcu.externaltools.gnu-tools-for-stm32.7-2018-q2-update.win32_1.0.0.201904181610/tools/bin/../lib/gcc/arm-none-eabi/7.3.1/thumb/v6-m/crtbegin.o
 .text          0x0000000008000108       0x14 c:/st/stm32cubeide_1.3.0/stm32cubeide/plugins/com.st.stm32cube.ide.mcu.externaltools.gnu-tools-for-stm32.7-2018-q2-update.win32_1.0.0.201904181610/tools/bin/../lib/gcc/arm-none-eabi/7.3.1/../../../../arm-none-eabi/lib/thumb/v6-m\libc_nano.a(lib_a-strcmp.o)
                0x0000000008000108                strcmp
 .text          0x000000000800011c        0xe c:/st/stm32cubeide_1.3.0/stm32cubeide/plugins/com.st.stm32cube.ide.mcu.externaltools.gnu-tools-for-stm32.7-2018-q2-update.win32_1.0.0.201904181610/tools/bin/../lib/gcc/arm-none-eabi/7.3.1/../../../../arm-none-eabi/lib/thumb/v6-m\libc_nano.a(lib_a-strlen.o)
                0x000000000800011c                strlen
 *fill*         0x000000000800012a        0x2 
 .text          0x000000000800012c      0x114 c:/st/stm32cubeide_1.3.0/stm32cubeide/plugins/com.st.stm32cube.ide.mcu.externaltools.gnu-tools-for-stm32.7-2018-q2-update.win32_1.0.0.201904181610/tools/bin/../lib/gcc/arm-none-eabi/7.3.1/thumb/v6-m\libgcc.a(_udivsi3.o)
                0x000000000800012c                __aeabi_uidiv
                0x000000000800012c                __udivsi3
                0x0000000008000238                __aeabi_uidivmod
 .text          0x0000000008000240      0x1d4 c:/st/stm32cubeide_1.3.0/stm32cubeide/plugins/com.st.stm32cube.ide.mcu.externaltools.gnu-tools-for-stm32.7-2018-q2-update.win32_1.0.0.201904181610/tools/bin/../lib/gcc/arm-none-eabi/7.3.1/thumb/v6-m\libgcc.a(_divsi3.o)
                0x0000000008000240                __divsi3
                0x0000000008000240                __aeabi_idiv
                0x000000000800040c                __aeabi_idivmod
 .text          0x0000000008000414        0x4 c:/st/stm32cubeide_1.3.0/stm32cubeide/plugins/com.st.stm32cube.ide.mcu.externaltools.gnu-tools-for-stm32.7-2018-q2-update.win32_1.0.0.201904181610/tools/bin/../lib/gcc/arm-none-eabi/7.3.1/thumb/v6-m\libgcc.a(_dvmd_tls.o)
                0x0000000008000414                __aeabi_idiv0
                0x0000000008000414                __aeabi_ldiv0
 *(.text*)
 .text.HAL_Init
                0x0000000008000418       0x28 Drivers/STM32F0xx_HAL_Driver/Src/stm32f0xx_hal.o
                0x0000000008000418                HAL_Init
 .text.HAL_InitTick
                0x0000000008000440       0x68 Drivers/STM32F0xx_HAL_Driver/Src/stm32f0xx_hal.o
                0x0000000008000440                HAL_InitTick
 .text.HAL_IncTick
                0x00000000080004a8       0x24 Drivers/STM32F0xx_HAL_Driver/Src/stm32f0xx_hal.o
                0x00000000080004a8                HAL_IncTick
 .text.HAL_GetTick
                0x00000000080004cc       0x14 Drivers/STM32F0xx_HAL_Driver/Src/stm32f0xx_hal.o
                0x00000000080004cc                HAL_GetTick
 .text.HAL_Delay
                0x00000000080004e0       0x44 Drivers/STM32F0xx_HAL_Driver/Src/stm32f0xx_hal.o
                0x00000000080004e0                HAL_Delay
 .text.__NVIC_EnableIRQ
                0x0000000008000524       0x34 Drivers/STM32F0xx_HAL_Driver/Src/stm32f0xx_hal_cortex.o
 .text.__NVIC_SetPriority
                0x0000000008000558       0xdc Drivers/STM32F0xx_HAL_Driver/Src/stm32f0xx_hal_cortex.o
 .text.SysTick_Config
                0x0000000008000634       0x48 Drivers/STM32F0xx_HAL_Driver/Src/stm32f0xx_hal_cortex.o
 .text.HAL_NVIC_SetPriority
                0x000000000800067c       0x2a Drivers/STM32F0xx_HAL_Driver/Src/stm32f0xx_hal_cortex.o
                0x000000000800067c                HAL_NVIC_SetPriority
 .text.HAL_NVIC_EnableIRQ
                0x00000000080006a6       0x20 Drivers/STM32F0xx_HAL_Driver/Src/stm32f0xx_hal_cortex.o
                0x00000000080006a6                HAL_NVIC_EnableIRQ
 .text.HAL_SYSTICK_Config
                0x00000000080006c6       0x1a Drivers/STM32F0xx_HAL_Driver/Src/stm32f0xx_hal_cortex.o
                0x00000000080006c6                HAL_SYSTICK_Config
 .text.HAL_GPIO_Init
                0x00000000080006e0      0x2e0 Drivers/STM32F0xx_HAL_Driver/Src/stm32f0xx_hal_gpio.o
                0x00000000080006e0                HAL_GPIO_Init
 .text.HAL_GPIO_WritePin
                0x00000000080009c0       0x3a Drivers/STM32F0xx_HAL_Driver/Src/stm32f0xx_hal_gpio.o
                0x00000000080009c0                HAL_GPIO_WritePin
 *fill*         0x00000000080009fa        0x2 
 .text.HAL_GPIO_EXTI_IRQHandler
                0x00000000080009fc       0x38 Drivers/STM32F0xx_HAL_Driver/Src/stm32f0xx_hal_gpio.o
                0x00000000080009fc                HAL_GPIO_EXTI_IRQHandler
 .text.HAL_RCC_OscConfig
                0x0000000008000a34      0x638 Drivers/STM32F0xx_HAL_Driver/Src/stm32f0xx_hal_rcc.o
                0x0000000008000a34                HAL_RCC_OscConfig
 .text.HAL_RCC_ClockConfig
                0x000000000800106c      0x19c Drivers/STM32F0xx_HAL_Driver/Src/stm32f0xx_hal_rcc.o
                0x000000000800106c                HAL_RCC_ClockConfig
 .text.HAL_RCC_GetSysClockFreq
                0x0000000008001208       0xcc Drivers/STM32F0xx_HAL_Driver/Src/stm32f0xx_hal_rcc.o
                0x0000000008001208                HAL_RCC_GetSysClockFreq
 .text.HAL_SPI_Init
                0x00000000080012d4      0x170 Drivers/STM32F0xx_HAL_Driver/Src/stm32f0xx_hal_spi.o
                0x00000000080012d4                HAL_SPI_Init
 .text.FT800_setSoundVolume
                0x0000000008001444       0x28 FT800/FT800_Audio.o
                0x0000000008001444                FT800_setSoundVolume
 .text.FT800_setSoundEffect
                0x000000000800146c       0x3c FT800/FT800_Audio.o
                0x000000000800146c                FT800_setSoundEffect
 .text.FT800_playSound
                0x00000000080014a8       0x2c FT800/FT800_Audio.o
                0x00000000080014a8                FT800_playSound
 .text.FT800_setPlaybackVolume
                0x00000000080014d4       0x28 FT800/FT800_Audio.o
                0x00000000080014d4                FT800_setPlaybackVolume
 .text.FT800_configurePlayback
                0x00000000080014fc       0x84 FT800/FT800_Audio.o
                0x00000000080014fc                FT800_configurePlayback
 .text.FT800_playPlayback
                0x0000000008001580       0x2c FT800/FT800_Audio.o
                0x0000000008001580                FT800_playPlayback
 .text.CMD_Offset_Inc
                0x00000000080015ac       0x38 FT800/FT800_Driver.o
                0x00000000080015ac                CMD_Offset_Inc
 .text.set_CMD_Offset
                0x00000000080015e4       0x20 FT800/FT800_Driver.o
                0x00000000080015e4                set_CMD_Offset
 .text.get_CMD_Offset
                0x0000000008001604       0x14 FT800/FT800_Driver.o
                0x0000000008001604                get_CMD_Offset
 .text.FT800_WriteAddress
                0x0000000008001618       0x8c FT800/FT800_Driver.o
                0x0000000008001618                FT800_WriteAddress
 .text.FT800_Write8
                0x00000000080016a4       0x60 FT800/FT800_Driver.o
                0x00000000080016a4                FT800_Write8
 .text.FT800_Write16
                0x0000000008001704       0x70 FT800/FT800_Driver.o
                0x0000000008001704                FT800_Write16
 .text.FT800_Write32
                0x0000000008001774       0x80 FT800/FT800_Driver.o
                0x0000000008001774                FT800_Write32
 .text.FT800_Read8
                0x00000000080017f4       0x44 FT800/FT800_Driver.o
                0x00000000080017f4                FT800_Read8
 .text.FT800_Read16
                0x0000000008001838       0x80 FT800/FT800_Driver.o
                0x0000000008001838                FT800_Read16
 .text.FT800_Read32
                0x00000000080018b8       0x80 FT800/FT800_Driver.o
                0x00000000080018b8                FT800_Read32
 .text.FT800_configGPU
                0x0000000008001938       0x40 FT800/FT800_Driver.o
                0x0000000008001938                FT800_configGPU
 .text.FT800_configDisplay
                0x0000000008001978       0xd0 FT800/FT800_Driver.o
                0x0000000008001978                FT800_configDisplay
 .text.FT800_configTouchScreen
                0x0000000008001a48       0x68 FT800/FT800_Driver.o
                0x0000000008001a48                FT800_configTouchScreen
 .text.FT800_clearIntFlags
                0x0000000008001ab0       0x18 FT800/FT800_Driver.o
                0x0000000008001ab0                FT800_clearIntFlags
 .text.FT800_configTouchScreenInt
                0x0000000008001ac8       0x38 FT800/FT800_Driver.o
                0x0000000008001ac8                FT800_configTouchScreenInt
 .text.FT800_configGPIO
                0x0000000008001b00       0x28 FT800/FT800_Driver.o
                0x0000000008001b00                FT800_configGPIO
 .text.FT800_init
                0x0000000008001b28       0xa0 FT800/FT800_Driver.o
                0x0000000008001b28                FT800_init
 .text.FT800_startNewList
                0x0000000008001bc8       0x1c FT800/FT800_Graphics.o
                0x0000000008001bc8                FT800_startNewList
 .text.FT800_endOfList
                0x0000000008001be4       0x3c FT800/FT800_Graphics.o
                0x0000000008001be4                FT800_endOfList
 .text.FT800_finishList
                0x0000000008001c20       0x48 FT800/FT800_Graphics.o
                0x0000000008001c20                FT800_finishList
 .text.FT800_executeCommands
                0x0000000008001c68       0x20 FT800/FT800_Graphics.o
                0x0000000008001c68                FT800_executeCommands
 .text.FT800_getFreeSpace
                0x0000000008001c88       0x4c FT800/FT800_Graphics.o
                0x0000000008001c88                FT800_getFreeSpace
 .text.FT800_setBackgroundColor
                0x0000000008001cd4       0x28 FT800/FT800_Graphics.o
                0x0000000008001cd4                FT800_setBackgroundColor
 .text.FT800_clear
                0x0000000008001cfc       0x30 FT800/FT800_Graphics.o
                0x0000000008001cfc                FT800_clear
 .text.FT800_setColorA
                0x0000000008001d2c       0x2c FT800/FT800_Graphics.o
                0x0000000008001d2c                FT800_setColorA
 .text.FT800_setColorRGB
                0x0000000008001d58       0x28 FT800/FT800_Graphics.o
                0x0000000008001d58                FT800_setColorRGB
 .text.FT800_setBgColor
                0x0000000008001d80       0x32 FT800/FT800_Graphics.o
                0x0000000008001d80                FT800_setBgColor
 .text.FT800_setFgColor
                0x0000000008001db2       0x32 FT800/FT800_Graphics.o
                0x0000000008001db2                FT800_setFgColor
 .text.FT800_Vertex2F
                0x0000000008001de4       0x54 FT800/FT800_Graphics.o
                0x0000000008001de4                FT800_Vertex2F
 .text.FT800_Vertex2II
                0x0000000008001e38       0x90 FT800/FT800_Graphics.o
                0x0000000008001e38                FT800_Vertex2II
 .text.FT800_align
                0x0000000008001ec8       0x34 FT800/FT800_Graphics.o
                0x0000000008001ec8                FT800_align
 .text.FT800_WriteString
                0x0000000008001efc       0x6c FT800/FT800_Graphics.o
                0x0000000008001efc                FT800_WriteString
 .text.FT800_writeMemZero
                0x0000000008001f68       0x3e FT800/FT800_Graphics.o
                0x0000000008001f68                FT800_writeMemZero
 *fill*         0x0000000008001fa6        0x2 
 .text.FT800_drawPoint
                0x0000000008001fa8       0x8c FT800/FT800_Graphics.o
                0x0000000008001fa8                FT800_drawPoint
 .text.FT800_drawLine
                0x0000000008002034       0xb0 FT800/FT800_Graphics.o
                0x0000000008002034                FT800_drawLine
 .text.FT800_drawRectangle
                0x00000000080020e4       0xb0 FT800/FT800_Graphics.o
                0x00000000080020e4                FT800_drawRectangle
 .text.FT800_drawLineStrip
                0x0000000008002194       0xb4 FT800/FT800_Graphics.o
                0x0000000008002194                FT800_drawLineStrip
 .text.FT800_drawEdgeLineStrip
                0x0000000008002248       0xcc FT800/FT800_Graphics.o
                0x0000000008002248                FT800_drawEdgeLineStrip
 .text.FT800_drawChar
                0x0000000008002314       0x98 FT800/FT800_Graphics.o
                0x0000000008002314                FT800_drawChar
 .text.FT800_drawText
                0x00000000080023ac       0xbc FT800/FT800_Graphics.o
                0x00000000080023ac                FT800_drawText
 .text.FT800_drawDecimalNumb
                0x0000000008002468       0xb2 FT800/FT800_Graphics.o
                0x0000000008002468                FT800_drawDecimalNumb
 .text.FT800_drawButton
                0x000000000800251a      0x118 FT800/FT800_Graphics.o
                0x000000000800251a                FT800_drawButton
 .text.FT800_drawClock
                0x0000000008002632      0x114 FT800/FT800_Graphics.o
                0x0000000008002632                FT800_drawClock
 .text.FT800_drawGradient
                0x0000000008002746       0x8e FT800/FT800_Graphics.o
                0x0000000008002746                FT800_drawGradient
 .text.FT800_drawScissorXY
                0x00000000080027d4       0x54 FT800/FT800_Graphics.o
                0x00000000080027d4                FT800_drawScissorXY
 .text.FT800_drawScissorSize
                0x0000000008002828       0x54 FT800/FT800_Graphics.o
                0x0000000008002828                FT800_drawScissorSize
 .text.FT800_drawKeys
                0x000000000800287c      0x118 FT800/FT800_Graphics.o
                0x000000000800287c                FT800_drawKeys
 .text.FT800_drawScrollBar
                0x0000000008002994      0x10e FT800/FT800_Graphics.o
                0x0000000008002994                FT800_drawScrollBar
 .text.FT800_drawToggle
                0x0000000008002aa2      0x11a FT800/FT800_Graphics.o
                0x0000000008002aa2                FT800_drawToggle
 .text.FT800_drawSlider
                0x0000000008002bbc      0x110 FT800/FT800_Graphics.o
                0x0000000008002bbc                FT800_drawSlider
 .text.FT800_drawProgressBar
                0x0000000008002ccc      0x108 FT800/FT800_Graphics.o
                0x0000000008002ccc                FT800_drawProgressBar
 .text.FT800_drawDial
                0x0000000008002dd4       0xde FT800/FT800_Graphics.o
                0x0000000008002dd4                FT800_drawDial
 .text.FT800_drawGauge
                0x0000000008002eb2      0x10c FT800/FT800_Graphics.o
                0x0000000008002eb2                FT800_drawGauge
 .text.FT800_track
                0x0000000008002fbe       0xa8 FT800/FT800_Graphics.o
                0x0000000008002fbe                FT800_track
 .text.FT800_tagMask
                0x0000000008003066       0x30 FT800/FT800_Graphics.o
                0x0000000008003066                FT800_tagMask
 *fill*         0x0000000008003096        0x2 
 .text.FT800_readTag
                0x0000000008003098       0x28 FT800/FT800_Graphics.o
                0x0000000008003098                FT800_readTag
 .text.FT800_readValue
                0x00000000080030c0       0x28 FT800/FT800_Graphics.o
                0x00000000080030c0                FT800_readValue
 .text.FT800_runTouchCalibration
                0x00000000080030e8       0x1a FT800/FT800_Graphics.o
                0x00000000080030e8                FT800_runTouchCalibration
 .text.FT800_drawAnimSpinner
                0x0000000008003102       0x90 FT800/FT800_Graphics.o
                0x0000000008003102                FT800_drawAnimSpinner
 .text.FT800_drawLogo
                0x0000000008003192       0x1a FT800/FT800_Graphics.o
                0x0000000008003192                FT800_drawLogo
 .text.FT800_waitLogo
                0x00000000080031ac       0x30 FT800/FT800_Graphics.o
                0x00000000080031ac                FT800_waitLogo
 .text.FT800_drawScreensaver
                0x00000000080031dc       0x1a FT800/FT800_Graphics.o
                0x00000000080031dc                FT800_drawScreensaver
 .text.FT800_drawSketch
                0x00000000080031f6       0xaa FT800/FT800_Graphics.o
                0x00000000080031f6                FT800_drawSketch
 .text.FT800_stop
                0x00000000080032a0       0x1a FT800/FT800_Graphics.o
                0x00000000080032a0                FT800_stop
 .text.FT800_macro
                0x00000000080032ba       0x36 FT800/FT800_Graphics.o
                0x00000000080032ba                FT800_macro
 .text.FT800_bitmapBegin
                0x00000000080032f0       0x1c FT800/FT800_Graphics.o
                0x00000000080032f0                FT800_bitmapBegin
 .text.FT800_bitmapLayout
                0x000000000800330c       0x7c FT800/FT800_Graphics.o
                0x000000000800330c                FT800_bitmapLayout
 .text.FT800_bitmapSize
                0x0000000008003388       0x9c FT800/FT800_Graphics.o
                0x0000000008003388                FT800_bitmapSize
 .text.FT800_bitmapSource
                0x0000000008003424       0x28 FT800/FT800_Graphics.o
                0x0000000008003424                FT800_bitmapSource
 .text.FT800_loadIdentity
                0x000000000800344c       0x1a FT800/FT800_Graphics.o
                0x000000000800344c                FT800_loadIdentity
 .text.FT800_setMatrix
                0x0000000008003466       0x1a FT800/FT800_Graphics.o
                0x0000000008003466                FT800_setMatrix
 .text.FT800_scale
                0x0000000008003480       0x56 FT800/FT800_Graphics.o
                0x0000000008003480                FT800_scale
 .text.FT800_translate
                0x00000000080034d6       0x56 FT800/FT800_Graphics.o
                0x00000000080034d6                FT800_translate
 .text.FT800_rotate
                0x000000000800352c       0x46 FT800/FT800_Graphics.o
                0x000000000800352c                FT800_rotate
 .text.FT800_loadJpgCMD
                0x0000000008003572       0x3e FT800/FT800_Graphics.o
                0x0000000008003572                FT800_loadJpgCMD
 .text.FT800_InitPins
                0x00000000080035b0        0xc FT800/FT800_Port.o
                0x00000000080035b0                FT800_InitPins
 .text.F800_InitSPI
                0x00000000080035bc       0x1c FT800/FT800_Port.o
                0x00000000080035bc                F800_InitSPI
 .text.F800_InitInterrupt
                0x00000000080035d8        0xc FT800/FT800_Port.o
                0x00000000080035d8                F800_InitInterrupt
 .text.SPI_xchg
                0x00000000080035e4       0x44 FT800/FT800_Port.o
                0x00000000080035e4                SPI_xchg
 .text.FT800_WriteSPI
                0x0000000008003628       0x1e FT800/FT800_Port.o
                0x0000000008003628                FT800_WriteSPI
 .text.FT800_ReadSPI
                0x0000000008003646       0x12 FT800/FT800_Port.o
                0x0000000008003646                FT800_ReadSPI
 .text.FT800_loadWAVfromSD
                0x0000000008003658      0x4b4 FT800/FT800_SD.o
                0x0000000008003658                FT800_loadWAVfromSD
 .text.FT800_loadBMPfromSD
                0x0000000008003b0c      0x348 FT800/FT800_SD.o
                0x0000000008003b0c                FT800_loadBMPfromSD
 .text.FT800_loadJPGfromSD
                0x0000000008003e54      0x2e0 FT800/FT800_SD.o
                0x0000000008003e54                FT800_loadJPGfromSD
 .text.disk_status
                0x0000000008004134       0x44 Middlewares/Third_Party/FatFs/src/diskio.o
                0x0000000008004134                disk_status
 .text.disk_initialize
                0x0000000008004178       0x64 Middlewares/Third_Party/FatFs/src/diskio.o
                0x0000000008004178                disk_initialize
 .text.disk_read
                0x00000000080041dc       0x50 Middlewares/Third_Party/FatFs/src/diskio.o
                0x00000000080041dc                disk_read
 .text.disk_write
                0x000000000800422c       0x50 Middlewares/Third_Party/FatFs/src/diskio.o
                0x000000000800422c                disk_write
 .text.disk_ioctl
                0x000000000800427c       0x50 Middlewares/Third_Party/FatFs/src/diskio.o
                0x000000000800427c                disk_ioctl
 .text.mem_cpy  0x00000000080042cc       0x38 Middlewares/Third_Party/FatFs/src/ff.o
 .text.mem_set  0x0000000008004304       0x30 Middlewares/Third_Party/FatFs/src/ff.o
 .text.mem_cmp  0x0000000008004334       0x4a Middlewares/Third_Party/FatFs/src/ff.o
 .text.chk_chr  0x000000000800437e       0x32 Middlewares/Third_Party/FatFs/src/ff.o
 .text.chk_lock
                0x00000000080043b0       0xdc Middlewares/Third_Party/FatFs/src/ff.o
 .text.enq_lock
                0x000000000800448c       0x40 Middlewares/Third_Party/FatFs/src/ff.o
 .text.inc_lock
                0x00000000080044cc      0x170 Middlewares/Third_Party/FatFs/src/ff.o
 .text.dec_lock
                0x000000000800463c       0xac Middlewares/Third_Party/FatFs/src/ff.o
 .text.clear_lock
                0x00000000080046e8       0x4c Middlewares/Third_Party/FatFs/src/ff.o
 .text.sync_window
                0x0000000008004734       0xb0 Middlewares/Third_Party/FatFs/src/ff.o
 .text.move_window
                0x00000000080047e4       0x78 Middlewares/Third_Party/FatFs/src/ff.o
 .text.sync_fs  0x000000000800485c      0x1a8 Middlewares/Third_Party/FatFs/src/ff.o
 .text.clust2sect
                0x0000000008004a04       0x48 Middlewares/Third_Party/FatFs/src/ff.o
                0x0000000008004a04                clust2sect
 .text.get_fat  0x0000000008004a4c      0x17e Middlewares/Third_Party/FatFs/src/ff.o
                0x0000000008004a4c                get_fat
 .text.put_fat  0x0000000008004bca      0x258 Middlewares/Third_Party/FatFs/src/ff.o
                0x0000000008004bca                put_fat
 *fill*         0x0000000008004e22        0x2 
 .text.remove_chain
                0x0000000008004e24       0xe0 Middlewares/Third_Party/FatFs/src/ff.o
 .text.create_chain
                0x0000000008004f04      0x16c Middlewares/Third_Party/FatFs/src/ff.o
 .text.clmt_clust
                0x0000000008005070       0x74 Middlewares/Third_Party/FatFs/src/ff.o
 .text.dir_sdi  0x00000000080050e4      0x160 Middlewares/Third_Party/FatFs/src/ff.o
 .text.dir_next
                0x0000000008005244      0x234 Middlewares/Third_Party/FatFs/src/ff.o
 .text.dir_alloc
                0x0000000008005478       0xbc Middlewares/Third_Party/FatFs/src/ff.o
 .text.ld_clust
                0x0000000008005534       0x5a Middlewares/Third_Party/FatFs/src/ff.o
 .text.st_clust
                0x000000000800558e       0x4a Middlewares/Third_Party/FatFs/src/ff.o
 .text.dir_find
                0x00000000080055d8       0xca Middlewares/Third_Party/FatFs/src/ff.o
 .text.dir_register
                0x00000000080056a2       0x90 Middlewares/Third_Party/FatFs/src/ff.o
 *fill*         0x0000000008005732        0x2 
 .text.create_name
                0x0000000008005734      0x20c Middlewares/Third_Party/FatFs/src/ff.o
 .text.follow_path
                0x0000000008005940      0x118 Middlewares/Third_Party/FatFs/src/ff.o
 .text.get_ldnumber
                0x0000000008005a58       0x84 Middlewares/Third_Party/FatFs/src/ff.o
 .text.check_fs
                0x0000000008005adc       0xdc Middlewares/Third_Party/FatFs/src/ff.o
 .text.find_volume
                0x0000000008005bb8      0x63c Middlewares/Third_Party/FatFs/src/ff.o
 .text.validate
                0x00000000080061f4       0x7c Middlewares/Third_Party/FatFs/src/ff.o
 .text.f_mount  0x0000000008006270       0xa0 Middlewares/Third_Party/FatFs/src/ff.o
                0x0000000008006270                f_mount
 .text.f_open   0x0000000008006310      0x570 Middlewares/Third_Party/FatFs/src/ff.o
                0x0000000008006310                f_open
 .text.f_read   0x0000000008006880      0x338 Middlewares/Third_Party/FatFs/src/ff.o
                0x0000000008006880                f_read
 .text.f_sync   0x0000000008006bb8      0x1ac Middlewares/Third_Party/FatFs/src/ff.o
                0x0000000008006bb8                f_sync
 .text.f_close  0x0000000008006d64       0x6e Middlewares/Third_Party/FatFs/src/ff.o
                0x0000000008006d64                f_close
 *fill*         0x0000000008006dd2        0x2 
 .text.f_lseek  0x0000000008006dd4      0x558 Middlewares/Third_Party/FatFs/src/ff.o
                0x0000000008006dd4                f_lseek
 .text.FATFS_LinkDriverEx
                0x000000000800732c       0xac Middlewares/Third_Party/FatFs/src/ff_gen_drv.o
                0x000000000800732c                FATFS_LinkDriverEx
 .text.FATFS_LinkDriver
                0x00000000080073d8       0x20 Middlewares/Third_Party/FatFs/src/ff_gen_drv.o
                0x00000000080073d8                FATFS_LinkDriver
 .text.FATFS_UnLinkDriverEx
                0x00000000080073f8       0x8c Middlewares/Third_Party/FatFs/src/ff_gen_drv.o
                0x00000000080073f8                FATFS_UnLinkDriverEx
 .text.FATFS_UnLinkDriver
                0x0000000008007484       0x1c Middlewares/Third_Party/FatFs/src/ff_gen_drv.o
                0x0000000008007484                FATFS_UnLinkDriver
 .text.SD_SPI_init
                0x00000000080074a0       0x1c SD/my_diskio.o
 .text.SD_SPI_select
                0x00000000080074bc       0x14 SD/my_diskio.o
 .text.SD_SPI_deselect
                0x00000000080074d0       0x12 SD/my_diskio.o
 *fill*         0x00000000080074e2        0x2 
 .text.SD_SPI_xchg
                0x00000000080074e4       0x44 SD/my_diskio.o
 .text.SD_SPI_xmit_multi
                0x0000000008007528       0x44 SD/my_diskio.o
 .text.SD_SPI_rcvr_multi
                0x000000000800756c       0x48 SD/my_diskio.o
 .text.SD_ReadyWait
                0x00000000080075b4       0x3c SD/my_diskio.o
 .text.SD_PowerOn
                0x00000000080075f0       0x94 SD/my_diskio.o
 .text.SD_PowerOff
                0x0000000008007684       0x14 SD/my_diskio.o
 .text.SD_CheckPower
                0x0000000008007698       0x14 SD/my_diskio.o
 .text.SD_RxDataBlock
                0x00000000080076ac       0x64 SD/my_diskio.o
 .text.SD_TxDataBlock
                0x0000000008007710       0xb6 SD/my_diskio.o
 .text.SD_SendCmd
                0x00000000080077c6       0xdc SD/my_diskio.o
 *fill*         0x00000000080078a2        0x2 
 .text.SD_disk_initialize
                0x00000000080078a4      0x240 SD/my_diskio.o
                0x00000000080078a4                SD_disk_initialize
 .text.SD_disk_status
                0x0000000008007ae4       0x2c SD/my_diskio.o
                0x0000000008007ae4                SD_disk_status
 .text.SD_disk_read
                0x0000000008007b10       0xe0 SD/my_diskio.o
                0x0000000008007b10                SD_disk_read
 .text.SD_disk_write
                0x0000000008007bf0      0x110 SD/my_diskio.o
                0x0000000008007bf0                SD_disk_write
 .text.SD_disk_ioctl
                0x0000000008007d00      0x274 SD/my_diskio.o
                0x0000000008007d00                SD_disk_ioctl
 .text.MX_FATFS_Init
                0x0000000008007f74       0x2c Src/fatfs.o
                0x0000000008007f74                MX_FATFS_Init
 .text.get_fattime
                0x0000000008007fa0        0xc Src/fatfs.o
                0x0000000008007fa0                get_fattime
 .text.getNote  0x0000000008007fac       0xe2 Src/main.o
                0x0000000008007fac                getNote
 *fill*         0x000000000800808e        0x2 
 .text.main     0x0000000008008090     0x1b94 Src/main.o
                0x0000000008008090                main
 .text.SystemClock_Config
                0x0000000008009c24       0x90 Src/main.o
                0x0000000008009c24                SystemClock_Config
 .text.MX_SPI1_Init
                0x0000000008009cb4       0x7c Src/main.o
 .text.MX_SPI2_Init
                0x0000000008009d30       0x7c Src/main.o
 .text.MX_GPIO_Init
                0x0000000008009dac      0x170 Src/main.o
 .text.HAL_GPIO_EXTI_Callback
                0x0000000008009f1c       0x30 Src/main.o
                0x0000000008009f1c                HAL_GPIO_EXTI_Callback
 .text.Error_Handler
                0x0000000008009f4c        0xa Src/main.o
                0x0000000008009f4c                Error_Handler
 .text.delay_ms
                0x0000000008009f56       0x18 Src/my_delays.o
                0x0000000008009f56                delay_ms
 *fill*         0x0000000008009f6e        0x2 
 .text.HAL_MspInit
                0x0000000008009f70       0x48 Src/stm32f0xx_hal_msp.o
                0x0000000008009f70                HAL_MspInit
 .text.HAL_SPI_MspInit
                0x0000000008009fb8      0x114 Src/stm32f0xx_hal_msp.o
                0x0000000008009fb8                HAL_SPI_MspInit
 .text.NMI_Handler
                0x000000000800a0cc        0xa Src/stm32f0xx_it.o
                0x000000000800a0cc                NMI_Handler
 .text.HardFault_Handler
                0x000000000800a0d6        0x6 Src/stm32f0xx_it.o
                0x000000000800a0d6                HardFault_Handler
 .text.SVC_Handler
                0x000000000800a0dc        0xa Src/stm32f0xx_it.o
                0x000000000800a0dc                SVC_Handler
 .text.PendSV_Handler
                0x000000000800a0e6        0xa Src/stm32f0xx_it.o
                0x000000000800a0e6                PendSV_Handler
 .text.SysTick_Handler
                0x000000000800a0f0        0xe Src/stm32f0xx_it.o
                0x000000000800a0f0                SysTick_Handler
 .text.EXTI4_15_IRQHandler
                0x000000000800a0fe       0x14 Src/stm32f0xx_it.o
                0x000000000800a0fe                EXTI4_15_IRQHandler
 .text.SystemInit
                0x000000000800a112        0xa Src/system_stm32f0xx.o
                0x000000000800a112                SystemInit
 .text.USER_initialize
                0x000000000800a11c       0x20 Src/user_diskio.o
                0x000000000800a11c                USER_initialize
 .text.USER_status
                0x000000000800a13c       0x20 Src/user_diskio.o
                0x000000000800a13c                USER_status
 .text.USER_read
                0x000000000800a15c       0x2e Src/user_diskio.o
                0x000000000800a15c                USER_read
 .text.USER_write
                0x000000000800a18a       0x2e Src/user_diskio.o
                0x000000000800a18a                USER_write
 .text.USER_ioctl
                0x000000000800a1b8       0x2e Src/user_diskio.o
                0x000000000800a1b8                USER_ioctl
 *fill*         0x000000000800a1e6        0x2 
 .text.Reset_Handler
                0x000000000800a1e8       0x50 Startup/startup_stm32f051r8tx.o
                0x000000000800a1e8                Reset_Handler
 .text.Default_Handler
                0x000000000800a238        0x2 Startup/startup_stm32f051r8tx.o
                0x000000000800a238                TIM1_CC_IRQHandler
                0x000000000800a238                TSC_IRQHandler
                0x000000000800a238                ADC1_COMP_IRQHandler
                0x000000000800a238                PVD_IRQHandler
                0x000000000800a238                I2C1_IRQHandler
                0x000000000800a238                RCC_CRS_IRQHandler
                0x000000000800a238                SPI1_IRQHandler
                0x000000000800a238                TIM6_DAC_IRQHandler
                0x000000000800a238                EXTI2_3_IRQHandler
                0x000000000800a238                I2C2_IRQHandler
                0x000000000800a238                TIM17_IRQHandler
                0x000000000800a238                CEC_CAN_IRQHandler
                0x000000000800a238                RTC_IRQHandler
                0x000000000800a238                TIM16_IRQHandler
                0x000000000800a238                TIM3_IRQHandler
                0x000000000800a238                DMA1_Channel1_IRQHandler
                0x000000000800a238                Default_Handler
                0x000000000800a238                TIM14_IRQHandler
                0x000000000800a238                DMA1_Channel4_5_IRQHandler
                0x000000000800a238                TIM15_IRQHandler
                0x000000000800a238                EXTI0_1_IRQHandler
                0x000000000800a238                SPI2_IRQHandler
                0x000000000800a238                WWDG_IRQHandler
                0x000000000800a238                TIM2_IRQHandler
                0x000000000800a238                DMA1_Channel2_3_IRQHandler
                0x000000000800a238                USART2_IRQHandler
                0x000000000800a238                FLASH_IRQHandler
                0x000000000800a238                USART1_IRQHandler
                0x000000000800a238                TIM1_BRK_UP_TRG_COM_IRQHandler
 *fill*         0x000000000800a23a        0x2 
 .text.__libc_init_array
                0x000000000800a23c       0x48 c:/st/stm32cubeide_1.3.0/stm32cubeide/plugins/com.st.stm32cube.ide.mcu.externaltools.gnu-tools-for-stm32.7-2018-q2-update.win32_1.0.0.201904181610/tools/bin/../lib/gcc/arm-none-eabi/7.3.1/../../../../arm-none-eabi/lib/thumb/v6-m\libc_nano.a(lib_a-init.o)
                0x000000000800a23c                __libc_init_array
 .text.memset   0x000000000800a284       0x10 c:/st/stm32cubeide_1.3.0/stm32cubeide/plugins/com.st.stm32cube.ide.mcu.externaltools.gnu-tools-for-stm32.7-2018-q2-update.win32_1.0.0.201904181610/tools/bin/../lib/gcc/arm-none-eabi/7.3.1/../../../../arm-none-eabi/lib/thumb/v6-m\libc_nano.a(lib_a-memset.o)
                0x000000000800a284                memset
 .text.sprintf  0x000000000800a294       0x40 c:/st/stm32cubeide_1.3.0/stm32cubeide/plugins/com.st.stm32cube.ide.mcu.externaltools.gnu-tools-for-stm32.7-2018-q2-update.win32_1.0.0.201904181610/tools/bin/../lib/gcc/arm-none-eabi/7.3.1/../../../../arm-none-eabi/lib/thumb/v6-m\libc_nano.a(lib_a-sprintf.o)
                0x000000000800a294                siprintf
                0x000000000800a294                sprintf
 .text.strcpy   0x000000000800a2d4       0x10 c:/st/stm32cubeide_1.3.0/stm32cubeide/plugins/com.st.stm32cube.ide.mcu.externaltools.gnu-tools-for-stm32.7-2018-q2-update.win32_1.0.0.201904181610/tools/bin/../lib/gcc/arm-none-eabi/7.3.1/../../../../arm-none-eabi/lib/thumb/v6-m\libc_nano.a(lib_a-strcpy.o)
                0x000000000800a2d4                strcpy
 .text.__ssputs_r
                0x000000000800a2e4       0xc4 c:/st/stm32cubeide_1.3.0/stm32cubeide/plugins/com.st.stm32cube.ide.mcu.externaltools.gnu-tools-for-stm32.7-2018-q2-update.win32_1.0.0.201904181610/tools/bin/../lib/gcc/arm-none-eabi/7.3.1/../../../../arm-none-eabi/lib/thumb/v6-m\libc_nano.a(lib_a-nano-svfprintf.o)
                0x000000000800a2e4                __ssputs_r
 .text._svfprintf_r
                0x000000000800a3a8      0x1fc c:/st/stm32cubeide_1.3.0/stm32cubeide/plugins/com.st.stm32cube.ide.mcu.externaltools.gnu-tools-for-stm32.7-2018-q2-update.win32_1.0.0.201904181610/tools/bin/../lib/gcc/arm-none-eabi/7.3.1/../../../../arm-none-eabi/lib/thumb/v6-m\libc_nano.a(lib_a-nano-svfprintf.o)
                0x000000000800a3a8                _svfiprintf_r
                0x000000000800a3a8                _svfprintf_r
 .text._printf_common
                0x000000000800a5a4       0xda c:/st/stm32cubeide_1.3.0/stm32cubeide/plugins/com.st.stm32cube.ide.mcu.externaltools.gnu-tools-for-stm32.7-2018-q2-update.win32_1.0.0.201904181610/tools/bin/../lib/gcc/arm-none-eabi/7.3.1/../../../../arm-none-eabi/lib/thumb/v6-m\libc_nano.a(lib_a-nano-vfprintf_i.o)
                0x000000000800a5a4                _printf_common
 *fill*         0x000000000800a67e        0x2 
 .text._printf_i
                0x000000000800a680      0x210 c:/st/stm32cubeide_1.3.0/stm32cubeide/plugins/com.st.stm32cube.ide.mcu.externaltools.gnu-tools-for-stm32.7-2018-q2-update.win32_1.0.0.201904181610/tools/bin/../lib/gcc/arm-none-eabi/7.3.1/../../../../arm-none-eabi/lib/thumb/v6-m\libc_nano.a(lib_a-nano-vfprintf_i.o)
                0x000000000800a680                _printf_i
 .text.memchr   0x000000000800a890       0x16 c:/st/stm32cubeide_1.3.0/stm32cubeide/plugins/com.st.stm32cube.ide.mcu.externaltools.gnu-tools-for-stm32.7-2018-q2-update.win32_1.0.0.201904181610/tools/bin/../lib/gcc/arm-none-eabi/7.3.1/../../../../arm-none-eabi/lib/thumb/v6-m\libc_nano.a(lib_a-memchr-stub.o)
                0x000000000800a890                memchr
 .text.memcpy   0x000000000800a8a6       0x12 c:/st/stm32cubeide_1.3.0/stm32cubeide/plugins/com.st.stm32cube.ide.mcu.externaltools.gnu-tools-for-stm32.7-2018-q2-update.win32_1.0.0.201904181610/tools/bin/../lib/gcc/arm-none-eabi/7.3.1/../../../../arm-none-eabi/lib/thumb/v6-m\libc_nano.a(lib_a-memcpy-stub.o)
                0x000000000800a8a6                memcpy
 .text.memmove  0x000000000800a8b8       0x26 c:/st/stm32cubeide_1.3.0/stm32cubeide/plugins/com.st.stm32cube.ide.mcu.externaltools.gnu-tools-for-stm32.7-2018-q2-update.win32_1.0.0.201904181610/tools/bin/../lib/gcc/arm-none-eabi/7.3.1/../../../../arm-none-eabi/lib/thumb/v6-m\libc_nano.a(lib_a-memmove.o)
                0x000000000800a8b8                memmove
 *fill*         0x000000000800a8de        0x2 
 .text._free_r  0x000000000800a8e0       0x94 c:/st/stm32cubeide_1.3.0/stm32cubeide/plugins/com.st.stm32cube.ide.mcu.externaltools.gnu-tools-for-stm32.7-2018-q2-update.win32_1.0.0.201904181610/tools/bin/../lib/gcc/arm-none-eabi/7.3.1/../../../../arm-none-eabi/lib/thumb/v6-m\libc_nano.a(lib_a-nano-freer.o)
                0x000000000800a8e0                _free_r
 .text._malloc_r
                0x000000000800a974       0xbc c:/st/stm32cubeide_1.3.0/stm32cubeide/plugins/com.st.stm32cube.ide.mcu.externaltools.gnu-tools-for-stm32.7-2018-q2-update.win32_1.0.0.201904181610/tools/bin/../lib/gcc/arm-none-eabi/7.3.1/../../../../arm-none-eabi/lib/thumb/v6-m\libc_nano.a(lib_a-nano-mallocr.o)
                0x000000000800a974                _malloc_r
 .text._realloc_r
                0x000000000800aa30       0x4c c:/st/stm32cubeide_1.3.0/stm32cubeide/plugins/com.st.stm32cube.ide.mcu.externaltools.gnu-tools-for-stm32.7-2018-q2-update.win32_1.0.0.201904181610/tools/bin/../lib/gcc/arm-none-eabi/7.3.1/../../../../arm-none-eabi/lib/thumb/v6-m\libc_nano.a(lib_a-nano-reallocr.o)
                0x000000000800aa30                _realloc_r
 .text._sbrk_r  0x000000000800aa7c       0x24 c:/st/stm32cubeide_1.3.0/stm32cubeide/plugins/com.st.stm32cube.ide.mcu.externaltools.gnu-tools-for-stm32.7-2018-q2-update.win32_1.0.0.201904181610/tools/bin/../lib/gcc/arm-none-eabi/7.3.1/../../../../arm-none-eabi/lib/thumb/v6-m\libc_nano.a(lib_a-sbrkr.o)
                0x000000000800aa7c                _sbrk_r
 .text.__malloc_lock
                0x000000000800aaa0        0x2 c:/st/stm32cubeide_1.3.0/stm32cubeide/plugins/com.st.stm32cube.ide.mcu.externaltools.gnu-tools-for-stm32.7-2018-q2-update.win32_1.0.0.201904181610/tools/bin/../lib/gcc/arm-none-eabi/7.3.1/../../../../arm-none-eabi/lib/thumb/v6-m\libc_nano.a(lib_a-mlock.o)
                0x000000000800aaa0                __malloc_lock
 .text.__malloc_unlock
                0x000000000800aaa2        0x2 c:/st/stm32cubeide_1.3.0/stm32cubeide/plugins/com.st.stm32cube.ide.mcu.externaltools.gnu-tools-for-stm32.7-2018-q2-update.win32_1.0.0.201904181610/tools/bin/../lib/gcc/arm-none-eabi/7.3.1/../../../../arm-none-eabi/lib/thumb/v6-m\libc_nano.a(lib_a-mlock.o)
                0x000000000800aaa2                __malloc_unlock
 .text._malloc_usable_size_r
                0x000000000800aaa4       0x10 c:/st/stm32cubeide_1.3.0/stm32cubeide/plugins/com.st.stm32cube.ide.mcu.externaltools.gnu-tools-for-stm32.7-2018-q2-update.win32_1.0.0.201904181610/tools/bin/../lib/gcc/arm-none-eabi/7.3.1/../../../../arm-none-eabi/lib/thumb/v6-m\libc_nano.a(lib_a-nano-msizer.o)
                0x000000000800aaa4                _malloc_usable_size_r
 .text._sbrk    0x000000000800aab4       0x20 c:/st/stm32cubeide_1.3.0/stm32cubeide/plugins/com.st.stm32cube.ide.mcu.externaltools.gnu-tools-for-stm32.7-2018-q2-update.win32_1.0.0.201904181610/tools/bin/../lib/gcc/arm-none-eabi/7.3.1/../../../../arm-none-eabi/lib/thumb/v6-m\libnosys.a(sbrk.o)
                0x000000000800aab4                _sbrk
 *(.glue_7)
 .glue_7        0x000000000800aad4        0x0 linker stubs
 *(.glue_7t)
 .glue_7t       0x000000000800aad4        0x0 linker stubs
 *(.eh_frame)
 .eh_frame      0x000000000800aad4        0x0 c:/st/stm32cubeide_1.3.0/stm32cubeide/plugins/com.st.stm32cube.ide.mcu.externaltools.gnu-tools-for-stm32.7-2018-q2-update.win32_1.0.0.201904181610/tools/bin/../lib/gcc/arm-none-eabi/7.3.1/thumb/v6-m/crtbegin.o
 *(.init)
 .init          0x000000000800aad4        0x4 c:/st/stm32cubeide_1.3.0/stm32cubeide/plugins/com.st.stm32cube.ide.mcu.externaltools.gnu-tools-for-stm32.7-2018-q2-update.win32_1.0.0.201904181610/tools/bin/../lib/gcc/arm-none-eabi/7.3.1/thumb/v6-m/crti.o
                0x000000000800aad4                _init
 .init          0x000000000800aad8        0x8 c:/st/stm32cubeide_1.3.0/stm32cubeide/plugins/com.st.stm32cube.ide.mcu.externaltools.gnu-tools-for-stm32.7-2018-q2-update.win32_1.0.0.201904181610/tools/bin/../lib/gcc/arm-none-eabi/7.3.1/thumb/v6-m/crtn.o
 *(.fini)
 .fini          0x000000000800aae0        0x4 c:/st/stm32cubeide_1.3.0/stm32cubeide/plugins/com.st.stm32cube.ide.mcu.externaltools.gnu-tools-for-stm32.7-2018-q2-update.win32_1.0.0.201904181610/tools/bin/../lib/gcc/arm-none-eabi/7.3.1/thumb/v6-m/crti.o
                0x000000000800aae0                _fini
 .fini          0x000000000800aae4        0x8 c:/st/stm32cubeide_1.3.0/stm32cubeide/plugins/com.st.stm32cube.ide.mcu.externaltools.gnu-tools-for-stm32.7-2018-q2-update.win32_1.0.0.201904181610/tools/bin/../lib/gcc/arm-none-eabi/7.3.1/thumb/v6-m/crtn.o
                0x000000000800aaec                . = ALIGN (0x4)
                0x000000000800aaec                _etext = .

.vfp11_veneer   0x000000000800aaec        0x0
 .vfp11_veneer  0x000000000800aaec        0x0 linker stubs

.v4_bx          0x000000000800aaec        0x0
 .v4_bx         0x000000000800aaec        0x0 linker stubs

.iplt           0x000000000800aaec        0x0
 .iplt          0x000000000800aaec        0x0 c:/st/stm32cubeide_1.3.0/stm32cubeide/plugins/com.st.stm32cube.ide.mcu.externaltools.gnu-tools-for-stm32.7-2018-q2-update.win32_1.0.0.201904181610/tools/bin/../lib/gcc/arm-none-eabi/7.3.1/thumb/v6-m/crtbegin.o

.rodata         0x000000000800aaec      0x47c
                0x000000000800aaec                . = ALIGN (0x4)
 *(.rodata)
 .rodata        0x000000000800aaec       0x20 Drivers/STM32F0xx_HAL_Driver/Src/stm32f0xx_hal_rcc.o
 .rodata        0x000000000800ab0c       0x8f Middlewares/Third_Party/FatFs/src/ff.o
 *fill*         0x000000000800ab9b        0x1 
 .rodata        0x000000000800ab9c       0x38 SD/my_diskio.o
 .rodata        0x000000000800abd4      0x348 Src/main.o
 .rodata        0x000000000800af1c       0x18 Src/system_stm32f0xx.o
                0x000000000800af1c                AHBPrescTable
                0x000000000800af2c                APBPrescTable
 *(.rodata*)
 .rodata._svfprintf_r.str1.1
                0x000000000800af34       0x11 c:/st/stm32cubeide_1.3.0/stm32cubeide/plugins/com.st.stm32cube.ide.mcu.externaltools.gnu-tools-for-stm32.7-2018-q2-update.win32_1.0.0.201904181610/tools/bin/../lib/gcc/arm-none-eabi/7.3.1/../../../../arm-none-eabi/lib/thumb/v6-m\libc_nano.a(lib_a-nano-svfprintf.o)
 .rodata._printf_i.str1.1
                0x000000000800af45       0x22 c:/st/stm32cubeide_1.3.0/stm32cubeide/plugins/com.st.stm32cube.ide.mcu.externaltools.gnu-tools-for-stm32.7-2018-q2-update.win32_1.0.0.201904181610/tools/bin/../lib/gcc/arm-none-eabi/7.3.1/../../../../arm-none-eabi/lib/thumb/v6-m\libc_nano.a(lib_a-nano-vfprintf_i.o)
                0x000000000800af68                . = ALIGN (0x4)
 *fill*         0x000000000800af67        0x1 

.rel.dyn        0x000000000800af68        0x0
 .rel.iplt      0x000000000800af68        0x0 c:/st/stm32cubeide_1.3.0/stm32cubeide/plugins/com.st.stm32cube.ide.mcu.externaltools.gnu-tools-for-stm32.7-2018-q2-update.win32_1.0.0.201904181610/tools/bin/../lib/gcc/arm-none-eabi/7.3.1/thumb/v6-m/crtbegin.o

.ARM.extab      0x000000000800af68        0x0
                0x000000000800af68                . = ALIGN (0x4)
 *(.ARM.extab* .gnu.linkonce.armextab.*)
                0x000000000800af68                . = ALIGN (0x4)

.ARM            0x000000000800af68        0x0
                0x000000000800af68                . = ALIGN (0x4)
                0x000000000800af68                __exidx_start = .
 *(.ARM.exidx*)
                0x000000000800af68                __exidx_end = .
                0x000000000800af68                . = ALIGN (0x4)

.preinit_array  0x000000000800af68        0x0
                0x000000000800af68                . = ALIGN (0x4)
                0x000000000800af68                PROVIDE (__preinit_array_start = .)
 *(.preinit_array*)
                0x000000000800af68                PROVIDE (__preinit_array_end = .)
                0x000000000800af68                . = ALIGN (0x4)

.init_array     0x000000000800af68        0x4
                0x000000000800af68                . = ALIGN (0x4)
                0x000000000800af68                PROVIDE (__init_array_start = .)
 *(SORT_BY_NAME(.init_array.*))
 *(.init_array*)
 .init_array    0x000000000800af68        0x4 c:/st/stm32cubeide_1.3.0/stm32cubeide/plugins/com.st.stm32cube.ide.mcu.externaltools.gnu-tools-for-stm32.7-2018-q2-update.win32_1.0.0.201904181610/tools/bin/../lib/gcc/arm-none-eabi/7.3.1/thumb/v6-m/crtbegin.o
                0x000000000800af6c                PROVIDE (__init_array_end = .)
                0x000000000800af6c                . = ALIGN (0x4)

.fini_array     0x000000000800af6c        0x4
                0x000000000800af6c                . = ALIGN (0x4)
                [!provide]                        PROVIDE (__fini_array_start = .)
 *(SORT_BY_NAME(.fini_array.*))
 *(.fini_array*)
 .fini_array    0x000000000800af6c        0x4 c:/st/stm32cubeide_1.3.0/stm32cubeide/plugins/com.st.stm32cube.ide.mcu.externaltools.gnu-tools-for-stm32.7-2018-q2-update.win32_1.0.0.201904181610/tools/bin/../lib/gcc/arm-none-eabi/7.3.1/thumb/v6-m/crtbegin.o
                [!provide]                        PROVIDE (__fini_array_end = .)
                0x000000000800af70                . = ALIGN (0x4)
                0x000000000800af70                _sidata = LOADADDR (.data)

.data           0x0000000020000000       0xe0 load address 0x000000000800af70
                0x0000000020000000                . = ALIGN (0x4)
                0x0000000020000000                _sdata = .
 *(.data)
 .data          0x0000000020000000        0x5 Drivers/STM32F0xx_HAL_Driver/Src/stm32f0xx_hal.o
                0x0000000020000000                uwTickPrio
                0x0000000020000004                uwTickFreq
 .data          0x0000000020000005        0x1 SD/my_diskio.o
 *fill*         0x0000000020000006        0x2 
 .data          0x0000000020000008       0x58 Src/main.o
                0x0000000020000008                menu
                0x0000000020000009                previous_menu
                0x000000002000000a                slider_value
                0x000000002000000c                scroll_v_value
                0x000000002000000e                scroll_h_value
                0x0000000020000010                min
                0x0000000020000012                hour
                0x0000000020000014                bmp_folder
                0x0000000020000018                bmps
                0x000000002000002c                bmp_num
                0x0000000020000030                jpg_folder
                0x0000000020000034                jpgs
                0x0000000020000048                jpg_num
                0x000000002000004c                wav_folder
                0x0000000020000050                wavs
 .data          0x0000000020000060        0x4 Src/system_stm32f0xx.o
                0x0000000020000060                SystemCoreClock
 .data          0x0000000020000064       0x18 Src/user_diskio.o
                0x0000000020000068                USER_Driver
 *(.data*)
 .data._impure_ptr
                0x000000002000007c        0x4 c:/st/stm32cubeide_1.3.0/stm32cubeide/plugins/com.st.stm32cube.ide.mcu.externaltools.gnu-tools-for-stm32.7-2018-q2-update.win32_1.0.0.201904181610/tools/bin/../lib/gcc/arm-none-eabi/7.3.1/../../../../arm-none-eabi/lib/thumb/v6-m\libc_nano.a(lib_a-impure.o)
                0x000000002000007c                _impure_ptr
 .data.impure_data
                0x0000000020000080       0x60 c:/st/stm32cubeide_1.3.0/stm32cubeide/plugins/com.st.stm32cube.ide.mcu.externaltools.gnu-tools-for-stm32.7-2018-q2-update.win32_1.0.0.201904181610/tools/bin/../lib/gcc/arm-none-eabi/7.3.1/../../../../arm-none-eabi/lib/thumb/v6-m\libc_nano.a(lib_a-impure.o)
                0x00000000200000e0                . = ALIGN (0x4)
                0x00000000200000e0                _edata = .

.igot.plt       0x00000000200000e0        0x0 load address 0x000000000800b050
 .igot.plt      0x00000000200000e0        0x0 c:/st/stm32cubeide_1.3.0/stm32cubeide/plugins/com.st.stm32cube.ide.mcu.externaltools.gnu-tools-for-stm32.7-2018-q2-update.win32_1.0.0.201904181610/tools/bin/../lib/gcc/arm-none-eabi/7.3.1/thumb/v6-m/crtbegin.o
                0x00000000200000e0                . = ALIGN (0x4)

.bss            0x00000000200000e0     0x1268 load address 0x000000000800b050
                0x00000000200000e0                _sbss = .
                0x00000000200000e0                __bss_start__ = _sbss
 *(.bss)
 .bss           0x00000000200000e0       0x1c c:/st/stm32cubeide_1.3.0/stm32cubeide/plugins/com.st.stm32cube.ide.mcu.externaltools.gnu-tools-for-stm32.7-2018-q2-update.win32_1.0.0.201904181610/tools/bin/../lib/gcc/arm-none-eabi/7.3.1/thumb/v6-m/crtbegin.o
 .bss           0x00000000200000fc        0x2 FT800/FT800_Driver.o
                0x00000000200000fc                CMD_Offset
 *fill*         0x00000000200000fe        0x2 
 .bss           0x0000000020000100       0x20 Middlewares/Third_Party/FatFs/src/ff.o
 .bss           0x0000000020000120        0xc Middlewares/Third_Party/FatFs/src/ff_gen_drv.o
                0x0000000020000120                disk
 .bss           0x000000002000012c        0x2 SD/my_diskio.o
 *fill*         0x000000002000012e        0x2 
 .bss           0x0000000020000130      0x256 Src/main.o
                0x0000000020000130                myFAT
                0x0000000020000360                chipid
                0x0000000020000361                touched
                0x0000000020000362                dial_value
                0x0000000020000364                toggle_value
                0x0000000020000366                ms
                0x0000000020000368                sec
                0x000000002000036a                mute
                0x000000002000036c                path
                0x0000000020000380                scale_factor
                0x0000000020000382                rotate_factor
                0x0000000020000384                wav_num
                0x0000000020000385                new_file
 *(.bss*)
 *fill*         0x0000000020000386        0x2 
 .bss.__malloc_free_list
                0x0000000020000388        0x4 c:/st/stm32cubeide_1.3.0/stm32cubeide/plugins/com.st.stm32cube.ide.mcu.externaltools.gnu-tools-for-stm32.7-2018-q2-update.win32_1.0.0.201904181610/tools/bin/../lib/gcc/arm-none-eabi/7.3.1/../../../../arm-none-eabi/lib/thumb/v6-m\libc_nano.a(lib_a-nano-mallocr.o)
                0x0000000020000388                __malloc_free_list
 .bss.__malloc_sbrk_start
                0x000000002000038c        0x4 c:/st/stm32cubeide_1.3.0/stm32cubeide/plugins/com.st.stm32cube.ide.mcu.externaltools.gnu-tools-for-stm32.7-2018-q2-update.win32_1.0.0.201904181610/tools/bin/../lib/gcc/arm-none-eabi/7.3.1/../../../../arm-none-eabi/lib/thumb/v6-m\libc_nano.a(lib_a-nano-mallocr.o)
                0x000000002000038c                __malloc_sbrk_start
 .bss.heap_end.4102
                0x0000000020000390        0x4 c:/st/stm32cubeide_1.3.0/stm32cubeide/plugins/com.st.stm32cube.ide.mcu.externaltools.gnu-tools-for-stm32.7-2018-q2-update.win32_1.0.0.201904181610/tools/bin/../lib/gcc/arm-none-eabi/7.3.1/../../../../arm-none-eabi/lib/thumb/v6-m\libnosys.a(sbrk.o)
 *(COMMON)
 COMMON         0x0000000020000394        0x4 Drivers/STM32F0xx_HAL_Driver/Src/stm32f0xx_hal.o
                0x0000000020000394                uwTick
 COMMON         0x0000000020000398      0x800 FT800/FT800_SD.o
                0x0000000020000398                buff
 COMMON         0x0000000020000b98        0x4 SD/my_diskio.o
                0x0000000020000b98                Timer2
                0x0000000020000b9a                Timer1
 COMMON         0x0000000020000b9c      0x464 Src/fatfs.o
                0x0000000020000b9c                USERPath
                0x0000000020000ba0                retUSER
                0x0000000020000ba4                USERFile
                0x0000000020000dd0                USERFatFS
 COMMON         0x0000000020001000      0x344 Src/main.o
                0x0000000020001000                hspi2
                0x0000000020001064                myFile
                0x0000000020001290                key_value
                0x0000000020001292                tag
                0x0000000020001294                MYPath
                0x0000000020001298                wav_format
                0x000000002000129a                wav_bpc
                0x000000002000129c                img_bytes
                0x00000000200012a0                wallpaper
                0x00000000200012b4                img_height
                0x00000000200012b8                wallpaper_folder
                0x00000000200012cc                tag_value
                0x00000000200012ce                prev_key_value
                0x00000000200012d0                hspi1
                0x0000000020001334                wav_channels
                0x0000000020001336                res
                0x0000000020001338                wav_sample_rate
                0x000000002000133c                img_width
                0x0000000020001340                wav_size
 COMMON         0x0000000020001344        0x4 c:/st/stm32cubeide_1.3.0/stm32cubeide/plugins/com.st.stm32cube.ide.mcu.externaltools.gnu-tools-for-stm32.7-2018-q2-update.win32_1.0.0.201904181610/tools/bin/../lib/gcc/arm-none-eabi/7.3.1/../../../../arm-none-eabi/lib/thumb/v6-m\libc_nano.a(lib_a-reent.o)
                0x0000000020001344                errno
                0x0000000020001348                . = ALIGN (0x4)
                0x0000000020001348                _ebss = .
                0x0000000020001348                __bss_end__ = _ebss

._user_heap_stack
                0x0000000020001348      0x600 load address 0x000000000800b050
                0x0000000020001348                . = ALIGN (0x8)
                0x0000000020001348                PROVIDE (end = .)
                [!provide]                        PROVIDE (_end = .)
                0x0000000020001548                . = (. + _Min_Heap_Size)
 *fill*         0x0000000020001348      0x200 
                0x0000000020001948                . = (. + _Min_Stack_Size)
 *fill*         0x0000000020001548      0x400 
                0x0000000020001948                . = ALIGN (0x8)

/DISCARD/
 libc.a(*)
 libm.a(*)
 libgcc.a(*)

.ARM.attributes
                0x0000000000000000       0x28
 *(.ARM.attributes)
 .ARM.attributes
                0x0000000000000000       0x1e c:/st/stm32cubeide_1.3.0/stm32cubeide/plugins/com.st.stm32cube.ide.mcu.externaltools.gnu-tools-for-stm32.7-2018-q2-update.win32_1.0.0.201904181610/tools/bin/../lib/gcc/arm-none-eabi/7.3.1/thumb/v6-m/crti.o
 .ARM.attributes
                0x000000000000001e       0x2c c:/st/stm32cubeide_1.3.0/stm32cubeide/plugins/com.st.stm32cube.ide.mcu.externaltools.gnu-tools-for-stm32.7-2018-q2-update.win32_1.0.0.201904181610/tools/bin/../lib/gcc/arm-none-eabi/7.3.1/thumb/v6-m/crtbegin.o
 .ARM.attributes
                0x000000000000004a       0x31 Drivers/STM32F0xx_HAL_Driver/Src/stm32f0xx_hal.o
 .ARM.attributes
                0x000000000000007b       0x31 Drivers/STM32F0xx_HAL_Driver/Src/stm32f0xx_hal_cortex.o
 .ARM.attributes
                0x00000000000000ac       0x31 Drivers/STM32F0xx_HAL_Driver/Src/stm32f0xx_hal_gpio.o
 .ARM.attributes
                0x00000000000000dd       0x31 Drivers/STM32F0xx_HAL_Driver/Src/stm32f0xx_hal_rcc.o
 .ARM.attributes
                0x000000000000010e       0x31 Drivers/STM32F0xx_HAL_Driver/Src/stm32f0xx_hal_spi.o
 .ARM.attributes
                0x000000000000013f       0x31 FT800/FT800_Audio.o
 .ARM.attributes
                0x0000000000000170       0x31 FT800/FT800_Driver.o
 .ARM.attributes
                0x00000000000001a1       0x31 FT800/FT800_Graphics.o
 .ARM.attributes
                0x00000000000001d2       0x31 FT800/FT800_Port.o
 .ARM.attributes
                0x0000000000000203       0x31 FT800/FT800_SD.o
 .ARM.attributes
                0x0000000000000234       0x31 Middlewares/Third_Party/FatFs/src/diskio.o
 .ARM.attributes
                0x0000000000000265       0x31 Middlewares/Third_Party/FatFs/src/ff.o
 .ARM.attributes
                0x0000000000000296       0x31 Middlewares/Third_Party/FatFs/src/ff_gen_drv.o
 .ARM.attributes
                0x00000000000002c7       0x31 SD/my_diskio.o
 .ARM.attributes
                0x00000000000002f8       0x31 Src/fatfs.o
 .ARM.attributes
                0x0000000000000329       0x31 Src/main.o
 .ARM.attributes
                0x000000000000035a       0x31 Src/my_delays.o
 .ARM.attributes
                0x000000000000038b       0x31 Src/stm32f0xx_hal_msp.o
 .ARM.attributes
                0x00000000000003bc       0x31 Src/stm32f0xx_it.o
 .ARM.attributes
                0x00000000000003ed       0x31 Src/system_stm32f0xx.o
 .ARM.attributes
                0x000000000000041e       0x31 Src/user_diskio.o
 .ARM.attributes
                0x000000000000044f       0x21 Startup/startup_stm32f051r8tx.o
 .ARM.attributes
                0x0000000000000470       0x2c c:/st/stm32cubeide_1.3.0/stm32cubeide/plugins/com.st.stm32cube.ide.mcu.externaltools.gnu-tools-for-stm32.7-2018-q2-update.win32_1.0.0.201904181610/tools/bin/../lib/gcc/arm-none-eabi/7.3.1/../../../../arm-none-eabi/lib/thumb/v6-m\libc_nano.a(lib_a-impure.o)
 .ARM.attributes
                0x000000000000049c       0x2c c:/st/stm32cubeide_1.3.0/stm32cubeide/plugins/com.st.stm32cube.ide.mcu.externaltools.gnu-tools-for-stm32.7-2018-q2-update.win32_1.0.0.201904181610/tools/bin/../lib/gcc/arm-none-eabi/7.3.1/../../../../arm-none-eabi/lib/thumb/v6-m\libc_nano.a(lib_a-init.o)
 .ARM.attributes
                0x00000000000004c8       0x2c c:/st/stm32cubeide_1.3.0/stm32cubeide/plugins/com.st.stm32cube.ide.mcu.externaltools.gnu-tools-for-stm32.7-2018-q2-update.win32_1.0.0.201904181610/tools/bin/../lib/gcc/arm-none-eabi/7.3.1/../../../../arm-none-eabi/lib/thumb/v6-m\libc_nano.a(lib_a-memset.o)
 .ARM.attributes
                0x00000000000004f4       0x2c c:/st/stm32cubeide_1.3.0/stm32cubeide/plugins/com.st.stm32cube.ide.mcu.externaltools.gnu-tools-for-stm32.7-2018-q2-update.win32_1.0.0.201904181610/tools/bin/../lib/gcc/arm-none-eabi/7.3.1/../../../../arm-none-eabi/lib/thumb/v6-m\libc_nano.a(lib_a-sprintf.o)
 .ARM.attributes
                0x0000000000000520       0x1c c:/st/stm32cubeide_1.3.0/stm32cubeide/plugins/com.st.stm32cube.ide.mcu.externaltools.gnu-tools-for-stm32.7-2018-q2-update.win32_1.0.0.201904181610/tools/bin/../lib/gcc/arm-none-eabi/7.3.1/../../../../arm-none-eabi/lib/thumb/v6-m\libc_nano.a(lib_a-strcmp.o)
 .ARM.attributes
                0x000000000000053c       0x2c c:/st/stm32cubeide_1.3.0/stm32cubeide/plugins/com.st.stm32cube.ide.mcu.externaltools.gnu-tools-for-stm32.7-2018-q2-update.win32_1.0.0.201904181610/tools/bin/../lib/gcc/arm-none-eabi/7.3.1/../../../../arm-none-eabi/lib/thumb/v6-m\libc_nano.a(lib_a-strcpy.o)
 .ARM.attributes
                0x0000000000000568       0x1c c:/st/stm32cubeide_1.3.0/stm32cubeide/plugins/com.st.stm32cube.ide.mcu.externaltools.gnu-tools-for-stm32.7-2018-q2-update.win32_1.0.0.201904181610/tools/bin/../lib/gcc/arm-none-eabi/7.3.1/../../../../arm-none-eabi/lib/thumb/v6-m\libc_nano.a(lib_a-strlen.o)
 .ARM.attributes
                0x0000000000000584       0x2c c:/st/stm32cubeide_1.3.0/stm32cubeide/plugins/com.st.stm32cube.ide.mcu.externaltools.gnu-tools-for-stm32.7-2018-q2-update.win32_1.0.0.201904181610/tools/bin/../lib/gcc/arm-none-eabi/7.3.1/../../../../arm-none-eabi/lib/thumb/v6-m\libc_nano.a(lib_a-nano-svfprintf.o)
 .ARM.attributes
                0x00000000000005b0       0x2c c:/st/stm32cubeide_1.3.0/stm32cubeide/plugins/com.st.stm32cube.ide.mcu.externaltools.gnu-tools-for-stm32.7-2018-q2-update.win32_1.0.0.201904181610/tools/bin/../lib/gcc/arm-none-eabi/7.3.1/../../../../arm-none-eabi/lib/thumb/v6-m\libc_nano.a(lib_a-nano-vfprintf_i.o)
 .ARM.attributes
                0x00000000000005dc       0x2c c:/st/stm32cubeide_1.3.0/stm32cubeide/plugins/com.st.stm32cube.ide.mcu.externaltools.gnu-tools-for-stm32.7-2018-q2-update.win32_1.0.0.201904181610/tools/bin/../lib/gcc/arm-none-eabi/7.3.1/../../../../arm-none-eabi/lib/thumb/v6-m\libc_nano.a(lib_a-memchr-stub.o)
 .ARM.attributes
                0x0000000000000608       0x2c c:/st/stm32cubeide_1.3.0/stm32cubeide/plugins/com.st.stm32cube.ide.mcu.externaltools.gnu-tools-for-stm32.7-2018-q2-update.win32_1.0.0.201904181610/tools/bin/../lib/gcc/arm-none-eabi/7.3.1/../../../../arm-none-eabi/lib/thumb/v6-m\libc_nano.a(lib_a-memcpy-stub.o)
 .ARM.attributes
                0x0000000000000634       0x2c c:/st/stm32cubeide_1.3.0/stm32cubeide/plugins/com.st.stm32cube.ide.mcu.externaltools.gnu-tools-for-stm32.7-2018-q2-update.win32_1.0.0.201904181610/tools/bin/../lib/gcc/arm-none-eabi/7.3.1/../../../../arm-none-eabi/lib/thumb/v6-m\libc_nano.a(lib_a-memmove.o)
 .ARM.attributes
                0x0000000000000660       0x2c c:/st/stm32cubeide_1.3.0/stm32cubeide/plugins/com.st.stm32cube.ide.mcu.externaltools.gnu-tools-for-stm32.7-2018-q2-update.win32_1.0.0.201904181610/tools/bin/../lib/gcc/arm-none-eabi/7.3.1/../../../../arm-none-eabi/lib/thumb/v6-m\libc_nano.a(lib_a-nano-freer.o)
 .ARM.attributes
                0x000000000000068c       0x2c c:/st/stm32cubeide_1.3.0/stm32cubeide/plugins/com.st.stm32cube.ide.mcu.externaltools.gnu-tools-for-stm32.7-2018-q2-update.win32_1.0.0.201904181610/tools/bin/../lib/gcc/arm-none-eabi/7.3.1/../../../../arm-none-eabi/lib/thumb/v6-m\libc_nano.a(lib_a-nano-mallocr.o)
 .ARM.attributes
                0x00000000000006b8       0x2c c:/st/stm32cubeide_1.3.0/stm32cubeide/plugins/com.st.stm32cube.ide.mcu.externaltools.gnu-tools-for-stm32.7-2018-q2-update.win32_1.0.0.201904181610/tools/bin/../lib/gcc/arm-none-eabi/7.3.1/../../../../arm-none-eabi/lib/thumb/v6-m\libc_nano.a(lib_a-nano-reallocr.o)
 .ARM.attributes
                0x00000000000006e4       0x2c c:/st/stm32cubeide_1.3.0/stm32cubeide/plugins/com.st.stm32cube.ide.mcu.externaltools.gnu-tools-for-stm32.7-2018-q2-update.win32_1.0.0.201904181610/tools/bin/../lib/gcc/arm-none-eabi/7.3.1/../../../../arm-none-eabi/lib/thumb/v6-m\libc_nano.a(lib_a-sbrkr.o)
 .ARM.attributes
                0x0000000000000710       0x2c c:/st/stm32cubeide_1.3.0/stm32cubeide/plugins/com.st.stm32cube.ide.mcu.externaltools.gnu-tools-for-stm32.7-2018-q2-update.win32_1.0.0.201904181610/tools/bin/../lib/gcc/arm-none-eabi/7.3.1/../../../../arm-none-eabi/lib/thumb/v6-m\libc_nano.a(lib_a-mlock.o)
 .ARM.attributes
                0x000000000000073c       0x2c c:/st/stm32cubeide_1.3.0/stm32cubeide/plugins/com.st.stm32cube.ide.mcu.externaltools.gnu-tools-for-stm32.7-2018-q2-update.win32_1.0.0.201904181610/tools/bin/../lib/gcc/arm-none-eabi/7.3.1/../../../../arm-none-eabi/lib/thumb/v6-m\libc_nano.a(lib_a-nano-msizer.o)
 .ARM.attributes
                0x0000000000000768       0x2c c:/st/stm32cubeide_1.3.0/stm32cubeide/plugins/com.st.stm32cube.ide.mcu.externaltools.gnu-tools-for-stm32.7-2018-q2-update.win32_1.0.0.201904181610/tools/bin/../lib/gcc/arm-none-eabi/7.3.1/../../../../arm-none-eabi/lib/thumb/v6-m\libc_nano.a(lib_a-reent.o)
 .ARM.attributes
                0x0000000000000794       0x1e c:/st/stm32cubeide_1.3.0/stm32cubeide/plugins/com.st.stm32cube.ide.mcu.externaltools.gnu-tools-for-stm32.7-2018-q2-update.win32_1.0.0.201904181610/tools/bin/../lib/gcc/arm-none-eabi/7.3.1/thumb/v6-m\libgcc.a(_udivsi3.o)
 .ARM.attributes
                0x00000000000007b2       0x1e c:/st/stm32cubeide_1.3.0/stm32cubeide/plugins/com.st.stm32cube.ide.mcu.externaltools.gnu-tools-for-stm32.7-2018-q2-update.win32_1.0.0.201904181610/tools/bin/../lib/gcc/arm-none-eabi/7.3.1/thumb/v6-m\libgcc.a(_divsi3.o)
 .ARM.attributes
                0x00000000000007d0       0x1e c:/st/stm32cubeide_1.3.0/stm32cubeide/plugins/com.st.stm32cube.ide.mcu.externaltools.gnu-tools-for-stm32.7-2018-q2-update.win32_1.0.0.201904181610/tools/bin/../lib/gcc/arm-none-eabi/7.3.1/thumb/v6-m\libgcc.a(_dvmd_tls.o)
 .ARM.attributes
                0x00000000000007ee       0x2c c:/st/stm32cubeide_1.3.0/stm32cubeide/plugins/com.st.stm32cube.ide.mcu.externaltools.gnu-tools-for-stm32.7-2018-q2-update.win32_1.0.0.201904181610/tools/bin/../lib/gcc/arm-none-eabi/7.3.1/../../../../arm-none-eabi/lib/thumb/v6-m\libnosys.a(sbrk.o)
 .ARM.attributes
                0x000000000000081a       0x1e c:/st/stm32cubeide_1.3.0/stm32cubeide/plugins/com.st.stm32cube.ide.mcu.externaltools.gnu-tools-for-stm32.7-2018-q2-update.win32_1.0.0.201904181610/tools/bin/../lib/gcc/arm-none-eabi/7.3.1/thumb/v6-m/crtn.o
OUTPUT(FT800_MINI_M0.elf elf32-littlearm)

.debug_info     0x0000000000000000     0xc4a0
 .debug_info    0x0000000000000000      0x6a8 Drivers/STM32F0xx_HAL_Driver/Src/stm32f0xx_hal.o
 .debug_info    0x00000000000006a8      0x77a Drivers/STM32F0xx_HAL_Driver/Src/stm32f0xx_hal_cortex.o
 .debug_info    0x0000000000000e22      0x682 Drivers/STM32F0xx_HAL_Driver/Src/stm32f0xx_hal_gpio.o
 .debug_info    0x00000000000014a4      0x821 Drivers/STM32F0xx_HAL_Driver/Src/stm32f0xx_hal_rcc.o
 .debug_info    0x0000000000001cc5     0x166d Drivers/STM32F0xx_HAL_Driver/Src/stm32f0xx_hal_spi.o
 .debug_info    0x0000000000003332      0x2ce FT800/FT800_Audio.o
 .debug_info    0x0000000000003600      0x4bd FT800/FT800_Driver.o
 .debug_info    0x0000000000003abd     0x1b79 FT800/FT800_Graphics.o
 .debug_info    0x0000000000005636      0x27c FT800/FT800_Port.o
 .debug_info    0x00000000000058b2      0x7f8 FT800/FT800_SD.o
 .debug_info    0x00000000000060aa      0x49f Middlewares/Third_Party/FatFs/src/diskio.o
 .debug_info    0x0000000000006549     0x1787 Middlewares/Third_Party/FatFs/src/ff.o
 .debug_info    0x0000000000007cd0      0x43d Middlewares/Third_Party/FatFs/src/ff_gen_drv.o
 .debug_info    0x000000000000810d      0x7c8 SD/my_diskio.o
 .debug_info    0x00000000000088d5      0x572 Src/fatfs.o
 .debug_info    0x0000000000008e47     0x1ba3 Src/main.o
 .debug_info    0x000000000000a9ea      0x16d Src/my_delays.o
 .debug_info    0x000000000000ab57      0x8c6 Src/stm32f0xx_hal_msp.o
 .debug_info    0x000000000000b41d      0x1c9 Src/stm32f0xx_it.o
 .debug_info    0x000000000000b5e6      0x29e Src/system_stm32f0xx.o
 .debug_info    0x000000000000b884      0xbfa Src/user_diskio.o
 .debug_info    0x000000000000c47e       0x22 Startup/startup_stm32f051r8tx.o

.debug_abbrev   0x0000000000000000     0x24ac
 .debug_abbrev  0x0000000000000000      0x1f2 Drivers/STM32F0xx_HAL_Driver/Src/stm32f0xx_hal.o
 .debug_abbrev  0x00000000000001f2      0x273 Drivers/STM32F0xx_HAL_Driver/Src/stm32f0xx_hal_cortex.o
 .debug_abbrev  0x0000000000000465      0x1c0 Drivers/STM32F0xx_HAL_Driver/Src/stm32f0xx_hal_gpio.o
 .debug_abbrev  0x0000000000000625      0x20f Drivers/STM32F0xx_HAL_Driver/Src/stm32f0xx_hal_rcc.o
 .debug_abbrev  0x0000000000000834      0x228 Drivers/STM32F0xx_HAL_Driver/Src/stm32f0xx_hal_spi.o
 .debug_abbrev  0x0000000000000a5c       0xf1 FT800/FT800_Audio.o
 .debug_abbrev  0x0000000000000b4d      0x1af FT800/FT800_Driver.o
 .debug_abbrev  0x0000000000000cfc      0x29a FT800/FT800_Graphics.o
 .debug_abbrev  0x0000000000000f96      0x145 FT800/FT800_Port.o
 .debug_abbrev  0x00000000000010db      0x1aa FT800/FT800_SD.o
 .debug_abbrev  0x0000000000001285      0x16f Middlewares/Third_Party/FatFs/src/diskio.o
 .debug_abbrev  0x00000000000013f4      0x214 Middlewares/Third_Party/FatFs/src/ff.o
 .debug_abbrev  0x0000000000001608      0x19c Middlewares/Third_Party/FatFs/src/ff_gen_drv.o
 .debug_abbrev  0x00000000000017a4      0x23e SD/my_diskio.o
 .debug_abbrev  0x00000000000019e2      0x17d Src/fatfs.o
 .debug_abbrev  0x0000000000001b5f      0x310 Src/main.o
 .debug_abbrev  0x0000000000001e6f       0xbd Src/my_delays.o
 .debug_abbrev  0x0000000000001f2c      0x18c Src/stm32f0xx_hal_msp.o
 .debug_abbrev  0x00000000000020b8       0xc6 Src/stm32f0xx_it.o
 .debug_abbrev  0x000000000000217e      0x12b Src/system_stm32f0xx.o
 .debug_abbrev  0x00000000000022a9      0x1f1 Src/user_diskio.o
 .debug_abbrev  0x000000000000249a       0x12 Startup/startup_stm32f051r8tx.o

.debug_aranges  0x0000000000000000      0xc20
 .debug_aranges
                0x0000000000000000       0xd0 Drivers/STM32F0xx_HAL_Driver/Src/stm32f0xx_hal.o
 .debug_aranges
                0x00000000000000d0       0xc0 Drivers/STM32F0xx_HAL_Driver/Src/stm32f0xx_hal_cortex.o
 .debug_aranges
                0x0000000000000190       0x58 Drivers/STM32F0xx_HAL_Driver/Src/stm32f0xx_hal_gpio.o
 .debug_aranges
                0x00000000000001e8       0x80 Drivers/STM32F0xx_HAL_Driver/Src/stm32f0xx_hal_rcc.o
 .debug_aranges
                0x0000000000000268      0x1d8 Drivers/STM32F0xx_HAL_Driver/Src/stm32f0xx_hal_spi.o
 .debug_aranges
                0x0000000000000440       0x60 FT800/FT800_Audio.o
 .debug_aranges
                0x00000000000004a0       0xa8 FT800/FT800_Driver.o
 .debug_aranges
                0x0000000000000548      0x218 FT800/FT800_Graphics.o
 .debug_aranges
                0x0000000000000760       0x48 FT800/FT800_Port.o
 .debug_aranges
                0x00000000000007a8       0x30 FT800/FT800_SD.o
 .debug_aranges
                0x00000000000007d8       0x48 Middlewares/Third_Party/FatFs/src/diskio.o
 .debug_aranges
                0x0000000000000820      0x170 Middlewares/Third_Party/FatFs/src/ff.o
 .debug_aranges
                0x0000000000000990       0x40 Middlewares/Third_Party/FatFs/src/ff_gen_drv.o
 .debug_aranges
                0x00000000000009d0       0xa8 SD/my_diskio.o
 .debug_aranges
                0x0000000000000a78       0x28 Src/fatfs.o
 .debug_aranges
                0x0000000000000aa0       0x58 Src/main.o
 .debug_aranges
                0x0000000000000af8       0x20 Src/my_delays.o
 .debug_aranges
                0x0000000000000b18       0x30 Src/stm32f0xx_hal_msp.o
 .debug_aranges
                0x0000000000000b48       0x48 Src/stm32f0xx_it.o
 .debug_aranges
                0x0000000000000b90       0x28 Src/system_stm32f0xx.o
 .debug_aranges
                0x0000000000000bb8       0x40 Src/user_diskio.o
 .debug_aranges
                0x0000000000000bf8       0x28 Startup/startup_stm32f051r8tx.o

.debug_ranges   0x0000000000000000      0xac8
 .debug_ranges  0x0000000000000000       0xc0 Drivers/STM32F0xx_HAL_Driver/Src/stm32f0xx_hal.o
 .debug_ranges  0x00000000000000c0       0xb0 Drivers/STM32F0xx_HAL_Driver/Src/stm32f0xx_hal_cortex.o
 .debug_ranges  0x0000000000000170       0x48 Drivers/STM32F0xx_HAL_Driver/Src/stm32f0xx_hal_gpio.o
 .debug_ranges  0x00000000000001b8       0x70 Drivers/STM32F0xx_HAL_Driver/Src/stm32f0xx_hal_rcc.o
 .debug_ranges  0x0000000000000228      0x1c8 Drivers/STM32F0xx_HAL_Driver/Src/stm32f0xx_hal_spi.o
 .debug_ranges  0x00000000000003f0       0x50 FT800/FT800_Audio.o
 .debug_ranges  0x0000000000000440       0x98 FT800/FT800_Driver.o
 .debug_ranges  0x00000000000004d8      0x208 FT800/FT800_Graphics.o
 .debug_ranges  0x00000000000006e0       0x38 FT800/FT800_Port.o
 .debug_ranges  0x0000000000000718       0x20 FT800/FT800_SD.o
 .debug_ranges  0x0000000000000738       0x38 Middlewares/Third_Party/FatFs/src/diskio.o
 .debug_ranges  0x0000000000000770      0x160 Middlewares/Third_Party/FatFs/src/ff.o
 .debug_ranges  0x00000000000008d0       0x30 Middlewares/Third_Party/FatFs/src/ff_gen_drv.o
 .debug_ranges  0x0000000000000900       0x98 SD/my_diskio.o
 .debug_ranges  0x0000000000000998       0x18 Src/fatfs.o
 .debug_ranges  0x00000000000009b0       0x48 Src/main.o
 .debug_ranges  0x00000000000009f8       0x10 Src/my_delays.o
 .debug_ranges  0x0000000000000a08       0x20 Src/stm32f0xx_hal_msp.o
 .debug_ranges  0x0000000000000a28       0x38 Src/stm32f0xx_it.o
 .debug_ranges  0x0000000000000a60       0x18 Src/system_stm32f0xx.o
 .debug_ranges  0x0000000000000a78       0x30 Src/user_diskio.o
 .debug_ranges  0x0000000000000aa8       0x20 Startup/startup_stm32f051r8tx.o

.debug_macro    0x0000000000000000    0x13c3b
 .debug_macro   0x0000000000000000      0x1d3 Drivers/STM32F0xx_HAL_Driver/Src/stm32f0xx_hal.o
 .debug_macro   0x00000000000001d3      0xa48 Drivers/STM32F0xx_HAL_Driver/Src/stm32f0xx_hal.o
 .debug_macro   0x0000000000000c1b      0x12d Drivers/STM32F0xx_HAL_Driver/Src/stm32f0xx_hal.o
 .debug_macro   0x0000000000000d48       0x2e Drivers/STM32F0xx_HAL_Driver/Src/stm32f0xx_hal.o
 .debug_macro   0x0000000000000d76       0x22 Drivers/STM32F0xx_HAL_Driver/Src/stm32f0xx_hal.o
 .debug_macro   0x0000000000000d98       0x22 Drivers/STM32F0xx_HAL_Driver/Src/stm32f0xx_hal.o
 .debug_macro   0x0000000000000dba       0x8e Drivers/STM32F0xx_HAL_Driver/Src/stm32f0xx_hal.o
 .debug_macro   0x0000000000000e48       0x51 Drivers/STM32F0xx_HAL_Driver/Src/stm32f0xx_hal.o
 .debug_macro   0x0000000000000e99       0xef Drivers/STM32F0xx_HAL_Driver/Src/stm32f0xx_hal.o
 .debug_macro   0x0000000000000f88       0x6a Drivers/STM32F0xx_HAL_Driver/Src/stm32f0xx_hal.o
 .debug_macro   0x0000000000000ff2      0x1df Drivers/STM32F0xx_HAL_Driver/Src/stm32f0xx_hal.o
 .debug_macro   0x00000000000011d1       0x1c Drivers/STM32F0xx_HAL_Driver/Src/stm32f0xx_hal.o
 .debug_macro   0x00000000000011ed       0x22 Drivers/STM32F0xx_HAL_Driver/Src/stm32f0xx_hal.o
 .debug_macro   0x000000000000120f       0xb5 Drivers/STM32F0xx_HAL_Driver/Src/stm32f0xx_hal.o
 .debug_macro   0x00000000000012c4      0x391 Drivers/STM32F0xx_HAL_Driver/Src/stm32f0xx_hal.o
 .debug_macro   0x0000000000001655     0x8ce4 Drivers/STM32F0xx_HAL_Driver/Src/stm32f0xx_hal.o
 .debug_macro   0x000000000000a339       0x66 Drivers/STM32F0xx_HAL_Driver/Src/stm32f0xx_hal.o
 .debug_macro   0x000000000000a39f     0x34a6 Drivers/STM32F0xx_HAL_Driver/Src/stm32f0xx_hal.o
 .debug_macro   0x000000000000d845      0x174 Drivers/STM32F0xx_HAL_Driver/Src/stm32f0xx_hal.o
 .debug_macro   0x000000000000d9b9       0x55 Drivers/STM32F0xx_HAL_Driver/Src/stm32f0xx_hal.o
 .debug_macro   0x000000000000da0e      0x924 Drivers/STM32F0xx_HAL_Driver/Src/stm32f0xx_hal.o
 .debug_macro   0x000000000000e332      0x251 Drivers/STM32F0xx_HAL_Driver/Src/stm32f0xx_hal.o
 .debug_macro   0x000000000000e583      0x1af Drivers/STM32F0xx_HAL_Driver/Src/stm32f0xx_hal.o
 .debug_macro   0x000000000000e732      0x114 Drivers/STM32F0xx_HAL_Driver/Src/stm32f0xx_hal.o
 .debug_macro   0x000000000000e846      0x1a0 Drivers/STM32F0xx_HAL_Driver/Src/stm32f0xx_hal.o
 .debug_macro   0x000000000000e9e6      0x1ed Drivers/STM32F0xx_HAL_Driver/Src/stm32f0xx_hal.o
 .debug_macro   0x000000000000ebd3       0x34 Drivers/STM32F0xx_HAL_Driver/Src/stm32f0xx_hal.o
 .debug_macro   0x000000000000ec07       0x43 Drivers/STM32F0xx_HAL_Driver/Src/stm32f0xx_hal.o
 .debug_macro   0x000000000000ec4a       0x28 Drivers/STM32F0xx_HAL_Driver/Src/stm32f0xx_hal.o
 .debug_macro   0x000000000000ec72       0xb0 Drivers/STM32F0xx_HAL_Driver/Src/stm32f0xx_hal.o
 .debug_macro   0x000000000000ed22      0x199 Drivers/STM32F0xx_HAL_Driver/Src/stm32f0xx_hal.o
 .debug_macro   0x000000000000eebb      0x22c Drivers/STM32F0xx_HAL_Driver/Src/stm32f0xx_hal.o
 .debug_macro   0x000000000000f0e7       0x61 Drivers/STM32F0xx_HAL_Driver/Src/stm32f0xx_hal.o
 .debug_macro   0x000000000000f148       0xa5 Drivers/STM32F0xx_HAL_Driver/Src/stm32f0xx_hal.o
 .debug_macro   0x000000000000f1ed       0x4c Drivers/STM32F0xx_HAL_Driver/Src/stm32f0xx_hal.o
 .debug_macro   0x000000000000f239      0x112 Drivers/STM32F0xx_HAL_Driver/Src/stm32f0xx_hal.o
 .debug_macro   0x000000000000f34b      0x2fe Drivers/STM32F0xx_HAL_Driver/Src/stm32f0xx_hal.o
 .debug_macro   0x000000000000f649      0x114 Drivers/STM32F0xx_HAL_Driver/Src/stm32f0xx_hal.o
 .debug_macro   0x000000000000f75d      0x1af Drivers/STM32F0xx_HAL_Driver/Src/stm32f0xx_hal_cortex.o
 .debug_macro   0x000000000000f90c      0x1b6 Drivers/STM32F0xx_HAL_Driver/Src/stm32f0xx_hal_gpio.o
 .debug_macro   0x000000000000fac2      0x1c1 Drivers/STM32F0xx_HAL_Driver/Src/stm32f0xx_hal_rcc.o
 .debug_macro   0x000000000000fc83      0x1b7 Drivers/STM32F0xx_HAL_Driver/Src/stm32f0xx_hal_spi.o
 .debug_macro   0x000000000000fe3a      0x204 FT800/FT800_Audio.o
 .debug_macro   0x000000000001003e       0x34 FT800/FT800_Audio.o
 .debug_macro   0x0000000000010072       0x46 FT800/FT800_Audio.o
 .debug_macro   0x00000000000100b8       0x9a FT800/FT800_Audio.o
 .debug_macro   0x0000000000010152      0x403 FT800/FT800_Audio.o
 .debug_macro   0x0000000000010555       0x1c FT800/FT800_Audio.o
 .debug_macro   0x0000000000010571      0x1f5 FT800/FT800_Driver.o
 .debug_macro   0x0000000000010766      0x2c5 FT800/FT800_Graphics.o
 .debug_macro   0x0000000000010a2b      0x166 FT800/FT800_Graphics.o
 .debug_macro   0x0000000000010b91       0x46 FT800/FT800_Graphics.o
 .debug_macro   0x0000000000010bd7       0x18 FT800/FT800_Graphics.o
 .debug_macro   0x0000000000010bef       0x3c FT800/FT800_Graphics.o
 .debug_macro   0x0000000000010c2b       0x34 FT800/FT800_Graphics.o
 .debug_macro   0x0000000000010c5f       0x52 FT800/FT800_Graphics.o
 .debug_macro   0x0000000000010cb1       0x1f FT800/FT800_Graphics.o
 .debug_macro   0x0000000000010cd0       0x43 FT800/FT800_Graphics.o
 .debug_macro   0x0000000000010d13       0x20 FT800/FT800_Graphics.o
 .debug_macro   0x0000000000010d33      0x1a3 FT800/FT800_Graphics.o
 .debug_macro   0x0000000000010ed6      0x32a FT800/FT800_Graphics.o
 .debug_macro   0x0000000000011200       0x10 FT800/FT800_Graphics.o
 .debug_macro   0x0000000000011210       0x35 FT800/FT800_Graphics.o
 .debug_macro   0x0000000000011245       0x20 FT800/FT800_Graphics.o
 .debug_macro   0x0000000000011265      0x1cd FT800/FT800_Port.o
 .debug_macro   0x0000000000011432      0x2cd FT800/FT800_SD.o
 .debug_macro   0x00000000000116ff       0xd8 FT800/FT800_SD.o
 .debug_macro   0x00000000000117d7       0xf5 FT800/FT800_SD.o
 .debug_macro   0x00000000000118cc       0x3a FT800/FT800_SD.o
 .debug_macro   0x0000000000011906       0x22 FT800/FT800_SD.o
 .debug_macro   0x0000000000011928      0x16c FT800/FT800_SD.o
 .debug_macro   0x0000000000011a94      0x1f9 Middlewares/Third_Party/FatFs/src/diskio.o
 .debug_macro   0x0000000000011c8d       0x16 Middlewares/Third_Party/FatFs/src/diskio.o
 .debug_macro   0x0000000000011ca3       0x7c Middlewares/Third_Party/FatFs/src/diskio.o
 .debug_macro   0x0000000000011d1f      0x428 Middlewares/Third_Party/FatFs/src/ff.o
 .debug_macro   0x0000000000012147       0x8e Middlewares/Third_Party/FatFs/src/ff.o
 .debug_macro   0x00000000000121d5      0x1f9 Middlewares/Third_Party/FatFs/src/ff_gen_drv.o
 .debug_macro   0x00000000000123ce      0x1f5 SD/my_diskio.o
 .debug_macro   0x00000000000125c3       0x7c SD/my_diskio.o
 .debug_macro   0x000000000001263f       0x34 SD/my_diskio.o
 .debug_macro   0x0000000000012673      0x20c Src/fatfs.o
 .debug_macro   0x000000000001287f      0x4d8 Src/main.o
 .debug_macro   0x0000000000012d57       0x1c Src/main.o
 .debug_macro   0x0000000000012d73       0x10 Src/main.o
 .debug_macro   0x0000000000012d83       0x10 Src/main.o
 .debug_macro   0x0000000000012d93       0x1c Src/main.o
 .debug_macro   0x0000000000012daf       0x52 Src/main.o
 .debug_macro   0x0000000000012e01       0x40 Src/main.o
 .debug_macro   0x0000000000012e41       0x10 Src/main.o
 .debug_macro   0x0000000000012e51       0x40 Src/main.o
 .debug_macro   0x0000000000012e91       0xd7 Src/main.o
 .debug_macro   0x0000000000012f68       0x1c Src/main.o
 .debug_macro   0x0000000000012f84       0x3d Src/main.o
 .debug_macro   0x0000000000012fc1       0x16 Src/main.o
 .debug_macro   0x0000000000012fd7      0x145 Src/main.o
 .debug_macro   0x000000000001311c       0xa0 Src/main.o
 .debug_macro   0x00000000000131bc       0xd0 Src/main.o
 .debug_macro   0x000000000001328c      0x1b9 Src/my_delays.o
 .debug_macro   0x0000000000013445      0x1b9 Src/stm32f0xx_hal_msp.o
 .debug_macro   0x00000000000135fe      0x1c3 Src/stm32f0xx_it.o
 .debug_macro   0x00000000000137c1      0x1af Src/system_stm32f0xx.o
 .debug_macro   0x0000000000013970      0x2cb Src/user_diskio.o

.debug_line     0x0000000000000000     0xc655
 .debug_line    0x0000000000000000      0x85b Drivers/STM32F0xx_HAL_Driver/Src/stm32f0xx_hal.o
 .debug_line    0x000000000000085b      0x873 Drivers/STM32F0xx_HAL_Driver/Src/stm32f0xx_hal_cortex.o
 .debug_line    0x00000000000010ce      0x810 Drivers/STM32F0xx_HAL_Driver/Src/stm32f0xx_hal_gpio.o
 .debug_line    0x00000000000018de      0x91c Drivers/STM32F0xx_HAL_Driver/Src/stm32f0xx_hal_rcc.o
 .debug_line    0x00000000000021fa     0x113c Drivers/STM32F0xx_HAL_Driver/Src/stm32f0xx_hal_spi.o
 .debug_line    0x0000000000003336      0x785 FT800/FT800_Audio.o
 .debug_line    0x0000000000003abb      0x893 FT800/FT800_Driver.o
 .debug_line    0x000000000000434e      0xe7a FT800/FT800_Graphics.o
 .debug_line    0x00000000000051c8      0x718 FT800/FT800_Port.o
 .debug_line    0x00000000000058e0      0x8aa FT800/FT800_SD.o
 .debug_line    0x000000000000618a      0x755 Middlewares/Third_Party/FatFs/src/diskio.o
 .debug_line    0x00000000000068df     0x12b0 Middlewares/Third_Party/FatFs/src/ff.o
 .debug_line    0x0000000000007b8f      0x74f Middlewares/Third_Party/FatFs/src/ff_gen_drv.o
 .debug_line    0x00000000000082de      0xaad SD/my_diskio.o
 .debug_line    0x0000000000008d8b      0x721 Src/fatfs.o
 .debug_line    0x00000000000094ac      0xd3b Src/main.o
 .debug_line    0x000000000000a1e7      0x699 Src/my_delays.o
 .debug_line    0x000000000000a880      0x6e5 Src/stm32f0xx_hal_msp.o
 .debug_line    0x000000000000af65      0x706 Src/stm32f0xx_it.o
 .debug_line    0x000000000000b66b      0x6ba Src/system_stm32f0xx.o
 .debug_line    0x000000000000bd25      0x8ac Src/user_diskio.o
 .debug_line    0x000000000000c5d1       0x84 Startup/startup_stm32f051r8tx.o

.debug_str      0x0000000000000000    0x6aa82
 .debug_str     0x0000000000000000    0x6144c Drivers/STM32F0xx_HAL_Driver/Src/stm32f0xx_hal.o
                                      0x61817 (size before relaxing)
 .debug_str     0x000000000006144c      0x204 Drivers/STM32F0xx_HAL_Driver/Src/stm32f0xx_hal_cortex.o
                                      0x616cb (size before relaxing)
 .debug_str     0x0000000000061650      0x1dc Drivers/STM32F0xx_HAL_Driver/Src/stm32f0xx_hal_gpio.o
                                      0x614b8 (size before relaxing)
 .debug_str     0x000000000006182c      0x353 Drivers/STM32F0xx_HAL_Driver/Src/stm32f0xx_hal_rcc.o
                                      0x616e3 (size before relaxing)
 .debug_str     0x0000000000061b7f      0x928 Drivers/STM32F0xx_HAL_Driver/Src/stm32f0xx_hal_spi.o
                                      0x61c29 (size before relaxing)
 .debug_str     0x00000000000624a7     0x1551 FT800/FT800_Audio.o
                                      0x627c0 (size before relaxing)
 .debug_str     0x00000000000639f8      0x16a FT800/FT800_Driver.o
                                      0x62837 (size before relaxing)
 .debug_str     0x0000000000063b62     0x3894 FT800/FT800_Graphics.o
                                      0x65ff6 (size before relaxing)
 .debug_str     0x00000000000673f6       0x62 FT800/FT800_Port.o
                                      0x6150f (size before relaxing)
 .debug_str     0x0000000000067458      0x922 FT800/FT800_SD.o
                                      0x63425 (size before relaxing)
 .debug_str     0x0000000000067d7a      0x22d Middlewares/Third_Party/FatFs/src/diskio.o
                                      0x61ab6 (size before relaxing)
 .debug_str     0x0000000000067fa7      0xb4d Middlewares/Third_Party/FatFs/src/ff.o
                                      0x62641 (size before relaxing)
 .debug_str     0x0000000000068af4       0xa2 Middlewares/Third_Party/FatFs/src/ff_gen_drv.o
                                      0x61b07 (size before relaxing)
 .debug_str     0x0000000000068b96      0x3dd SD/my_diskio.o
                                      0x61862 (size before relaxing)
 .debug_str     0x0000000000068f73       0x69 Src/fatfs.o
                                      0x61b73 (size before relaxing)
 .debug_str     0x0000000000068fdc     0x18f5 Src/main.o
                                      0x68565 (size before relaxing)
 .debug_str     0x000000000006a8d1       0x22 Src/my_delays.o
                                      0x61256 (size before relaxing)
 .debug_str     0x000000000006a8f3       0x1b Src/stm32f0xx_hal_msp.o
                                      0x61723 (size before relaxing)
 .debug_str     0x000000000006a90e       0x85 Src/stm32f0xx_it.o
                                      0x612ca (size before relaxing)
 .debug_str     0x000000000006a993       0x5a Src/system_stm32f0xx.o
                                      0x612d4 (size before relaxing)
 .debug_str     0x000000000006a9ed       0x64 Src/user_diskio.o
                                      0x64b62 (size before relaxing)
 .debug_str     0x000000000006aa51       0x31 Startup/startup_stm32f051r8tx.o
                                         0x6f (size before relaxing)

.comment        0x0000000000000000       0x7b
 .comment       0x0000000000000000       0x7b Drivers/STM32F0xx_HAL_Driver/Src/stm32f0xx_hal.o
                                         0x7c (size before relaxing)
 .comment       0x000000000000007b       0x7c Drivers/STM32F0xx_HAL_Driver/Src/stm32f0xx_hal_cortex.o
 .comment       0x000000000000007b       0x7c Drivers/STM32F0xx_HAL_Driver/Src/stm32f0xx_hal_gpio.o
 .comment       0x000000000000007b       0x7c Drivers/STM32F0xx_HAL_Driver/Src/stm32f0xx_hal_rcc.o
 .comment       0x000000000000007b       0x7c Drivers/STM32F0xx_HAL_Driver/Src/stm32f0xx_hal_spi.o
 .comment       0x000000000000007b       0x7c FT800/FT800_Audio.o
 .comment       0x000000000000007b       0x7c FT800/FT800_Driver.o
 .comment       0x000000000000007b       0x7c FT800/FT800_Graphics.o
 .comment       0x000000000000007b       0x7c FT800/FT800_Port.o
 .comment       0x000000000000007b       0x7c FT800/FT800_SD.o
 .comment       0x000000000000007b       0x7c Middlewares/Third_Party/FatFs/src/diskio.o
 .comment       0x000000000000007b       0x7c Middlewares/Third_Party/FatFs/src/ff.o
 .comment       0x000000000000007b       0x7c Middlewares/Third_Party/FatFs/src/ff_gen_drv.o
 .comment       0x000000000000007b       0x7c SD/my_diskio.o
 .comment       0x000000000000007b       0x7c Src/fatfs.o
 .comment       0x000000000000007b       0x7c Src/main.o
 .comment       0x000000000000007b       0x7c Src/my_delays.o
 .comment       0x000000000000007b       0x7c Src/stm32f0xx_hal_msp.o
 .comment       0x000000000000007b       0x7c Src/stm32f0xx_it.o
 .comment       0x000000000000007b       0x7c Src/system_stm32f0xx.o
 .comment       0x000000000000007b       0x7c Src/user_diskio.o

.debug_frame    0x0000000000000000     0x2cc0
 .debug_frame   0x0000000000000000      0x2a4 Drivers/STM32F0xx_HAL_Driver/Src/stm32f0xx_hal.o
 .debug_frame   0x00000000000002a4      0x2a0 Drivers/STM32F0xx_HAL_Driver/Src/stm32f0xx_hal_cortex.o