Archive member included to satisfy reference by file (symbol)

c:/st/stm32cubeide_1.3.0/stm32cubeide/plugins/com.st.stm32cube.ide.mcu.externaltools.gnu-tools-for-stm32.7-2018-q2-update.win32_1.0.0.201904181610/tools/bin/../lib/gcc/arm-none-eabi/7.3.1/../../../../arm-none-eabi/lib/thumb/v7e-m/fpv4-sp/hard\libc_nano.a(lib_a-exit.o)
                              c:/st/stm32cubeide_1.3.0/stm32cubeide/plugins/com.st.stm32cube.ide.mcu.externaltools.gnu-tools-for-stm32.7-2018-q2-update.win32_1.0.0.201904181610/tools/bin/../lib/gcc/arm-none-eabi/7.3.1/../../../../arm-none-eabi/lib/thumb/v7e-m/fpv4-sp/hard/crt0.o (exit)
c:/st/stm32cubeide_1.3.0/stm32cubeide/plugins/com.st.stm32cube.ide.mcu.externaltools.gnu-tools-for-stm32.7-2018-q2-update.win32_1.0.0.201904181610/tools/bin/../lib/gcc/arm-none-eabi/7.3.1/../../../../arm-none-eabi/lib/thumb/v7e-m/fpv4-sp/hard\libc_nano.a(lib_a-impure.o)
                              c:/st/stm32cubeide_1.3.0/stm32cubeide/plugins/com.st.stm32cube.ide.mcu.externaltools.gnu-tools-for-stm32.7-2018-q2-update.win32_1.0.0.201904181610/tools/bin/../lib/gcc/arm-none-eabi/7.3.1/../../../../arm-none-eabi/lib/thumb/v7e-m/fpv4-sp/hard\libc_nano.a(lib_a-exit.o) (_global_impure_ptr)
c:/st/stm32cubeide_1.3.0/stm32cubeide/plugins/com.st.stm32cube.ide.mcu.externaltools.gnu-tools-for-stm32.7-2018-q2-update.win32_1.0.0.201904181610/tools/bin/../lib/gcc/arm-none-eabi/7.3.1/../../../../arm-none-eabi/lib/thumb/v7e-m/fpv4-sp/hard\libc_nano.a(lib_a-init.o)
                              c:/st/stm32cubeide_1.3.0/stm32cubeide/plugins/com.st.stm32cube.ide.mcu.externaltools.gnu-tools-for-stm32.7-2018-q2-update.win32_1.0.0.201904181610/tools/bin/../lib/gcc/arm-none-eabi/7.3.1/../../../../arm-none-eabi/lib/thumb/v7e-m/fpv4-sp/hard/crt0.o (__libc_init_array)
c:/st/stm32cubeide_1.3.0/stm32cubeide/plugins/com.st.stm32cube.ide.mcu.externaltools.gnu-tools-for-stm32.7-2018-q2-update.win32_1.0.0.201904181610/tools/bin/../lib/gcc/arm-none-eabi/7.3.1/../../../../arm-none-eabi/lib/thumb/v7e-m/fpv4-sp/hard\libc_nano.a(lib_a-memset.o)
                              c:/st/stm32cubeide_1.3.0/stm32cubeide/plugins/com.st.stm32cube.ide.mcu.externaltools.gnu-tools-for-stm32.7-2018-q2-update.win32_1.0.0.201904181610/tools/bin/../lib/gcc/arm-none-eabi/7.3.1/../../../../arm-none-eabi/lib/thumb/v7e-m/fpv4-sp/hard/crt0.o (memset)
c:/st/stm32cubeide_1.3.0/stm32cubeide/plugins/com.st.stm32cube.ide.mcu.externaltools.gnu-tools-for-stm32.7-2018-q2-update.win32_1.0.0.201904181610/tools/bin/../lib/gcc/arm-none-eabi/7.3.1/../../../../arm-none-eabi/lib/thumb/v7e-m/fpv4-sp/hard\libc_nano.a(lib_a-sprintf.o)
                              Src/main.o (sprintf)
c:/st/stm32cubeide_1.3.0/stm32cubeide/plugins/com.st.stm32cube.ide.mcu.externaltools.gnu-tools-for-stm32.7-2018-q2-update.win32_1.0.0.201904181610/tools/bin/../lib/gcc/arm-none-eabi/7.3.1/../../../../arm-none-eabi/lib/thumb/v7e-m/fpv4-sp/hard\libc_nano.a(lib_a-strcmp.o)
                              Src/main.o (strcmp)
c:/st/stm32cubeide_1.3.0/stm32cubeide/plugins/com.st.stm32cube.ide.mcu.externaltools.gnu-tools-for-stm32.7-2018-q2-update.win32_1.0.0.201904181610/tools/bin/../lib/gcc/arm-none-eabi/7.3.1/../../../../arm-none-eabi/lib/thumb/v7e-m/fpv4-sp/hard\libc_nano.a(lib_a-strcpy.o)
                              Src/main.o (strcpy)
c:/st/stm32cubeide_1.3.0/stm32cubeide/plugins/com.st.stm32cube.ide.mcu.externaltools.gnu-tools-for-stm32.7-2018-q2-update.win32_1.0.0.201904181610/tools/bin/../lib/gcc/arm-none-eabi/7.3.1/../../../../arm-none-eabi/lib/thumb/v7e-m/fpv4-sp/hard\libc_nano.a(lib_a-strlen.o)
                              FT800/FT800_Graphics.o (strlen)
c:/st/stm32cubeide_1.3.0/stm32cubeide/plugins/com.st.stm32cube.ide.mcu.externaltools.gnu-tools-for-stm32.7-2018-q2-update.win32_1.0.0.201904181610/tools/bin/../lib/gcc/arm-none-eabi/7.3.1/../../../../arm-none-eabi/lib/thumb/v7e-m/fpv4-sp/hard\libc_nano.a(lib_a-nano-svfprintf.o)
                              c:/st/stm32cubeide_1.3.0/stm32cubeide/plugins/com.st.stm32cube.ide.mcu.externaltools.gnu-tools-for-stm32.7-2018-q2-update.win32_1.0.0.201904181610/tools/bin/../lib/gcc/arm-none-eabi/7.3.1/../../../../arm-none-eabi/lib/thumb/v7e-m/fpv4-sp/hard\libc_nano.a(lib_a-sprintf.o) (_svfprintf_r)
c:/st/stm32cubeide_1.3.0/stm32cubeide/plugins/com.st.stm32cube.ide.mcu.externaltools.gnu-tools-for-stm32.7-2018-q2-update.win32_1.0.0.201904181610/tools/bin/../lib/gcc/arm-none-eabi/7.3.1/../../../../arm-none-eabi/lib/thumb/v7e-m/fpv4-sp/hard\libc_nano.a(lib_a-nano-vfprintf_i.o)
                              c:/st/stm32cubeide_1.3.0/stm32cubeide/plugins/com.st.stm32cube.ide.mcu.externaltools.gnu-tools-for-stm32.7-2018-q2-update.win32_1.0.0.201904181610/tools/bin/../lib/gcc/arm-none-eabi/7.3.1/../../../../arm-none-eabi/lib/thumb/v7e-m/fpv4-sp/hard\libc_nano.a(lib_a-nano-svfprintf.o) (_printf_i)
[...]
Memory Configuration

Name             Origin             Length             Attributes
RAM              0x0000000020000000 0x0000000000020000 xrw
CCMRAM           0x0000000010000000 0x0000000000010000 xrw
FLASH            0x0000000008000000 0x0000000000100000 xr
*default*        0x0000000000000000 0xffffffffffffffff

Linker script and memory map

LOAD c:/st/stm32cubeide_1.3.0/stm32cubeide/plugins/com.st.stm32cube.ide.mcu.externaltools.gnu-tools-for-stm32.7-2018-q2-update.win32_1.0.0.201904181610/tools/bin/../lib/gcc/arm-none-eabi/7.3.1/thumb/v7e-m/fpv4-sp/hard/crti.o
LOAD c:/st/stm32cubeide_1.3.0/stm32cubeide/plugins/com.st.stm32cube.ide.mcu.externaltools.gnu-tools-for-stm32.7-2018-q2-update.win32_1.0.0.201904181610/tools/bin/../lib/gcc/arm-none-eabi/7.3.1/thumb/v7e-m/fpv4-sp/hard/crtbegin.o
LOAD c:/st/stm32cubeide_1.3.0/stm32cubeide/plugins/com.st.stm32cube.ide.mcu.externaltools.gnu-tools-for-stm32.7-2018-q2-update.win32_1.0.0.201904181610/tools/bin/../lib/gcc/arm-none-eabi/7.3.1/../../../../arm-none-eabi/lib/thumb/v7e-m/fpv4-sp/hard/crt0.o
LOAD Drivers/STM32F4xx_HAL_Driver/Src/stm32f4xx_hal.o
LOAD Drivers/STM32F4xx_HAL_Driver/Src/stm32f4xx_hal_cortex.o
LOAD Drivers/STM32F4xx_HAL_Driver/Src/stm32f4xx_hal_dma.o
LOAD Drivers/STM32F4xx_HAL_Driver/Src/stm32f4xx_hal_dma_ex.o
LOAD Drivers/STM32F4xx_HAL_Driver/Src/stm32f4xx_hal_flash.o
LOAD Drivers/STM32F4xx_HAL_Driver/Src/stm32f4xx_hal_flash_ex.o
LOAD Drivers/STM32F4xx_HAL_Driver/Src/stm32f4xx_hal_flash_ramfunc.o
LOAD Drivers/STM32F4xx_HAL_Driver/Src/stm32f4xx_hal_gpio.o
LOAD Drivers/STM32F4xx_HAL_Driver/Src/stm32f4xx_hal_pwr.o
LOAD Drivers/STM32F4xx_HAL_Driver/Src/stm32f4xx_hal_pwr_ex.o
LOAD Drivers/STM32F4xx_HAL_Driver/Src/stm32f4xx_hal_rcc.o
LOAD Drivers/STM32F4xx_HAL_Driver/Src/stm32f4xx_hal_rcc_ex.o
LOAD Drivers/STM32F4xx_HAL_Driver/Src/stm32f4xx_hal_spi.o
LOAD Drivers/STM32F4xx_HAL_Driver/Src/stm32f4xx_hal_tim.o
LOAD Drivers/STM32F4xx_HAL_Driver/Src/stm32f4xx_hal_tim_ex.o
LOAD FT800/FT800_Audio.o
LOAD FT800/FT800_Driver.o
LOAD FT800/FT800_Graphics.o
LOAD FT800/FT800_Port.o
LOAD FT800/FT800_SD.o
LOAD Middlewares/Third_Party/FatFs/src/diskio.o
LOAD Middlewares/Third_Party/FatFs/src/ff.o
LOAD Middlewares/Third_Party/FatFs/src/ff_gen_drv.o
LOAD Middlewares/Third_Party/FatFs/src/option/ccsbcs.o
LOAD Middlewares/Third_Party/FatFs/src/option/syscall.o
LOAD SD/my_diskio.o
LOAD Src/fatfs.o
LOAD Src/main.o
LOAD Src/my_delays.o
LOAD Src/stm32f4xx_hal_msp.o
LOAD Src/stm32f4xx_it.o
LOAD Src/system_stm32f4xx.o
LOAD Src/user_diskio.o
LOAD startup/startup_stm32f415xx.o
START GROUP
LOAD c:/st/stm32cubeide_1.3.0/stm32cubeide/plugins/com.st.stm32cube.ide.mcu.externaltools.gnu-tools-for-stm32.7-2018-q2-update.win32_1.0.0.201904181610/tools/bin/../lib/gcc/arm-none-eabi/7.3.1/../../../../arm-none-eabi/lib/thumb/v7e-m/fpv4-sp/hard\libc_nano.a
LOAD c:/st/stm32cubeide_1.3.0/stm32cubeide/plugins/com.st.stm32cube.ide.mcu.externaltools.gnu-tools-for-stm32.7-2018-q2-update.win32_1.0.0.201904181610/tools/bin/../lib/gcc/arm-none-eabi/7.3.1/../../../../arm-none-eabi/lib/thumb/v7e-m/fpv4-sp/hard\libm.a
END GROUP
START GROUP
LOAD c:/st/stm32cubeide_1.3.0/stm32cubeide/plugins/com.st.stm32cube.ide.mcu.externaltools.gnu-tools-for-stm32.7-2018-q2-update.win32_1.0.0.201904181610/tools/bin/../lib/gcc/arm-none-eabi/7.3.1/thumb/v7e-m/fpv4-sp/hard\libgcc.a
LOAD c:/st/stm32cubeide_1.3.0/stm32cubeide/plugins/com.st.stm32cube.ide.mcu.externaltools.gnu-tools-for-stm32.7-2018-q2-update.win32_1.0.0.201904181610/tools/bin/../lib/gcc/arm-none-eabi/7.3.1/../../../../arm-none-eabi/lib/thumb/v7e-m/fpv4-sp/hard\libc_nano.a
END GROUP
START GROUP
LOAD c:/st/stm32cubeide_1.3.0/stm32cubeide/plugins/com.st.stm32cube.ide.mcu.externaltools.gnu-tools-for-stm32.7-2018-q2-update.win32_1.0.0.201904181610/tools/bin/../lib/gcc/arm-none-eabi/7.3.1/thumb/v7e-m/fpv4-sp/hard\libgcc.a
LOAD c:/st/stm32cubeide_1.3.0/stm32cubeide/plugins/com.st.stm32cube.ide.mcu.externaltools.gnu-tools-for-stm32.7-2018-q2-update.win32_1.0.0.201904181610/tools/bin/../lib/gcc/arm-none-eabi/7.3.1/../../../../arm-none-eabi/lib/thumb/v7e-m/fpv4-sp/hard\libc_nano.a
LOAD c:/st/stm32cubeide_1.3.0/stm32cubeide/plugins/com.st.stm32cube.ide.mcu.externaltools.gnu-tools-for-stm32.7-2018-q2-update.win32_1.0.0.201904181610/tools/bin/../lib/gcc/arm-none-eabi/7.3.1/../../../../arm-none-eabi/lib/thumb/v7e-m/fpv4-sp/hard\libnosys.a
END GROUP
START GROUP
LOAD c:/st/stm32cubeide_1.3.0/stm32cubeide/plugins/com.st.stm32cube.ide.mcu.externaltools.gnu-tools-for-stm32.7-2018-q2-update.win32_1.0.0.201904181610/tools/bin/../lib/gcc/arm-none-eabi/7.3.1/thumb/v7e-m/fpv4-sp/hard\libgcc.a
LOAD c:/st/stm32cubeide_1.3.0/stm32cubeide/plugins/com.st.stm32cube.ide.mcu.externaltools.gnu-tools-for-stm32.7-2018-q2-update.win32_1.0.0.201904181610/tools/bin/../lib/gcc/arm-none-eabi/7.3.1/../../../../arm-none-eabi/lib/thumb/v7e-m/fpv4-sp/hard\libc_nano.a
LOAD c:/st/stm32cubeide_1.3.0/stm32cubeide/plugins/com.st.stm32cube.ide.mcu.externaltools.gnu-tools-for-stm32.7-2018-q2-update.win32_1.0.0.201904181610/tools/bin/../lib/gcc/arm-none-eabi/7.3.1/../../../../arm-none-eabi/lib/thumb/v7e-m/fpv4-sp/hard\libnosys.a
END GROUP
LOAD c:/st/stm32cubeide_1.3.0/stm32cubeide/plugins/com.st.stm32cube.ide.mcu.externaltools.gnu-tools-for-stm32.7-2018-q2-update.win32_1.0.0.201904181610/tools/bin/../lib/gcc/arm-none-eabi/7.3.1/thumb/v7e-m/fpv4-sp/hard/crtend.o
LOAD c:/st/stm32cubeide_1.3.0/stm32cubeide/plugins/com.st.stm32cube.ide.mcu.externaltools.gnu-tools-for-stm32.7-2018-q2-update.win32_1.0.0.201904181610/tools/bin/../lib/gcc/arm-none-eabi/7.3.1/thumb/v7e-m/fpv4-sp/hard/crtn.o
                0x0000000020020000                _estack = 0x20020000
                0x0000000000000200                _Min_Heap_Size = 0x200
                0x0000000000000400                _Min_Stack_Size = 0x400

.isr_vector     0x0000000008000000      0x188
                0x0000000008000000                . = ALIGN (0x4)
 *(.isr_vector)
 .isr_vector    0x0000000008000000      0x188 startup/startup_stm32f415xx.o
                0x0000000008000000                g_pfnVectors
                0x0000000008000188                . = ALIGN (0x4)

.text           0x0000000008000190     0x7098
                0x0000000008000190                . = ALIGN (0x4)
 *(.text)
 .text          0x0000000008000190       0x40 c:/st/stm32cubeide_1.3.0/stm32cubeide/plugins/com.st.stm32cube.ide.mcu.externaltools.gnu-tools-for-stm32.7-2018-q2-update.win32_1.0.0.201904181610/tools/bin/../lib/gcc/arm-none-eabi/7.3.1/thumb/v7e-m/fpv4-sp/hard/crtbegin.o
 .text          0x00000000080001d0       0x14 c:/st/stm32cubeide_1.3.0/stm32cubeide/plugins/com.st.stm32cube.ide.mcu.externaltools.gnu-tools-for-stm32.7-2018-q2-update.win32_1.0.0.201904181610/tools/bin/../lib/gcc/arm-none-eabi/7.3.1/../../../../arm-none-eabi/lib/thumb/v7e-m/fpv4-sp/hard\libc_nano.a(lib_a-strcmp.o)
                0x00000000080001d0                strcmp
 .text          0x00000000080001e4       0x10 c:/st/stm32cubeide_1.3.0/stm32cubeide/plugins/com.st.stm32cube.ide.mcu.externaltools.gnu-tools-for-stm32.7-2018-q2-update.win32_1.0.0.201904181610/tools/bin/../lib/gcc/arm-none-eabi/7.3.1/../../../../arm-none-eabi/lib/thumb/v7e-m/fpv4-sp/hard\libc_nano.a(lib_a-strlen.o)
                0x00000000080001e4                strlen
 *fill*         0x00000000080001f4        0xc 
 .text          0x0000000008000200       0xa0 c:/st/stm32cubeide_1.3.0/stm32cubeide/plugins/com.st.stm32cube.ide.mcu.externaltools.gnu-tools-for-stm32.7-2018-q2-update.win32_1.0.0.201904181610/tools/bin/../lib/gcc/arm-none-eabi/7.3.1/../../../../arm-none-eabi/lib/thumb/v7e-m/fpv4-sp/hard\libc_nano.a(lib_a-memchr.o)
                0x0000000008000200                memchr
 .text          0x00000000080002a0       0x30 c:/st/stm32cubeide_1.3.0/stm32cubeide/plugins/com.st.stm32cube.ide.mcu.externaltools.gnu-tools-for-stm32.7-2018-q2-update.win32_1.0.0.201904181610/tools/bin/../lib/gcc/arm-none-eabi/7.3.1/thumb/v7e-m/fpv4-sp/hard\libgcc.a(_aeabi_uldivmod.o)
                0x00000000080002a0                __aeabi_uldivmod
 .text          0x00000000080002d0      0x2cc c:/st/stm32cubeide_1.3.0/stm32cubeide/plugins/com.st.stm32cube.ide.mcu.externaltools.gnu-tools-for-stm32.7-2018-q2-update.win32_1.0.0.201904181610/tools/bin/../lib/gcc/arm-none-eabi/7.3.1/thumb/v7e-m/fpv4-sp/hard\libgcc.a(_udivmoddi4.o)
                0x00000000080002d0                __udivmoddi4
 .text          0x000000000800059c        0x4 c:/st/stm32cubeide_1.3.0/stm32cubeide/plugins/com.st.stm32cube.ide.mcu.externaltools.gnu-tools-for-stm32.7-2018-q2-update.win32_1.0.0.201904181610/tools/bin/../lib/gcc/arm-none-eabi/7.3.1/thumb/v7e-m/fpv4-sp/hard\libgcc.a(_dvmd_tls.o)
                0x000000000800059c                __aeabi_idiv0
                0x000000000800059c                __aeabi_ldiv0
 *(.text*)
 .text.HAL_InitTick
                0x00000000080005a0       0x48 Drivers/STM32F4xx_HAL_Driver/Src/stm32f4xx_hal.o
                0x00000000080005a0                HAL_InitTick
 .text.HAL_Init
                0x00000000080005e8       0x34 Drivers/STM32F4xx_HAL_Driver/Src/stm32f4xx_hal.o
                0x00000000080005e8                HAL_Init
 .text.HAL_IncTick
                0x000000000800061c       0x18 Drivers/STM32F4xx_HAL_Driver/Src/stm32f4xx_hal.o
                0x000000000800061c                HAL_IncTick
 .text.HAL_GetTick
                0x0000000008000634        0xc Drivers/STM32F4xx_HAL_Driver/Src/stm32f4xx_hal.o
                0x0000000008000634                HAL_GetTick
 .text.HAL_Delay
                0x0000000008000640       0x28 Drivers/STM32F4xx_HAL_Driver/Src/stm32f4xx_hal.o
                0x0000000008000640                HAL_Delay
 .text.HAL_NVIC_SetPriorityGrouping
                0x0000000008000668       0x24 Drivers/STM32F4xx_HAL_Driver/Src/stm32f4xx_hal_cortex.o
                0x0000000008000668                HAL_NVIC_SetPriorityGrouping
 .text.HAL_NVIC_SetPriority
                0x000000000800068c       0x68 Drivers/STM32F4xx_HAL_Driver/Src/stm32f4xx_hal_cortex.o
                0x000000000800068c                HAL_NVIC_SetPriority
 .text.HAL_NVIC_EnableIRQ
                0x00000000080006f4       0x18 Drivers/STM32F4xx_HAL_Driver/Src/stm32f4xx_hal_cortex.o
                0x00000000080006f4                HAL_NVIC_EnableIRQ
 .text.HAL_SYSTICK_Config
                0x000000000800070c       0x2c Drivers/STM32F4xx_HAL_Driver/Src/stm32f4xx_hal_cortex.o
                0x000000000800070c                HAL_SYSTICK_Config
 .text.HAL_SYSTICK_CLKSourceConfig
                0x0000000008000738       0x20 Drivers/STM32F4xx_HAL_Driver/Src/stm32f4xx_hal_cortex.o
                0x0000000008000738                HAL_SYSTICK_CLKSourceConfig
 .text.HAL_SYSTICK_Callback
                0x0000000008000758        0x2 Drivers/STM32F4xx_HAL_Driver/Src/stm32f4xx_hal_cortex.o
                0x0000000008000758                HAL_SYSTICK_Callback
 .text.HAL_SYSTICK_IRQHandler
                0x000000000800075a        0x8 Drivers/STM32F4xx_HAL_Driver/Src/stm32f4xx_hal_cortex.o
                0x000000000800075a                HAL_SYSTICK_IRQHandler
 *fill*         0x0000000008000762        0x2 
 .text.HAL_GPIO_Init
                0x0000000008000764      0x1c8 Drivers/STM32F4xx_HAL_Driver/Src/stm32f4xx_hal_gpio.o
                0x0000000008000764                HAL_GPIO_Init
 .text.HAL_GPIO_WritePin
                0x000000000800092c        0xc Drivers/STM32F4xx_HAL_Driver/Src/stm32f4xx_hal_gpio.o
                0x000000000800092c                HAL_GPIO_WritePin
 .text.HAL_GPIO_EXTI_IRQHandler
                0x0000000008000938       0x1c Drivers/STM32F4xx_HAL_Driver/Src/stm32f4xx_hal_gpio.o
                0x0000000008000938                HAL_GPIO_EXTI_IRQHandler
 .text.HAL_RCC_OscConfig
                0x0000000008000954      0x398 Drivers/STM32F4xx_HAL_Driver/Src/stm32f4xx_hal_rcc.o
                0x0000000008000954                HAL_RCC_OscConfig
 .text.HAL_RCC_GetSysClockFreq
                0x0000000008000cec       0xcc Drivers/STM32F4xx_HAL_Driver/Src/stm32f4xx_hal_rcc.o
                0x0000000008000cec                HAL_RCC_GetSysClockFreq
 .text.HAL_RCC_ClockConfig
                0x0000000008000db8      0x158 Drivers/STM32F4xx_HAL_Driver/Src/stm32f4xx_hal_rcc.o
                0x0000000008000db8                HAL_RCC_ClockConfig
 .text.HAL_RCC_GetHCLKFreq
                0x0000000008000f10        0xc Drivers/STM32F4xx_HAL_Driver/Src/stm32f4xx_hal_rcc.o
                0x0000000008000f10                HAL_RCC_GetHCLKFreq
 .text.HAL_SPI_Init
                0x0000000008000f1c       0x80 Drivers/STM32F4xx_HAL_Driver/Src/stm32f4xx_hal_spi.o
                0x0000000008000f1c                HAL_SPI_Init
 .text.FT800_setSoundVolume
                0x0000000008000f9c       0x10 FT800/FT800_Audio.o
                0x0000000008000f9c                FT800_setSoundVolume
 .text.FT800_setSoundEffect
                0x0000000008000fac       0x14 FT800/FT800_Audio.o
                0x0000000008000fac                FT800_setSoundEffect
 .text.FT800_playSound
                0x0000000008000fc0       0x14 FT800/FT800_Audio.o
                0x0000000008000fc0                FT800_playSound
 .text.FT800_setPlaybackVolume
                0x0000000008000fd4       0x10 FT800/FT800_Audio.o
                0x0000000008000fd4                FT800_setPlaybackVolume
 .text.FT800_configurePlayback
                0x0000000008000fe4       0x50 FT800/FT800_Audio.o
                0x0000000008000fe4                FT800_configurePlayback
 .text.FT800_playPlayback
                0x0000000008001034       0x14 FT800/FT800_Audio.o
                0x0000000008001034                FT800_playPlayback
 .text.CMD_Offset_Inc
                0x0000000008001048       0x14 FT800/FT800_Driver.o
                0x0000000008001048                CMD_Offset_Inc
 .text.set_CMD_Offset
                0x000000000800105c        0xc FT800/FT800_Driver.o
                0x000000000800105c                set_CMD_Offset
 .text.get_CMD_Offset
                0x0000000008001068        0xc FT800/FT800_Driver.o
                0x0000000008001068                get_CMD_Offset
 .text.FT800_WriteAddress
                0x0000000008001074       0x32 FT800/FT800_Driver.o
                0x0000000008001074                FT800_WriteAddress
 *fill*         0x00000000080010a6        0x2 
 .text.FT800_Write8
                0x00000000080010a8       0x40 FT800/FT800_Driver.o
                0x00000000080010a8                FT800_Write8
 .text.FT800_Write16
                0x00000000080010e8       0x48 FT800/FT800_Driver.o
                0x00000000080010e8                FT800_Write16
 .text.FT800_Write32
                0x0000000008001130       0x58 FT800/FT800_Driver.o
                0x0000000008001130                FT800_Write32
 .text.FT800_Read8
                0x0000000008001188       0x20 FT800/FT800_Driver.o
                0x0000000008001188                FT800_Read8
 .text.FT800_Read16
                0x00000000080011a8       0x2c FT800/FT800_Driver.o
                0x00000000080011a8                FT800_Read16
 .text.FT800_Read32
                0x00000000080011d4       0x3c FT800/FT800_Driver.o
                0x00000000080011d4                FT800_Read32
 .text.FT800_configGPU
                0x0000000008001210       0x38 FT800/FT800_Driver.o
                0x0000000008001210                FT800_configGPU
 .text.FT800_configDisplay
                0x0000000008001248       0xa8 FT800/FT800_Driver.o
                0x0000000008001248                FT800_configDisplay
 .text.FT800_configTouchScreen
                0x00000000080012f0       0x50 FT800/FT800_Driver.o
                0x00000000080012f0                FT800_configTouchScreen
 .text.FT800_clearIntFlags
                0x0000000008001340       0x10 FT800/FT800_Driver.o
                0x0000000008001340                FT800_clearIntFlags
 .text.FT800_configTouchScreenInt
                0x0000000008001350       0x2c FT800/FT800_Driver.o
                0x0000000008001350                FT800_configTouchScreenInt
 .text.FT800_configGPIO
                0x000000000800137c       0x1c FT800/FT800_Driver.o
                0x000000000800137c                FT800_configGPIO
 .text.FT800_init
                0x0000000008001398       0x88 FT800/FT800_Driver.o
                0x0000000008001398                FT800_init
 .text.FT800_startNewList
                0x0000000008001420       0x10 FT800/FT800_Graphics.o
                0x0000000008001420                FT800_startNewList
 .text.FT800_endOfList
                0x0000000008001430       0x2c FT800/FT800_Graphics.o
                0x0000000008001430                FT800_endOfList
 .text.FT800_finishList
                0x000000000800145c       0x28 FT800/FT800_Graphics.o
                0x000000000800145c                FT800_finishList
 .text.FT800_executeCommands
                0x0000000008001484       0x14 FT800/FT800_Graphics.o
                0x0000000008001484                FT800_executeCommands
 .text.FT800_getFreeSpace
                0x0000000008001498       0x28 FT800/FT800_Graphics.o
                0x0000000008001498                FT800_getFreeSpace
 .text.FT800_setBackgroundColor
                0x00000000080014c0       0x14 FT800/FT800_Graphics.o
                0x00000000080014c0                FT800_setBackgroundColor
 .text.FT800_clear
                0x00000000080014d4       0x14 FT800/FT800_Graphics.o
                0x00000000080014d4                FT800_clear
 .text.FT800_setColorA
                0x00000000080014e8       0x10 FT800/FT800_Graphics.o
                0x00000000080014e8                FT800_setColorA
 .text.FT800_setColorRGB
                0x00000000080014f8       0x14 FT800/FT800_Graphics.o
                0x00000000080014f8                FT800_setColorRGB
 .text.FT800_setBgColor
                0x000000000800150c       0x1e FT800/FT800_Graphics.o
                0x000000000800150c                FT800_setBgColor
 .text.FT800_setFgColor
                0x000000000800152a       0x1e FT800/FT800_Graphics.o
                0x000000000800152a                FT800_setFgColor
 .text.FT800_Vertex2F
                0x0000000008001548       0x20 FT800/FT800_Graphics.o
                0x0000000008001548                FT800_Vertex2F
 .text.FT800_Vertex2II
                0x0000000008001568       0x34 FT800/FT800_Graphics.o
                0x0000000008001568                FT800_Vertex2II
 .text.FT800_align
                0x000000000800159c       0x1c FT800/FT800_Graphics.o
                0x000000000800159c                FT800_align
 .text.FT800_WriteString
                0x00000000080015b8       0x30 FT800/FT800_Graphics.o
                0x00000000080015b8                FT800_WriteString
 .text.FT800_writeMemZero
                0x00000000080015e8       0x28 FT800/FT800_Graphics.o
                0x00000000080015e8                FT800_writeMemZero
 .text.FT800_drawPoint
                0x0000000008001610       0x44 FT800/FT800_Graphics.o
                0x0000000008001610                FT800_drawPoint
 .text.FT800_drawLine
                0x0000000008001654       0x58 FT800/FT800_Graphics.o
                0x0000000008001654                FT800_drawLine
 .text.FT800_drawRectangle
                0x00000000080016ac       0x58 FT800/FT800_Graphics.o
                0x00000000080016ac                FT800_drawRectangle
 .text.FT800_drawLineStrip
                0x0000000008001704       0x60 FT800/FT800_Graphics.o
                0x0000000008001704                FT800_drawLineStrip
 .text.FT800_drawEdgeLineStrip
                0x0000000008001764       0x76 FT800/FT800_Graphics.o
                0x0000000008001764                FT800_drawEdgeLineStrip
 *fill*         0x00000000080017da        0x2 
 .text.FT800_drawChar
                0x00000000080017dc       0x48 FT800/FT800_Graphics.o
                0x00000000080017dc                FT800_drawChar
 .text.FT800_drawText
                0x0000000008001824       0x5a FT800/FT800_Graphics.o
                0x0000000008001824                FT800_drawText
 .text.FT800_drawDecimalNumb
                0x000000000800187e       0x5e FT800/FT800_Graphics.o
                0x000000000800187e                FT800_drawDecimalNumb
 .text.FT800_drawGradient
                0x00000000080018dc       0x4e FT800/FT800_Graphics.o
                0x00000000080018dc                FT800_drawGradient
 *fill*         0x000000000800192a        0x2 
 .text.FT800_drawScissorXY
                0x000000000800192c       0x20 FT800/FT800_Graphics.o
                0x000000000800192c                FT800_drawScissorXY
 .text.FT800_drawScissorSize
                0x000000000800194c       0x20 FT800/FT800_Graphics.o
                0x000000000800194c                FT800_drawScissorSize
 .text.FT800_track
                0x000000000800196c       0x60 FT800/FT800_Graphics.o
                0x000000000800196c                FT800_track
 .text.FT800_tagMask
                0x00000000080019cc       0x14 FT800/FT800_Graphics.o
                0x00000000080019cc                FT800_tagMask
 .text.FT800_drawButton
                0x00000000080019e0       0xa6 FT800/FT800_Graphics.o
                0x00000000080019e0                FT800_drawButton
 .text.FT800_drawClock
                0x0000000008001a86       0xaa FT800/FT800_Graphics.o
                0x0000000008001a86                FT800_drawClock
 .text.FT800_drawKeys
                0x0000000008001b30       0xa6 FT800/FT800_Graphics.o
                0x0000000008001b30                FT800_drawKeys
 .text.FT800_drawScrollBar
                0x0000000008001bd6       0xa8 FT800/FT800_Graphics.o
                0x0000000008001bd6                FT800_drawScrollBar
 .text.FT800_drawToggle
                0x0000000008001c7e       0xa8 FT800/FT800_Graphics.o
                0x0000000008001c7e                FT800_drawToggle
 .text.FT800_drawSlider
                0x0000000008001d26       0xac FT800/FT800_Graphics.o
                0x0000000008001d26                FT800_drawSlider
 .text.FT800_drawProgressBar
                0x0000000008001dd2       0xa6 FT800/FT800_Graphics.o
                0x0000000008001dd2                FT800_drawProgressBar
 .text.FT800_drawDial
                0x0000000008001e78       0x8c FT800/FT800_Graphics.o
                0x0000000008001e78                FT800_drawDial
 .text.FT800_drawGauge
                0x0000000008001f04       0xa8 FT800/FT800_Graphics.o
                0x0000000008001f04                FT800_drawGauge
 .text.FT800_readTag
                0x0000000008001fac       0x10 FT800/FT800_Graphics.o
                0x0000000008001fac                FT800_readTag
 .text.FT800_readValue
                0x0000000008001fbc       0x10 FT800/FT800_Graphics.o
                0x0000000008001fbc                FT800_readValue
 .text.FT800_runTouchCalibration
                0x0000000008001fcc       0x10 FT800/FT800_Graphics.o
                0x0000000008001fcc                FT800_runTouchCalibration
 .text.FT800_drawAnimSpinner
                0x0000000008001fdc       0x46 FT800/FT800_Graphics.o
                0x0000000008001fdc                FT800_drawAnimSpinner
 .text.FT800_drawLogo
                0x0000000008002022       0x10 FT800/FT800_Graphics.o
                0x0000000008002022                FT800_drawLogo
 *fill*         0x0000000008002032        0x2 
 .text.FT800_waitLogo
                0x0000000008002034       0x28 FT800/FT800_Graphics.o
                0x0000000008002034                FT800_waitLogo
 .text.FT800_drawScreensaver
                0x000000000800205c       0x10 FT800/FT800_Graphics.o
                0x000000000800205c                FT800_drawScreensaver
 .text.FT800_drawSketch
                0x000000000800206c       0x60 FT800/FT800_Graphics.o
                0x000000000800206c                FT800_drawSketch
 .text.FT800_stop
                0x00000000080020cc       0x10 FT800/FT800_Graphics.o
                0x00000000080020cc                FT800_stop
 .text.FT800_macro
                0x00000000080020dc       0x14 FT800/FT800_Graphics.o
                0x00000000080020dc                FT800_macro
 .text.FT800_bitmapBegin
                0x00000000080020f0       0x14 FT800/FT800_Graphics.o
                0x00000000080020f0                FT800_bitmapBegin
 .text.FT800_bitmapLayout
                0x0000000008002104       0x30 FT800/FT800_Graphics.o
                0x0000000008002104                FT800_bitmapLayout
 .text.FT800_bitmapSize
                0x0000000008002134       0x3c FT800/FT800_Graphics.o
                0x0000000008002134                FT800_bitmapSize
 .text.FT800_bitmapSource
                0x0000000008002170       0x14 FT800/FT800_Graphics.o
                0x0000000008002170                FT800_bitmapSource
 .text.FT800_loadIdentity
                0x0000000008002184       0x10 FT800/FT800_Graphics.o
                0x0000000008002184                FT800_loadIdentity
 .text.FT800_setMatrix
                0x0000000008002194       0x10 FT800/FT800_Graphics.o
                0x0000000008002194                FT800_setMatrix
 .text.FT800_scale
                0x00000000080021a4       0x28 FT800/FT800_Graphics.o
                0x00000000080021a4                FT800_scale
 .text.FT800_translate
                0x00000000080021cc       0x28 FT800/FT800_Graphics.o
                0x00000000080021cc                FT800_translate
 .text.FT800_rotate
                0x00000000080021f4       0x30 FT800/FT800_Graphics.o
                0x00000000080021f4                FT800_rotate
 .text.FT800_loadJpgCMD
                0x0000000008002224       0x28 FT800/FT800_Graphics.o
                0x0000000008002224                FT800_loadJpgCMD
 .text.FT800_InitPins
                0x000000000800224c        0x4 FT800/FT800_Port.o
                0x000000000800224c                FT800_InitPins
 .text.F800_InitSPI
                0x0000000008002250       0x14 FT800/FT800_Port.o
                0x0000000008002250                F800_InitSPI
 .text.F800_InitInterrupt
                0x0000000008002264        0x4 FT800/FT800_Port.o
                0x0000000008002264                F800_InitInterrupt
 .text.SPI_xchg
                0x0000000008002268       0x24 FT800/FT800_Port.o
                0x0000000008002268                SPI_xchg
 .text.FT800_WriteSPI
                0x000000000800228c        0x8 FT800/FT800_Port.o
                0x000000000800228c                FT800_WriteSPI
 .text.FT800_ReadSPI
                0x0000000008002294        0xa FT800/FT800_Port.o
                0x0000000008002294                FT800_ReadSPI
 *fill*         0x000000000800229e        0x2 
 .text.FT800_loadWAVfromSD
                0x00000000080022a0      0x1cc FT800/FT800_SD.o
                0x00000000080022a0                FT800_loadWAVfromSD
 .text.FT800_loadBMPfromSD
                0x000000000800246c      0x18c FT800/FT800_SD.o
                0x000000000800246c                FT800_loadBMPfromSD
 .text.FT800_loadJPGfromSD
                0x00000000080025f8      0x160 FT800/FT800_SD.o
                0x00000000080025f8                FT800_loadJPGfromSD
 .text.disk_status
                0x0000000008002758       0x18 Middlewares/Third_Party/FatFs/src/diskio.o
                0x0000000008002758                disk_status
 .text.disk_initialize
                0x0000000008002770       0x28 Middlewares/Third_Party/FatFs/src/diskio.o
                0x0000000008002770                disk_initialize
 .text.disk_read
                0x0000000008002798       0x18 Middlewares/Third_Party/FatFs/src/diskio.o
                0x0000000008002798                disk_read
 .text.disk_write
                0x00000000080027b0       0x18 Middlewares/Third_Party/FatFs/src/diskio.o
                0x00000000080027b0                disk_write
 .text.disk_ioctl
                0x00000000080027c8       0x18 Middlewares/Third_Party/FatFs/src/diskio.o
                0x00000000080027c8                disk_ioctl
 .text.ld_word  0x00000000080027e0        0xa Middlewares/Third_Party/FatFs/src/ff.o
 .text.ld_dword
                0x00000000080027ea       0x16 Middlewares/Third_Party/FatFs/src/ff.o
 .text.st_word  0x0000000008002800        0x8 Middlewares/Third_Party/FatFs/src/ff.o
 .text.st_dword
                0x0000000008002808       0x14 Middlewares/Third_Party/FatFs/src/ff.o
 .text.mem_cpy  0x000000000800281c       0x12 Middlewares/Third_Party/FatFs/src/ff.o
 .text.mem_set  0x000000000800282e        0xa Middlewares/Third_Party/FatFs/src/ff.o
 .text.mem_cmp  0x0000000008002838       0x1e Middlewares/Third_Party/FatFs/src/ff.o
 .text.chk_chr  0x0000000008002856       0x10 Middlewares/Third_Party/FatFs/src/ff.o
 *fill*         0x0000000008002866        0x2 
 .text.chk_lock
                0x0000000008002868       0x74 Middlewares/Third_Party/FatFs/src/ff.o
 .text.enq_lock
                0x00000000080028dc       0x20 Middlewares/Third_Party/FatFs/src/ff.o
 .text.inc_lock
                0x00000000080028fc       0xa4 Middlewares/Third_Party/FatFs/src/ff.o
 .text.dec_lock
                0x00000000080029a0       0x40 Middlewares/Third_Party/FatFs/src/ff.o
 .text.clear_lock
                0x00000000080029e0       0x3c Middlewares/Third_Party/FatFs/src/ff.o
 .text.clust2sect
                0x0000000008002a1c       0x18 Middlewares/Third_Party/FatFs/src/ff.o
 .text.clmt_clust
                0x0000000008002a34       0x2c Middlewares/Third_Party/FatFs/src/ff.o
 .text.ld_clust
                0x0000000008002a60       0x26 Middlewares/Third_Party/FatFs/src/ff.o
 .text.st_clust
                0x0000000008002a86       0x26 Middlewares/Third_Party/FatFs/src/ff.o
 .text.put_lfn  0x0000000008002aac       0x78 Middlewares/Third_Party/FatFs/src/ff.o
 .text.gen_numname
                0x0000000008002b24       0xa0 Middlewares/Third_Party/FatFs/src/ff.o
 .text.sum_sfn  0x0000000008002bc4       0x1c Middlewares/Third_Party/FatFs/src/ff.o
 .text.get_ldnumber
                0x0000000008002be0       0x54 Middlewares/Third_Party/FatFs/src/ff.o
 .text.validate
                0x0000000008002c34       0x34 Middlewares/Third_Party/FatFs/src/ff.o
 .text.sync_window
                0x0000000008002c68       0x54 Middlewares/Third_Party/FatFs/src/ff.o
 .text.move_window
                0x0000000008002cbc       0x34 Middlewares/Third_Party/FatFs/src/ff.o
 .text.check_fs
                0x0000000008002cf0       0x7c Middlewares/Third_Party/FatFs/src/ff.o
 .text.find_volume
                0x0000000008002d6c      0x354 Middlewares/Third_Party/FatFs/src/ff.o
 .text.put_fat  0x00000000080030c0      0x13a Middlewares/Third_Party/FatFs/src/ff.o
 .text.get_fat  0x00000000080031fa       0xfe Middlewares/Third_Party/FatFs/src/ff.o
 .text.dir_sdi  0x00000000080032f8       0xb2 Middlewares/Third_Party/FatFs/src/ff.o
 .text.create_chain
                0x00000000080033aa       0xc4 Middlewares/Third_Party/FatFs/src/ff.o
 .text.remove_chain
                0x000000000800346e       0x88 Middlewares/Third_Party/FatFs/src/ff.o
 .text.dir_next
                0x00000000080034f6      0x114 Middlewares/Third_Party/FatFs/src/ff.o
 .text.dir_alloc
                0x000000000800360a       0x50 Middlewares/Third_Party/FatFs/src/ff.o
 *fill*         0x000000000800365a        0x2 
 .text.sync_fs  0x000000000800365c       0x88 Middlewares/Third_Party/FatFs/src/ff.o
 .text.create_name
                0x00000000080036e4      0x228 Middlewares/Third_Party/FatFs/src/ff.o
 .text.cmp_lfn  0x000000000800390c       0xa4 Middlewares/Third_Party/FatFs/src/ff.o
 .text.dir_find
                0x00000000080039b0       0xe6 Middlewares/Third_Party/FatFs/src/ff.o
 .text.follow_path
                0x0000000008003a96       0x92 Middlewares/Third_Party/FatFs/src/ff.o
 .text.dir_register
                0x0000000008003b28      0x144 Middlewares/Third_Party/FatFs/src/ff.o
 .text.f_mount  0x0000000008003c6c       0x64 Middlewares/Third_Party/FatFs/src/ff.o
                0x0000000008003c6c                f_mount
 .text.f_open   0x0000000008003cd0      0x236 Middlewares/Third_Party/FatFs/src/ff.o
                0x0000000008003cd0                f_open
 .text.f_read   0x0000000008003f06      0x1b2 Middlewares/Third_Party/FatFs/src/ff.o
                0x0000000008003f06                f_read
 .text.f_sync   0x00000000080040b8       0xa0 Middlewares/Third_Party/FatFs/src/ff.o
                0x00000000080040b8                f_sync
 .text.f_close  0x0000000008004158       0x34 Middlewares/Third_Party/FatFs/src/ff.o
                0x0000000008004158                f_close
 .text.f_lseek  0x000000000800418c      0x2c8 Middlewares/Third_Party/FatFs/src/ff.o
                0x000000000800418c                f_lseek
 .text.FATFS_LinkDriverEx
                0x0000000008004454       0x48 Middlewares/Third_Party/FatFs/src/ff_gen_drv.o
                0x0000000008004454                FATFS_LinkDriverEx
 .text.FATFS_LinkDriver
                0x000000000800449c        0xa Middlewares/Third_Party/FatFs/src/ff_gen_drv.o
                0x000000000800449c                FATFS_LinkDriver
 *fill*         0x00000000080044a6        0x2 
 .text.FATFS_UnLinkDriverEx
                0x00000000080044a8       0x3c Middlewares/Third_Party/FatFs/src/ff_gen_drv.o
                0x00000000080044a8                FATFS_UnLinkDriverEx
 .text.FATFS_UnLinkDriver
                0x00000000080044e4        0xa Middlewares/Third_Party/FatFs/src/ff_gen_drv.o
                0x00000000080044e4                FATFS_UnLinkDriver
 *fill*         0x00000000080044ee        0x2 
 .text.ff_convert
                0x00000000080044f0       0x38 Middlewares/Third_Party/FatFs/src/option/ccsbcs.o
                0x00000000080044f0                ff_convert
 .text.ff_wtoupper
                0x0000000008004528       0x9c Middlewares/Third_Party/FatFs/src/option/ccsbcs.o
                0x0000000008004528                ff_wtoupper
 .text.SD_SPI_init
                0x00000000080045c4       0x10 SD/my_diskio.o
 .text.SD_SPI_select
                0x00000000080045d4       0x10 SD/my_diskio.o
 .text.SD_SPI_deselect
                0x00000000080045e4        0xc SD/my_diskio.o
 .text.SD_SPI_xchg
                0x00000000080045f0       0x24 SD/my_diskio.o
 .text.SD_SPI_xmit_multi
                0x0000000008004614       0x1c SD/my_diskio.o
 .text.SD_SPI_rcvr_multi
                0x0000000008004630       0x1e SD/my_diskio.o
 *fill*         0x000000000800464e        0x2 
 .text.SD_ReadyWait
                0x0000000008004650       0x24 SD/my_diskio.o
 .text.SD_PowerOn
                0x0000000008004674       0x70 SD/my_diskio.o
 .text.SD_PowerOff
                0x00000000080046e4        0xc SD/my_diskio.o
 .text.SD_CheckPower
                0x00000000080046f0        0xc SD/my_diskio.o
 .text.SD_RxDataBlock
                0x00000000080046fc       0x44 SD/my_diskio.o
 .text.SD_TxDataBlock
                0x0000000008004740       0x6e SD/my_diskio.o
 .text.SD_SendCmd
                0x00000000080047ae       0x6e SD/my_diskio.o
 .text.SD_disk_initialize
                0x000000000800481c      0x1ac SD/my_diskio.o
                0x000000000800481c                SD_disk_initialize
 .text.SD_disk_status
                0x00000000080049c8       0x14 SD/my_diskio.o
                0x00000000080049c8                SD_disk_status
 .text.SD_disk_read
                0x00000000080049dc       0x98 SD/my_diskio.o
                0x00000000080049dc                SD_disk_read
 .text.SD_disk_write
                0x0000000008004a74       0xc4 SD/my_diskio.o
                0x0000000008004a74                SD_disk_write
 .text.SD_disk_ioctl
                0x0000000008004b38      0x18c SD/my_diskio.o
                0x0000000008004b38                SD_disk_ioctl
 .text.MX_FATFS_Init
                0x0000000008004cc4       0x1c Src/fatfs.o
                0x0000000008004cc4                MX_FATFS_Init
 .text.get_fattime
                0x0000000008004ce0        0x4 Src/fatfs.o
                0x0000000008004ce0                get_fattime
 .text.MX_GPIO_Init
                0x0000000008004ce4      0x118 Src/main.o
 .text.getNote  0x0000000008004dfc       0x66 Src/main.o
                0x0000000008004dfc                getNote
 *fill*         0x0000000008004e62        0x2 
 .text.HAL_GPIO_EXTI_Callback
                0x0000000008004e64       0x18 Src/main.o
                0x0000000008004e64                HAL_GPIO_EXTI_Callback
 .text._Error_Handler
                0x0000000008004e7c        0x2 Src/main.o
                0x0000000008004e7c                _Error_Handler
 *fill*         0x0000000008004e7e        0x2 
 .text.MX_SPI1_Init
                0x0000000008004e80       0x48 Src/main.o
 .text.MX_SPI2_Init
                0x0000000008004ec8       0x48 Src/main.o
 .text.SystemClock_Config
                0x0000000008004f10       0xcc Src/main.o
                0x0000000008004f10                SystemClock_Config
 .text.main     0x0000000008004fdc     0x1790 Src/main.o
                0x0000000008004fdc                main
 .text.delay_ms
                0x000000000800676c        0x8 Src/my_delays.o
                0x000000000800676c                delay_ms
 .text.HAL_MspInit
                0x0000000008006774       0x94 Src/stm32f4xx_hal_msp.o
                0x0000000008006774                HAL_MspInit
 .text.HAL_SPI_MspInit
                0x0000000008006808       0x98 Src/stm32f4xx_hal_msp.o
                0x0000000008006808                HAL_SPI_MspInit
 .text.NMI_Handler
                0x00000000080068a0        0x2 Src/stm32f4xx_it.o
                0x00000000080068a0                NMI_Handler
 .text.HardFault_Handler
                0x00000000080068a2        0x2 Src/stm32f4xx_it.o
                0x00000000080068a2                HardFault_Handler
 .text.MemManage_Handler
                0x00000000080068a4        0x2 Src/stm32f4xx_it.o
                0x00000000080068a4                MemManage_Handler
 .text.BusFault_Handler
                0x00000000080068a6        0x2 Src/stm32f4xx_it.o
                0x00000000080068a6                BusFault_Handler
 .text.UsageFault_Handler
                0x00000000080068a8        0x2 Src/stm32f4xx_it.o
                0x00000000080068a8                UsageFault_Handler
 .text.SVC_Handler
                0x00000000080068aa        0x2 Src/stm32f4xx_it.o
                0x00000000080068aa                SVC_Handler
 .text.DebugMon_Handler
                0x00000000080068ac        0x2 Src/stm32f4xx_it.o
                0x00000000080068ac                DebugMon_Handler
 .text.PendSV_Handler
                0x00000000080068ae        0x2 Src/stm32f4xx_it.o
                0x00000000080068ae                PendSV_Handler
 .text.SysTick_Handler
                0x00000000080068b0        0xc Src/stm32f4xx_it.o
                0x00000000080068b0                SysTick_Handler
 .text.EXTI9_5_IRQHandler
                0x00000000080068bc        0xc Src/stm32f4xx_it.o
                0x00000000080068bc                EXTI9_5_IRQHandler
 .text.SystemInit
                0x00000000080068c8       0x4c Src/system_stm32f4xx.o
                0x00000000080068c8                SystemInit
 .text.USER_initialize
                0x0000000008006914        0x8 Src/user_diskio.o
                0x0000000008006914                USER_initialize
 .text.USER_status
                0x000000000800691c        0x8 Src/user_diskio.o
                0x000000000800691c                USER_status
 .text.USER_read
                0x0000000008006924        0x8 Src/user_diskio.o
                0x0000000008006924                USER_read
 .text.USER_write
                0x000000000800692c        0x8 Src/user_diskio.o
                0x000000000800692c                USER_write
 .text.USER_ioctl
                0x0000000008006934        0x8 Src/user_diskio.o
                0x0000000008006934                USER_ioctl
 .text.Reset_Handler
                0x000000000800693c       0x50 startup/startup_stm32f415xx.o
                0x000000000800693c                Reset_Handler
 .text.Default_Handler
                0x000000000800698c        0x2 startup/startup_stm32f415xx.o
                0x000000000800698c                RTC_Alarm_IRQHandler
                0x000000000800698c                HASH_RNG_IRQHandler
                0x000000000800698c                EXTI2_IRQHandler
                0x000000000800698c                TIM8_CC_IRQHandler
                0x000000000800698c                TIM1_CC_IRQHandler
                0x000000000800698c                DMA2_Stream5_IRQHandler
                0x000000000800698c                DMA1_Stream5_IRQHandler
                0x000000000800698c                PVD_IRQHandler
                0x000000000800698c                SDIO_IRQHandler
                0x000000000800698c                TAMP_STAMP_IRQHandler
                0x000000000800698c                CAN2_RX1_IRQHandler
                0x000000000800698c                EXTI3_IRQHandler
                0x000000000800698c                TIM8_TRG_COM_TIM14_IRQHandler
                0x000000000800698c                TIM1_UP_TIM10_IRQHandler
                0x000000000800698c                TIM8_UP_TIM13_IRQHandler
                0x000000000800698c                I2C3_ER_IRQHandler
                0x000000000800698c                EXTI0_IRQHandler
                0x000000000800698c                I2C2_EV_IRQHandler
                0x000000000800698c                DMA1_Stream2_IRQHandler
                0x000000000800698c                CAN1_RX0_IRQHandler
                0x000000000800698c                FPU_IRQHandler
                0x000000000800698c                OTG_HS_WKUP_IRQHandler
                0x000000000800698c                CAN2_SCE_IRQHandler
                0x000000000800698c                DMA2_Stream2_IRQHandler
                0x000000000800698c                SPI1_IRQHandler
                0x000000000800698c                TIM6_DAC_IRQHandler
                0x000000000800698c                TIM1_BRK_TIM9_IRQHandler
                0x000000000800698c                CAN2_RX0_IRQHandler
                0x000000000800698c                DMA2_Stream3_IRQHandler
                0x000000000800698c                USART6_IRQHandler
                0x000000000800698c                USART3_IRQHandler
                0x000000000800698c                CRYP_IRQHandler
                0x000000000800698c                CAN1_RX1_IRQHandler
                0x000000000800698c                UART5_IRQHandler
                0x000000000800698c                DMA2_Stream0_IRQHandler
                0x000000000800698c                TIM4_IRQHandler
                0x000000000800698c                I2C1_EV_IRQHandler
                0x000000000800698c                DMA1_Stream6_IRQHandler
                0x000000000800698c                DMA1_Stream1_IRQHandler
                0x000000000800698c                UART4_IRQHandler
                0x000000000800698c                TIM3_IRQHandler
                0x000000000800698c                RCC_IRQHandler
                0x000000000800698c                TIM8_BRK_TIM12_IRQHandler
                0x000000000800698c                Default_Handler
                0x000000000800698c                EXTI15_10_IRQHandler
                0x000000000800698c                ADC_IRQHandler
                0x000000000800698c                DMA1_Stream7_IRQHandler
                0x000000000800698c                TIM7_IRQHandler
                0x000000000800698c                CAN2_TX_IRQHandler
                0x000000000800698c                TIM5_IRQHandler
                0x000000000800698c                DMA2_Stream7_IRQHandler
                0x000000000800698c                I2C3_EV_IRQHandler
                0x000000000800698c                RTC_WKUP_IRQHandler
                0x000000000800698c                SPI2_IRQHandler
                0x000000000800698c                OTG_HS_EP1_IN_IRQHandler
                0x000000000800698c                DMA1_Stream0_IRQHandler
                0x000000000800698c                CAN1_TX_IRQHandler
                0x000000000800698c                EXTI4_IRQHandler
                0x000000000800698c                FSMC_IRQHandler
                0x000000000800698c                OTG_HS_EP1_OUT_IRQHandler
                0x000000000800698c                WWDG_IRQHandler
                0x000000000800698c                TIM2_IRQHandler
                0x000000000800698c                OTG_FS_WKUP_IRQHandler
                0x000000000800698c                TIM1_TRG_COM_TIM11_IRQHandler
                0x000000000800698c                OTG_HS_IRQHandler
                0x000000000800698c                EXTI1_IRQHandler
                0x000000000800698c                USART2_IRQHandler
                0x000000000800698c                I2C2_ER_IRQHandler
                0x000000000800698c                DMA2_Stream1_IRQHandler
                0x000000000800698c                CAN1_SCE_IRQHandler
                0x000000000800698c                FLASH_IRQHandler
                0x000000000800698c                DMA2_Stream4_IRQHandler
                0x000000000800698c                USART1_IRQHandler
                0x000000000800698c                OTG_FS_IRQHandler
                0x000000000800698c                SPI3_IRQHandler
                0x000000000800698c                DMA1_Stream4_IRQHandler
                0x000000000800698c                I2C1_ER_IRQHandler
                0x000000000800698c                DMA2_Stream6_IRQHandler
                0x000000000800698c                DMA1_Stream3_IRQHandler
 *fill*         0x000000000800698e        0x2 
 .text.__libc_init_array
                0x0000000008006990       0x48 c:/st/stm32cubeide_1.3.0/stm32cubeide/plugins/com.st.stm32cube.ide.mcu.externaltools.gnu-tools-for-stm32.7-2018-q2-update.win32_1.0.0.201904181610/tools/bin/../lib/gcc/arm-none-eabi/7.3.1/../../../../arm-none-eabi/lib/thumb/v7e-m/fpv4-sp/hard\libc_nano.a(lib_a-init.o)
                0x0000000008006990                __libc_init_array
 .text.sprintf  0x00000000080069d8       0x40 c:/st/stm32cubeide_1.3.0/stm32cubeide/plugins/com.st.stm32cube.ide.mcu.externaltools.gnu-tools-for-stm32.7-2018-q2-update.win32_1.0.0.201904181610/tools/bin/../lib/gcc/arm-none-eabi/7.3.1/../../../../arm-none-eabi/lib/thumb/v7e-m/fpv4-sp/hard\libc_nano.a(lib_a-sprintf.o)
                0x00000000080069d8                siprintf
                0x00000000080069d8                sprintf
 .text.strcpy   0x0000000008006a18       0x10 c:/st/stm32cubeide_1.3.0/stm32cubeide/plugins/com.st.stm32cube.ide.mcu.externaltools.gnu-tools-for-stm32.7-2018-q2-update.win32_1.0.0.201904181610/tools/bin/../lib/gcc/arm-none-eabi/7.3.1/../../../../arm-none-eabi/lib/thumb/v7e-m/fpv4-sp/hard\libc_nano.a(lib_a-strcpy.o)
                0x0000000008006a18                strcpy
 .text.__ssputs_r
                0x0000000008006a28       0xb4 c:/st/stm32cubeide_1.3.0/stm32cubeide/plugins/com.st.stm32cube.ide.mcu.externaltools.gnu-tools-for-stm32.7-2018-q2-update.win32_1.0.0.201904181610/tools/bin/../lib/gcc/arm-none-eabi/7.3.1/../../../../arm-none-eabi/lib/thumb/v7e-m/fpv4-sp/hard\libc_nano.a(lib_a-nano-svfprintf.o)
                0x0000000008006a28                __ssputs_r
 .text._svfprintf_r
                0x0000000008006adc      0x1f0 c:/st/stm32cubeide_1.3.0/stm32cubeide/plugins/com.st.stm32cube.ide.mcu.externaltools.gnu-tools-for-stm32.7-2018-q2-update.win32_1.0.0.201904181610/tools/bin/../lib/gcc/arm-none-eabi/7.3.1/../../../../arm-none-eabi/lib/thumb/v7e-m/fpv4-sp/hard\libc_nano.a(lib_a-nano-svfprintf.o)
                0x0000000008006adc                _svfiprintf_r
                0x0000000008006adc                _svfprintf_r
 .text._printf_common
                0x0000000008006ccc       0xea c:/st/stm32cubeide_1.3.0/stm32cubeide/plugins/com.st.stm32cube.ide.mcu.externaltools.gnu-tools-for-stm32.7-2018-q2-update.win32_1.0.0.201904181610/tools/bin/../lib/gcc/arm-none-eabi/7.3.1/../../../../arm-none-eabi/lib/thumb/v7e-m/fpv4-sp/hard\libc_nano.a(lib_a-nano-vfprintf_i.o)
                0x0000000008006ccc                _printf_common
 *fill*         0x0000000008006db6        0x2 
 .text._printf_i
                0x0000000008006db8      0x224 c:/st/stm32cubeide_1.3.0/stm32cubeide/plugins/com.st.stm32cube.ide.mcu.externaltools.gnu-tools-for-stm32.7-2018-q2-update.win32_1.0.0.201904181610/tools/bin/../lib/gcc/arm-none-eabi/7.3.1/../../../../arm-none-eabi/lib/thumb/v7e-m/fpv4-sp/hard\libc_nano.a(lib_a-nano-vfprintf_i.o)
                0x0000000008006db8                _printf_i
 .text.memcpy   0x0000000008006fdc       0x16 c:/st/stm32cubeide_1.3.0/stm32cubeide/plugins/com.st.stm32cube.ide.mcu.externaltools.gnu-tools-for-stm32.7-2018-q2-update.win32_1.0.0.201904181610/tools/bin/../lib/gcc/arm-none-eabi/7.3.1/../../../../arm-none-eabi/lib/thumb/v7e-m/fpv4-sp/hard\libc_nano.a(lib_a-memcpy-stub.o)
                0x0000000008006fdc                memcpy
 .text.memmove  0x0000000008006ff2       0x32 c:/st/stm32cubeide_1.3.0/stm32cubeide/plugins/com.st.stm32cube.ide.mcu.externaltools.gnu-tools-for-stm32.7-2018-q2-update.win32_1.0.0.201904181610/tools/bin/../lib/gcc/arm-none-eabi/7.3.1/../../../../arm-none-eabi/lib/thumb/v7e-m/fpv4-sp/hard\libc_nano.a(lib_a-memmove.o)
                0x0000000008006ff2                memmove
 .text._free_r  0x0000000008007024       0x9c c:/st/stm32cubeide_1.3.0/stm32cubeide/plugins/com.st.stm32cube.ide.mcu.externaltools.gnu-tools-for-stm32.7-2018-q2-update.win32_1.0.0.201904181610/tools/bin/../lib/gcc/arm-none-eabi/7.3.1/../../../../arm-none-eabi/lib/thumb/v7e-m/fpv4-sp/hard\libc_nano.a(lib_a-nano-freer.o)
                0x0000000008007024                _free_r
 .text._malloc_r
                0x00000000080070c0       0xb4 c:/st/stm32cubeide_1.3.0/stm32cubeide/plugins/com.st.stm32cube.ide.mcu.externaltools.gnu-tools-for-stm32.7-2018-q2-update.win32_1.0.0.201904181610/tools/bin/../lib/gcc/arm-none-eabi/7.3.1/../../../../arm-none-eabi/lib/thumb/v7e-m/fpv4-sp/hard\libc_nano.a(lib_a-nano-mallocr.o)
                0x00000000080070c0                _malloc_r
 .text._realloc_r
                0x0000000008007174       0x4c c:/st/stm32cubeide_1.3.0/stm32cubeide/plugins/com.st.stm32cube.ide.mcu.externaltools.gnu-tools-for-stm32.7-2018-q2-update.win32_1.0.0.201904181610/tools/bin/../lib/gcc/arm-none-eabi/7.3.1/../../../../arm-none-eabi/lib/thumb/v7e-m/fpv4-sp/hard\libc_nano.a(lib_a-nano-reallocr.o)
                0x0000000008007174                _realloc_r
 .text._sbrk_r  0x00000000080071c0       0x20 c:/st/stm32cubeide_1.3.0/stm32cubeide/plugins/com.st.stm32cube.ide.mcu.externaltools.gnu-tools-for-stm32.7-2018-q2-update.win32_1.0.0.201904181610/tools/bin/../lib/gcc/arm-none-eabi/7.3.1/../../../../arm-none-eabi/lib/thumb/v7e-m/fpv4-sp/hard\libc_nano.a(lib_a-sbrkr.o)
                0x00000000080071c0                _sbrk_r
 .text.__malloc_lock
                0x00000000080071e0        0x2 c:/st/stm32cubeide_1.3.0/stm32cubeide/plugins/com.st.stm32cube.ide.mcu.externaltools.gnu-tools-for-stm32.7-2018-q2-update.win32_1.0.0.201904181610/tools/bin/../lib/gcc/arm-none-eabi/7.3.1/../../../../arm-none-eabi/lib/thumb/v7e-m/fpv4-sp/hard\libc_nano.a(lib_a-mlock.o)
                0x00000000080071e0                __malloc_lock
 .text.__malloc_unlock
                0x00000000080071e2        0x2 c:/st/stm32cubeide_1.3.0/stm32cubeide/plugins/com.st.stm32cube.ide.mcu.externaltools.gnu-tools-for-stm32.7-2018-q2-update.win32_1.0.0.201904181610/tools/bin/../lib/gcc/arm-none-eabi/7.3.1/../../../../arm-none-eabi/lib/thumb/v7e-m/fpv4-sp/hard\libc_nano.a(lib_a-mlock.o)
                0x00000000080071e2                __malloc_unlock
 .text._malloc_usable_size_r
                0x00000000080071e4       0x10 c:/st/stm32cubeide_1.3.0/stm32cubeide/plugins/com.st.stm32cube.ide.mcu.externaltools.gnu-tools-for-stm32.7-2018-q2-update.win32_1.0.0.201904181610/tools/bin/../lib/gcc/arm-none-eabi/7.3.1/../../../../arm-none-eabi/lib/thumb/v7e-m/fpv4-sp/hard\libc_nano.a(lib_a-nano-msizer.o)
                0x00000000080071e4                _malloc_usable_size_r
 .text._sbrk    0x00000000080071f4       0x1c c:/st/stm32cubeide_1.3.0/stm32cubeide/plugins/com.st.stm32cube.ide.mcu.externaltools.gnu-tools-for-stm32.7-2018-q2-update.win32_1.0.0.201904181610/tools/bin/../lib/gcc/arm-none-eabi/7.3.1/../../../../arm-none-eabi/lib/thumb/v7e-m/fpv4-sp/hard\libnosys.a(sbrk.o)
                0x00000000080071f4                _sbrk
 *(.glue_7)
 .glue_7        0x0000000008007210        0x0 linker stubs
 *(.glue_7t)
 .glue_7t       0x0000000008007210        0x0 linker stubs
 *(.eh_frame)
 .eh_frame      0x0000000008007210        0x0 c:/st/stm32cubeide_1.3.0/stm32cubeide/plugins/com.st.stm32cube.ide.mcu.externaltools.gnu-tools-for-stm32.7-2018-q2-update.win32_1.0.0.201904181610/tools/bin/../lib/gcc/arm-none-eabi/7.3.1/thumb/v7e-m/fpv4-sp/hard/crtbegin.o
 *(.init)
 .init          0x0000000008007210        0x4 c:/st/stm32cubeide_1.3.0/stm32cubeide/plugins/com.st.stm32cube.ide.mcu.externaltools.gnu-tools-for-stm32.7-2018-q2-update.win32_1.0.0.201904181610/tools/bin/../lib/gcc/arm-none-eabi/7.3.1/thumb/v7e-m/fpv4-sp/hard/crti.o
                0x0000000008007210                _init
 .init          0x0000000008007214        0x8 c:/st/stm32cubeide_1.3.0/stm32cubeide/plugins/com.st.stm32cube.ide.mcu.externaltools.gnu-tools-for-stm32.7-2018-q2-update.win32_1.0.0.201904181610/tools/bin/../lib/gcc/arm-none-eabi/7.3.1/thumb/v7e-m/fpv4-sp/hard/crtn.o
 *(.fini)
 .fini          0x000000000800721c        0x4 c:/st/stm32cubeide_1.3.0/stm32cubeide/plugins/com.st.stm32cube.ide.mcu.externaltools.gnu-tools-for-stm32.7-2018-q2-update.win32_1.0.0.201904181610/tools/bin/../lib/gcc/arm-none-eabi/7.3.1/thumb/v7e-m/fpv4-sp/hard/crti.o
                0x000000000800721c                _fini
 .fini          0x0000000008007220        0x8 c:/st/stm32cubeide_1.3.0/stm32cubeide/plugins/com.st.stm32cube.ide.mcu.externaltools.gnu-tools-for-stm32.7-2018-q2-update.win32_1.0.0.201904181610/tools/bin/../lib/gcc/arm-none-eabi/7.3.1/thumb/v7e-m/fpv4-sp/hard/crtn.o
                0x0000000008007228                . = ALIGN (0x4)
                0x0000000008007228                _etext = .

.vfp11_veneer   0x0000000008007228        0x0
 .vfp11_veneer  0x0000000008007228        0x0 linker stubs

.v4_bx          0x0000000008007228        0x0
 .v4_bx         0x0000000008007228        0x0 linker stubs

.iplt           0x0000000008007228        0x0
 .iplt          0x0000000008007228        0x0 c:/st/stm32cubeide_1.3.0/stm32cubeide/plugins/com.st.stm32cube.ide.mcu.externaltools.gnu-tools-for-stm32.7-2018-q2-update.win32_1.0.0.201904181610/tools/bin/../lib/gcc/arm-none-eabi/7.3.1/thumb/v7e-m/fpv4-sp/hard/crtbegin.o

.rodata         0x0000000008007228      0x7d0
                0x0000000008007228                . = ALIGN (0x4)
 *(.rodata)
 .rodata        0x0000000008007228       0xae Middlewares/Third_Party/FatFs/src/ff.o
 *fill*         0x00000000080072d6        0x2 
 .rodata        0x00000000080072d8      0x3ae Middlewares/Third_Party/FatFs/src/option/ccsbcs.o
 *fill*         0x0000000008007686        0x2 
 .rodata        0x0000000008007688       0x28 Src/main.o
 .rodata        0x00000000080076b0       0x18 Src/system_stm32f4xx.o
                0x00000000080076b0                AHBPrescTable
                0x00000000080076c0                APBPrescTable
 *(.rodata*)
 .rodata.str1.4
                0x00000000080076c8       0x48 Middlewares/Third_Party/FatFs/src/ff.o
 .rodata.str1.4
                0x0000000008007710      0x2b4 Src/main.o
                                        0x2b8 (size before relaxing)
 .rodata._svfprintf_r.str1.1
                0x00000000080079c4       0x11 c:/st/stm32cubeide_1.3.0/stm32cubeide/plugins/com.st.stm32cube.ide.mcu.externaltools.gnu-tools-for-stm32.7-2018-q2-update.win32_1.0.0.201904181610/tools/bin/../lib/gcc/arm-none-eabi/7.3.1/../../../../arm-none-eabi/lib/thumb/v7e-m/fpv4-sp/hard\libc_nano.a(lib_a-nano-svfprintf.o)
 .rodata._printf_i.str1.1
                0x00000000080079d5       0x22 c:/st/stm32cubeide_1.3.0/stm32cubeide/plugins/com.st.stm32cube.ide.mcu.externaltools.gnu-tools-for-stm32.7-2018-q2-update.win32_1.0.0.201904181610/tools/bin/../lib/gcc/arm-none-eabi/7.3.1/../../../../arm-none-eabi/lib/thumb/v7e-m/fpv4-sp/hard\libc_nano.a(lib_a-nano-vfprintf_i.o)
                0x00000000080079f8                . = ALIGN (0x4)
 *fill*         0x00000000080079f7        0x1 

.ARM.extab
 *(.ARM.extab* .gnu.linkonce.armextab.*)

.ARM            0x00000000080079f8        0x8
                0x00000000080079f8                __exidx_start = .
 *(.ARM.exidx*)
 .ARM.exidx     0x00000000080079f8        0x8 c:/st/stm32cubeide_1.3.0/stm32cubeide/plugins/com.st.stm32cube.ide.mcu.externaltools.gnu-tools-for-stm32.7-2018-q2-update.win32_1.0.0.201904181610/tools/bin/../lib/gcc/arm-none-eabi/7.3.1/thumb/v7e-m/fpv4-sp/hard\libgcc.a(_udivmoddi4.o)
                0x0000000008007a00                __exidx_end = .

.rel.dyn        0x0000000008007a00        0x0
 .rel.iplt      0x0000000008007a00        0x0 c:/st/stm32cubeide_1.3.0/stm32cubeide/plugins/com.st.stm32cube.ide.mcu.externaltools.gnu-tools-for-stm32.7-2018-q2-update.win32_1.0.0.201904181610/tools/bin/../lib/gcc/arm-none-eabi/7.3.1/thumb/v7e-m/fpv4-sp/hard/crtbegin.o

.preinit_array  0x0000000008007a00        0x0
                0x0000000008007a00                PROVIDE (__preinit_array_start = .)
 *(.preinit_array*)
                0x0000000008007a00                PROVIDE (__preinit_array_end = .)

.init_array     0x0000000008007a00        0x4
                0x0000000008007a00                PROVIDE (__init_array_start = .)
 *(SORT_BY_NAME(.init_array.*))
 *(.init_array*)
 .init_array    0x0000000008007a00        0x4 c:/st/stm32cubeide_1.3.0/stm32cubeide/plugins/com.st.stm32cube.ide.mcu.externaltools.gnu-tools-for-stm32.7-2018-q2-update.win32_1.0.0.201904181610/tools/bin/../lib/gcc/arm-none-eabi/7.3.1/thumb/v7e-m/fpv4-sp/hard/crtbegin.o
                0x0000000008007a04                PROVIDE (__init_array_end = .)

.fini_array     0x0000000008007a04        0x4
                [!provide]                        PROVIDE (__fini_array_start = .)
 *(SORT_BY_NAME(.fini_array.*))
 *(.fini_array*)
 .fini_array    0x0000000008007a04        0x4 c:/st/stm32cubeide_1.3.0/stm32cubeide/plugins/com.st.stm32cube.ide.mcu.externaltools.gnu-tools-for-stm32.7-2018-q2-update.win32_1.0.0.201904181610/tools/bin/../lib/gcc/arm-none-eabi/7.3.1/thumb/v7e-m/fpv4-sp/hard/crtbegin.o
                [!provide]                        PROVIDE (__fini_array_end = .)
                0x0000000008007a08                _sidata = LOADADDR (.data)

.data           0x0000000020000000       0xe0 load address 0x0000000008007a08
                0x0000000020000000                . = ALIGN (0x4)
                0x0000000020000000                _sdata = .
 *(.data)
 .data          0x0000000020000000        0x8 Drivers/STM32F4xx_HAL_Driver/Src/stm32f4xx_hal.o
                0x0000000020000000                uwTickFreq
                0x0000000020000004                uwTickPrio
 .data          0x0000000020000008        0x1 SD/my_diskio.o
 *fill*         0x0000000020000009        0x3 
 .data          0x000000002000000c       0x58 Src/main.o
                0x000000002000000c                bmp_folder
                0x0000000020000010                bmps
                0x0000000020000024                menu
                0x0000000020000025                previous_menu
                0x0000000020000026                scroll_v_value
                0x0000000020000028                scroll_h_value
                0x000000002000002a                slider_value
                0x000000002000002c                min
                0x000000002000002e                hour
                0x0000000020000030                bmp_num
                0x0000000020000034                wavs
                0x0000000020000044                wav_folder
                0x0000000020000048                jpgs
                0x000000002000005c                jpg_num
                0x0000000020000060                jpg_folder
 .data          0x0000000020000064        0x4 Src/system_stm32f4xx.o
                0x0000000020000064                SystemCoreClock
 .data          0x0000000020000068       0x14 Src/user_diskio.o
                0x0000000020000068                USER_Driver
 *(.data*)
 .data._impure_ptr
                0x000000002000007c        0x4 c:/st/stm32cubeide_1.3.0/stm32cubeide/plugins/com.st.stm32cube.ide.mcu.externaltools.gnu-tools-for-stm32.7-2018-q2-update.win32_1.0.0.201904181610/tools/bin/../lib/gcc/arm-none-eabi/7.3.1/../../../../arm-none-eabi/lib/thumb/v7e-m/fpv4-sp/hard\libc_nano.a(lib_a-impure.o)
                0x000000002000007c                _impure_ptr
 .data.impure_data
                0x0000000020000080       0x60 c:/st/stm32cubeide_1.3.0/stm32cubeide/plugins/com.st.stm32cube.ide.mcu.externaltools.gnu-tools-for-stm32.7-2018-q2-update.win32_1.0.0.201904181610/tools/bin/../lib/gcc/arm-none-eabi/7.3.1/../../../../arm-none-eabi/lib/thumb/v7e-m/fpv4-sp/hard\libc_nano.a(lib_a-impure.o)
                0x00000000200000e0                . = ALIGN (0x4)
                0x00000000200000e0                _edata = .
                0x0000000008007ae8                _siccmram = LOADADDR (.ccmram)

.igot.plt       0x00000000200000e0        0x0 load address 0x0000000008007ae8
 .igot.plt      0x00000000200000e0        0x0 c:/st/stm32cubeide_1.3.0/stm32cubeide/plugins/com.st.stm32cube.ide.mcu.externaltools.gnu-tools-for-stm32.7-2018-q2-update.win32_1.0.0.201904181610/tools/bin/../lib/gcc/arm-none-eabi/7.3.1/thumb/v7e-m/fpv4-sp/hard/crtbegin.o

.ccmram         0x0000000010000000        0x0 load address 0x0000000008007ae8
                0x0000000010000000                . = ALIGN (0x4)
                0x0000000010000000                _sccmram = .
 *(.ccmram)
 *(.ccmram*)
                0x0000000010000000                . = ALIGN (0x4)
                0x0000000010000000                _eccmram = .
                0x0000000010000000                . = ALIGN (0x4)

.bss            0x00000000200000e0     0x4c74
                0x00000000200000e0                _sbss = .
                0x00000000200000e0                __bss_start__ = _sbss
 *(.bss)
 .bss           0x00000000200000e0       0x1c c:/st/stm32cubeide_1.3.0/stm32cubeide/plugins/com.st.stm32cube.ide.mcu.externaltools.gnu-tools-for-stm32.7-2018-q2-update.win32_1.0.0.201904181610/tools/bin/../lib/gcc/arm-none-eabi/7.3.1/thumb/v7e-m/fpv4-sp/hard/crtbegin.o
 .bss           0x00000000200000fc        0x2 FT800/FT800_Driver.o
                0x00000000200000fc                CMD_Offset
 *fill*         0x00000000200000fe        0x2 
 .bss           0x0000000020000100      0x228 Middlewares/Third_Party/FatFs/src/ff.o
 .bss           0x0000000020000328        0xc Middlewares/Third_Party/FatFs/src/ff_gen_drv.o
                0x0000000020000328                disk
 .bss           0x0000000020000334        0x2 SD/my_diskio.o
 *fill*         0x0000000020000336        0x2 
 .bss           0x0000000020000338     0x1064 Src/main.o
                0x0000000020000338                touched
                0x000000002000033c                path
                0x0000000020000350                dial_value
                0x0000000020000352                ms
                0x0000000020000354                sec
                0x0000000020000356                toggle_value
                0x0000000020000358                mute
                0x0000000020000359                new_file
                0x000000002000035a                wav_num
                0x000000002000035c                scale_factor
                0x000000002000035e                rotate_factor
                0x0000000020000360                chipid
                0x0000000020000364                myFAT
 *(.bss*)
 .bss.__malloc_free_list
                0x000000002000139c        0x4 c:/st/stm32cubeide_1.3.0/stm32cubeide/plugins/com.st.stm32cube.ide.mcu.externaltools.gnu-tools-for-stm32.7-2018-q2-update.win32_1.0.0.201904181610/tools/bin/../lib/gcc/arm-none-eabi/7.3.1/../../../../arm-none-eabi/lib/thumb/v7e-m/fpv4-sp/hard\libc_nano.a(lib_a-nano-mallocr.o)
                0x000000002000139c                __malloc_free_list
 .bss.__malloc_sbrk_start
                0x00000000200013a0        0x4 c:/st/stm32cubeide_1.3.0/stm32cubeide/plugins/com.st.stm32cube.ide.mcu.externaltools.gnu-tools-for-stm32.7-2018-q2-update.win32_1.0.0.201904181610/tools/bin/../lib/gcc/arm-none-eabi/7.3.1/../../../../arm-none-eabi/lib/thumb/v7e-m/fpv4-sp/hard\libc_nano.a(lib_a-nano-mallocr.o)
                0x00000000200013a0                __malloc_sbrk_start
 .bss.heap_end.5377
                0x00000000200013a4        0x4 c:/st/stm32cubeide_1.3.0/stm32cubeide/plugins/com.st.stm32cube.ide.mcu.externaltools.gnu-tools-for-stm32.7-2018-q2-update.win32_1.0.0.201904181610/tools/bin/../lib/gcc/arm-none-eabi/7.3.1/../../../../arm-none-eabi/lib/thumb/v7e-m/fpv4-sp/hard\libnosys.a(sbrk.o)
 *(COMMON)
 COMMON         0x00000000200013a8        0x4 Drivers/STM32F4xx_HAL_Driver/Src/stm32f4xx_hal.o
                0x00000000200013a8                uwTick
 COMMON         0x00000000200013ac      0x800 FT800/FT800_SD.o
                0x00000000200013ac                buff
 COMMON         0x0000000020001bac        0x4 SD/my_diskio.o
                0x0000000020001bac                Timer2
                0x0000000020001bae                Timer1
 COMMON         0x0000000020001bb0     0x2070 Src/fatfs.o
                0x0000000020001bb0                USERPath
                0x0000000020001bb4                retUSER
                0x0000000020001bb8                USERFile
                0x0000000020002be8                USERFatFS
 COMMON         0x0000000020003c20     0x1130 Src/main.o
                0x0000000020003c20                hspi2
                0x0000000020003c78                myFile
                0x0000000020004ca8                key_value
                0x0000000020004caa                tag
                0x0000000020004cac                MYPath
                0x0000000020004cb0                wav_format
                0x0000000020004cb2                wav_bpc
                0x0000000020004cb4                img_bytes
                0x0000000020004cb8                wallpaper
                0x0000000020004ccc                img_height
                0x0000000020004cd0                wallpaper_folder
                0x0000000020004ce4                tag_value
                0x0000000020004ce6                prev_key_value
                0x0000000020004ce8                hspi1
                0x0000000020004d40                wav_channels
                0x0000000020004d42                res
                0x0000000020004d44                wav_sample_rate
                0x0000000020004d48                img_width
                0x0000000020004d4c                wav_size
 COMMON         0x0000000020004d50        0x4 c:/st/stm32cubeide_1.3.0/stm32cubeide/plugins/com.st.stm32cube.ide.mcu.externaltools.gnu-tools-for-stm32.7-2018-q2-update.win32_1.0.0.201904181610/tools/bin/../lib/gcc/arm-none-eabi/7.3.1/../../../../arm-none-eabi/lib/thumb/v7e-m/fpv4-sp/hard\libc_nano.a(lib_a-reent.o)
                0x0000000020004d50                errno
                0x0000000020004d54                . = ALIGN (0x4)
                0x0000000020004d54                _ebss = .
                0x0000000020004d54                __bss_end__ = _ebss

._user_heap_stack
                0x0000000020004d54      0x604
                0x0000000020004d58                . = ALIGN (0x8)
 *fill*         0x0000000020004d54        0x4 
                0x0000000020004d58                PROVIDE (end = .)
                [!provide]                        PROVIDE (_end = .)
                0x0000000020004f58                . = (. + _Min_Heap_Size)
 *fill*         0x0000000020004d58      0x200 
                0x0000000020005358                . = (. + _Min_Stack_Size)
 *fill*         0x0000000020004f58      0x400 
                0x0000000020005358                . = ALIGN (0x8)

/DISCARD/
 libc.a(*)
 libm.a(*)
 libgcc.a(*)

.ARM.attributes
                0x0000000000000000       0x30
 *(.ARM.attributes)
 .ARM.attributes
                0x0000000000000000       0x22 c:/st/stm32cubeide_1.3.0/stm32cubeide/plugins/com.st.stm32cube.ide.mcu.externaltools.gnu-tools-for-stm32.7-2018-q2-update.win32_1.0.0.201904181610/tools/bin/../lib/gcc/arm-none-eabi/7.3.1/thumb/v7e-m/fpv4-sp/hard/crti.o
 .ARM.attributes
                0x0000000000000022       0x34 c:/st/stm32cubeide_1.3.0/stm32cubeide/plugins/com.st.stm32cube.ide.mcu.externaltools.gnu-tools-for-stm32.7-2018-q2-update.win32_1.0.0.201904181610/tools/bin/../lib/gcc/arm-none-eabi/7.3.1/thumb/v7e-m/fpv4-sp/hard/crtbegin.o
 .ARM.attributes
                0x0000000000000056       0x39 Drivers/STM32F4xx_HAL_Driver/Src/stm32f4xx_hal.o
 .ARM.attributes
                0x000000000000008f       0x39 Drivers/STM32F4xx_HAL_Driver/Src/stm32f4xx_hal_cortex.o
 .ARM.attributes
                0x00000000000000c8       0x39 Drivers/STM32F4xx_HAL_Driver/Src/stm32f4xx_hal_gpio.o
 .ARM.attributes
                0x0000000000000101       0x39 Drivers/STM32F4xx_HAL_Driver/Src/stm32f4xx_hal_rcc.o
 .ARM.attributes
                0x000000000000013a       0x39 Drivers/STM32F4xx_HAL_Driver/Src/stm32f4xx_hal_spi.o
 .ARM.attributes
                0x0000000000000173       0x39 FT800/FT800_Audio.o
 .ARM.attributes
                0x00000000000001ac       0x39 FT800/FT800_Driver.o
 .ARM.attributes
                0x00000000000001e5       0x39 FT800/FT800_Graphics.o
 .ARM.attributes
                0x000000000000021e       0x39 FT800/FT800_Port.o
 .ARM.attributes
                0x0000000000000257       0x39 FT800/FT800_SD.o
 .ARM.attributes
                0x0000000000000290       0x39 Middlewares/Third_Party/FatFs/src/diskio.o
 .ARM.attributes
                0x00000000000002c9       0x39 Middlewares/Third_Party/FatFs/src/ff.o
 .ARM.attributes
                0x0000000000000302       0x39 Middlewares/Third_Party/FatFs/src/ff_gen_drv.o
 .ARM.attributes
                0x000000000000033b       0x39 Middlewares/Third_Party/FatFs/src/option/ccsbcs.o
 .ARM.attributes
                0x0000000000000374       0x39 SD/my_diskio.o
 .ARM.attributes
                0x00000000000003ad       0x39 Src/fatfs.o
 .ARM.attributes
                0x00000000000003e6       0x39 Src/main.o
 .ARM.attributes
                0x000000000000041f       0x39 Src/my_delays.o
 .ARM.attributes
                0x0000000000000458       0x39 Src/stm32f4xx_hal_msp.o
 .ARM.attributes
                0x0000000000000491       0x39 Src/stm32f4xx_it.o
 .ARM.attributes
                0x00000000000004ca       0x39 Src/system_stm32f4xx.o
 .ARM.attributes
                0x0000000000000503       0x39 Src/user_diskio.o
 .ARM.attributes
                0x000000000000053c       0x21 startup/startup_stm32f415xx.o
 .ARM.attributes
                0x000000000000055d       0x34 c:/st/stm32cubeide_1.3.0/stm32cubeide/plugins/com.st.stm32cube.ide.mcu.externaltools.gnu-tools-for-stm32.7-2018-q2-update.win32_1.0.0.201904181610/tools/bin/../lib/gcc/arm-none-eabi/7.3.1/../../../../arm-none-eabi/lib/thumb/v7e-m/fpv4-sp/hard\libc_nano.a(lib_a-impure.o)
 .ARM.attributes
                0x0000000000000591       0x34 c:/st/stm32cubeide_1.3.0/stm32cubeide/plugins/com.st.stm32cube.ide.mcu.externaltools.gnu-tools-for-stm32.7-2018-q2-update.win32_1.0.0.201904181610/tools/bin/../lib/gcc/arm-none-eabi/7.3.1/../../../../arm-none-eabi/lib/thumb/v7e-m/fpv4-sp/hard\libc_nano.a(lib_a-init.o)
 .ARM.attributes
                0x00000000000005c5       0x34 c:/st/stm32cubeide_1.3.0/stm32cubeide/plugins/com.st.stm32cube.ide.mcu.externaltools.gnu-tools-for-stm32.7-2018-q2-update.win32_1.0.0.201904181610/tools/bin/../lib/gcc/arm-none-eabi/7.3.1/../../../../arm-none-eabi/lib/thumb/v7e-m/fpv4-sp/hard\libc_nano.a(lib_a-sprintf.o)
 .ARM.attributes
                0x00000000000005f9       0x20 c:/st/stm32cubeide_1.3.0/stm32cubeide/plugins/com.st.stm32cube.ide.mcu.externaltools.gnu-tools-for-stm32.7-2018-q2-update.win32_1.0.0.201904181610/tools/bin/../lib/gcc/arm-none-eabi/7.3.1/../../../../arm-none-eabi/lib/thumb/v7e-m/fpv4-sp/hard\libc_nano.a(lib_a-strcmp.o)
 .ARM.attributes
                0x0000000000000619       0x34 c:/st/stm32cubeide_1.3.0/stm32cubeide/plugins/com.st.stm32cube.ide.mcu.externaltools.gnu-tools-for-stm32.7-2018-q2-update.win32_1.0.0.201904181610/tools/bin/../lib/gcc/arm-none-eabi/7.3.1/../../../../arm-none-eabi/lib/thumb/v7e-m/fpv4-sp/hard\libc_nano.a(lib_a-strcpy.o)
 .ARM.attributes
                0x000000000000064d       0x1b c:/st/stm32cubeide_1.3.0/stm32cubeide/plugins/com.st.stm32cube.ide.mcu.externaltools.gnu-tools-for-stm32.7-2018-q2-update.win32_1.0.0.201904181610/tools/bin/../lib/gcc/arm-none-eabi/7.3.1/../../../../arm-none-eabi/lib/thumb/v7e-m/fpv4-sp/hard\libc_nano.a(lib_a-strlen.o)
 .ARM.attributes
                0x0000000000000668       0x34 c:/st/stm32cubeide_1.3.0/stm32cubeide/plugins/com.st.stm32cube.ide.mcu.externaltools.gnu-tools-for-stm32.7-2018-q2-update.win32_1.0.0.201904181610/tools/bin/../lib/gcc/arm-none-eabi/7.3.1/../../../../arm-none-eabi/lib/thumb/v7e-m/fpv4-sp/hard\libc_nano.a(lib_a-nano-svfprintf.o)
 .ARM.attributes
                0x000000000000069c       0x34 c:/st/stm32cubeide_1.3.0/stm32cubeide/plugins/com.st.stm32cube.ide.mcu.externaltools.gnu-tools-for-stm32.7-2018-q2-update.win32_1.0.0.201904181610/tools/bin/../lib/gcc/arm-none-eabi/7.3.1/../../../../arm-none-eabi/lib/thumb/v7e-m/fpv4-sp/hard\libc_nano.a(lib_a-nano-vfprintf_i.o)
 .ARM.attributes
                0x00000000000006d0       0x20 c:/st/stm32cubeide_1.3.0/stm32cubeide/plugins/com.st.stm32cube.ide.mcu.externaltools.gnu-tools-for-stm32.7-2018-q2-update.win32_1.0.0.201904181610/tools/bin/../lib/gcc/arm-none-eabi/7.3.1/../../../../arm-none-eabi/lib/thumb/v7e-m/fpv4-sp/hard\libc_nano.a(lib_a-memchr.o)
 .ARM.attributes
                0x00000000000006f0       0x34 c:/st/stm32cubeide_1.3.0/stm32cubeide/plugins/com.st.stm32cube.ide.mcu.externaltools.gnu-tools-for-stm32.7-2018-q2-update.win32_1.0.0.201904181610/tools/bin/../lib/gcc/arm-none-eabi/7.3.1/../../../../arm-none-eabi/lib/thumb/v7e-m/fpv4-sp/hard\libc_nano.a(lib_a-memcpy-stub.o)
 .ARM.attributes
                0x0000000000000724       0x34 c:/st/stm32cubeide_1.3.0/stm32cubeide/plugins/com.st.stm32cube.ide.mcu.externaltools.gnu-tools-for-stm32.7-2018-q2-update.win32_1.0.0.201904181610/tools/bin/../lib/gcc/arm-none-eabi/7.3.1/../../../../arm-none-eabi/lib/thumb/v7e-m/fpv4-sp/hard\libc_nano.a(lib_a-memmove.o)
 .ARM.attributes
                0x0000000000000758       0x34 c:/st/stm32cubeide_1.3.0/stm32cubeide/plugins/com.st.stm32cube.ide.mcu.externaltools.gnu-tools-for-stm32.7-2018-q2-update.win32_1.0.0.201904181610/tools/bin/../lib/gcc/arm-none-eabi/7.3.1/../../../../arm-none-eabi/lib/thumb/v7e-m/fpv4-sp/hard\libc_nano.a(lib_a-nano-freer.o)
 .ARM.attributes
                0x000000000000078c       0x34 c:/st/stm32cubeide_1.3.0/stm32cubeide/plugins/com.st.stm32cube.ide.mcu.externaltools.gnu-tools-for-stm32.7-2018-q2-update.win32_1.0.0.201904181610/tools/bin/../lib/gcc/arm-none-eabi/7.3.1/../../../../arm-none-eabi/lib/thumb/v7e-m/fpv4-sp/hard\libc_nano.a(lib_a-nano-mallocr.o)
 .ARM.attributes
                0x00000000000007c0       0x34 c:/st/stm32cubeide_1.3.0/stm32cubeide/plugins/com.st.stm32cube.ide.mcu.externaltools.gnu-tools-for-stm32.7-2018-q2-update.win32_1.0.0.201904181610/tools/bin/../lib/gcc/arm-none-eabi/7.3.1/../../../../arm-none-eabi/lib/thumb/v7e-m/fpv4-sp/hard\libc_nano.a(lib_a-nano-reallocr.o)
 .ARM.attributes
                0x00000000000007f4       0x34 c:/st/stm32cubeide_1.3.0/stm32cubeide/plugins/com.st.stm32cube.ide.mcu.externaltools.gnu-tools-for-stm32.7-2018-q2-update.win32_1.0.0.201904181610/tools/bin/../lib/gcc/arm-none-eabi/7.3.1/../../../../arm-none-eabi/lib/thumb/v7e-m/fpv4-sp/hard\libc_nano.a(lib_a-sbrkr.o)
 .ARM.attributes
                0x0000000000000828       0x34 c:/st/stm32cubeide_1.3.0/stm32cubeide/plugins/com.st.stm32cube.ide.mcu.externaltools.gnu-tools-for-stm32.7-2018-q2-update.win32_1.0.0.201904181610/tools/bin/../lib/gcc/arm-none-eabi/7.3.1/../../../../arm-none-eabi/lib/thumb/v7e-m/fpv4-sp/hard\libc_nano.a(lib_a-mlock.o)
 .ARM.attributes
                0x000000000000085c       0x34 c:/st/stm32cubeide_1.3.0/stm32cubeide/plugins/com.st.stm32cube.ide.mcu.externaltools.gnu-tools-for-stm32.7-2018-q2-update.win32_1.0.0.201904181610/tools/bin/../lib/gcc/arm-none-eabi/7.3.1/../../../../arm-none-eabi/lib/thumb/v7e-m/fpv4-sp/hard\libc_nano.a(lib_a-nano-msizer.o)
 .ARM.attributes
                0x0000000000000890       0x34 c:/st/stm32cubeide_1.3.0/stm32cubeide/plugins/com.st.stm32cube.ide.mcu.externaltools.gnu-tools-for-stm32.7-2018-q2-update.win32_1.0.0.201904181610/tools/bin/../lib/gcc/arm-none-eabi/7.3.1/../../../../arm-none-eabi/lib/thumb/v7e-m/fpv4-sp/hard\libc_nano.a(lib_a-reent.o)
 .ARM.attributes
                0x00000000000008c4       0x22 c:/st/stm32cubeide_1.3.0/stm32cubeide/plugins/com.st.stm32cube.ide.mcu.externaltools.gnu-tools-for-stm32.7-2018-q2-update.win32_1.0.0.201904181610/tools/bin/../lib/gcc/arm-none-eabi/7.3.1/thumb/v7e-m/fpv4-sp/hard\libgcc.a(_aeabi_uldivmod.o)
 .ARM.attributes
                0x00000000000008e6       0x34 c:/st/stm32cubeide_1.3.0/stm32cubeide/plugins/com.st.stm32cube.ide.mcu.externaltools.gnu-tools-for-stm32.7-2018-q2-update.win32_1.0.0.201904181610/tools/bin/../lib/gcc/arm-none-eabi/7.3.1/thumb/v7e-m/fpv4-sp/hard\libgcc.a(_udivmoddi4.o)
 .ARM.attributes
                0x000000000000091a       0x22 c:/st/stm32cubeide_1.3.0/stm32cubeide/plugins/com.st.stm32cube.ide.mcu.externaltools.gnu-tools-for-stm32.7-2018-q2-update.win32_1.0.0.201904181610/tools/bin/../lib/gcc/arm-none-eabi/7.3.1/thumb/v7e-m/fpv4-sp/hard\libgcc.a(_dvmd_tls.o)
 .ARM.attributes
                0x000000000000093c       0x34 c:/st/stm32cubeide_1.3.0/stm32cubeide/plugins/com.st.stm32cube.ide.mcu.externaltools.gnu-tools-for-stm32.7-2018-q2-update.win32_1.0.0.201904181610/tools/bin/../lib/gcc/arm-none-eabi/7.3.1/../../../../arm-none-eabi/lib/thumb/v7e-m/fpv4-sp/hard\libnosys.a(sbrk.o)
 .ARM.attributes
                0x0000000000000970       0x22 c:/st/stm32cubeide_1.3.0/stm32cubeide/plugins/com.st.stm32cube.ide.mcu.externaltools.gnu-tools-for-stm32.7-2018-q2-update.win32_1.0.0.201904181610/tools/bin/../lib/gcc/arm-none-eabi/7.3.1/thumb/v7e-m/fpv4-sp/hard/crtn.o
OUTPUT(FT800_MINI_M4.elf elf32-littlearm)

.debug_info     0x0000000000000000    0x20a37
 .debug_info    0x0000000000000000     0x11bd Drivers/STM32F4xx_HAL_Driver/Src/stm32f4xx_hal.o
 .debug_info    0x00000000000011bd     0x1739 Drivers/STM32F4xx_HAL_Driver/Src/stm32f4xx_hal_cortex.o
 .debug_info    0x00000000000028f6      0xf83 Drivers/STM32F4xx_HAL_Driver/Src/stm32f4xx_hal_gpio.o
 .debug_info    0x0000000000003879     0x124b Drivers/STM32F4xx_HAL_Driver/Src/stm32f4xx_hal_rcc.o
 .debug_info    0x0000000000004ac4     0x21f7 Drivers/STM32F4xx_HAL_Driver/Src/stm32f4xx_hal_spi.o
 .debug_info    0x0000000000006cbb      0xc27 FT800/FT800_Audio.o
 .debug_info    0x00000000000078e2     0x1351 FT800/FT800_Driver.o
 .debug_info    0x0000000000008c33     0x3824 FT800/FT800_Graphics.o
 .debug_info    0x000000000000c457      0xabd FT800/FT800_Port.o
 .debug_info    0x000000000000cf14     0x1675 FT800/FT800_SD.o
 .debug_info    0x000000000000e589      0xcdb Middlewares/Third_Party/FatFs/src/diskio.o
 .debug_info    0x000000000000f264     0x4f95 Middlewares/Third_Party/FatFs/src/ff.o
 .debug_info    0x00000000000141f9      0xc5a Middlewares/Third_Party/FatFs/src/ff_gen_drv.o
 .debug_info    0x0000000000014e53      0xa76 Middlewares/Third_Party/FatFs/src/option/ccsbcs.o
 .debug_info    0x00000000000158c9     0x15dd SD/my_diskio.o
 .debug_info    0x0000000000016ea6      0xd76 Src/fatfs.o
 .debug_info    0x0000000000017c1c     0x4bbd Src/main.o
 .debug_info    0x000000000001c7d9      0x96d Src/my_delays.o
 .debug_info    0x000000000001d146     0x1516 Src/stm32f4xx_hal_msp.o
 .debug_info    0x000000000001e65c      0xa3b Src/stm32f4xx_it.o
 .debug_info    0x000000000001f097      0xd19 Src/system_stm32f4xx.o
 .debug_info    0x000000000001fdb0      0xc65 Src/user_diskio.o
 .debug_info    0x0000000000020a15       0x22 startup/startup_stm32f415xx.o

.debug_abbrev   0x0000000000000000     0x34ad
 .debug_abbrev  0x0000000000000000      0x2ad Drivers/STM32F4xx_HAL_Driver/Src/stm32f4xx_hal.o
 .debug_abbrev  0x00000000000002ad      0x3ad Drivers/STM32F4xx_HAL_Driver/Src/stm32f4xx_hal_cortex.o
 .debug_abbrev  0x000000000000065a      0x26f Drivers/STM32F4xx_HAL_Driver/Src/stm32f4xx_hal_gpio.o
 .debug_abbrev  0x00000000000008c9      0x2fb Drivers/STM32F4xx_HAL_Driver/Src/stm32f4xx_hal_rcc.o
 .debug_abbrev  0x0000000000000bc4      0x2ba Drivers/STM32F4xx_HAL_Driver/Src/stm32f4xx_hal_spi.o
 .debug_abbrev  0x0000000000000e7e      0x1dd FT800/FT800_Audio.o
 .debug_abbrev  0x000000000000105b      0x258 FT800/FT800_Driver.o
 .debug_abbrev  0x00000000000012b3      0x2bf FT800/FT800_Graphics.o
 .debug_abbrev  0x0000000000001572      0x1f5 FT800/FT800_Port.o
 .debug_abbrev  0x0000000000001767      0x24b FT800/FT800_SD.o
 .debug_abbrev  0x00000000000019b2      0x24c Middlewares/Third_Party/FatFs/src/diskio.o
 .debug_abbrev  0x0000000000001bfe      0x2ea Middlewares/Third_Party/FatFs/src/ff.o
 .debug_abbrev  0x0000000000001ee8      0x240 Middlewares/Third_Party/FatFs/src/ff_gen_drv.o
 .debug_abbrev  0x0000000000002128      0x1e4 Middlewares/Third_Party/FatFs/src/option/ccsbcs.o
 .debug_abbrev  0x000000000000230c      0x312 SD/my_diskio.o
 .debug_abbrev  0x000000000000261e      0x209 Src/fatfs.o
 .debug_abbrev  0x0000000000002827      0x303 Src/main.o
 .debug_abbrev  0x0000000000002b2a      0x1b4 Src/my_delays.o
 .debug_abbrev  0x0000000000002cde      0x21c Src/stm32f4xx_hal_msp.o
 .debug_abbrev  0x0000000000002efa      0x1d9 Src/stm32f4xx_it.o
 .debug_abbrev  0x00000000000030d3      0x1cd Src/system_stm32f4xx.o
 .debug_abbrev  0x00000000000032a0      0x1fb Src/user_diskio.o
 .debug_abbrev  0x000000000000349b       0x12 startup/startup_stm32f415xx.o

.debug_loc      0x0000000000000000     0xbcee
 .debug_loc     0x0000000000000000       0xfd Drivers/STM32F4xx_HAL_Driver/Src/stm32f4xx_hal.o
 .debug_loc     0x00000000000000fd      0x5ce Drivers/STM32F4xx_HAL_Driver/Src/stm32f4xx_hal_cortex.o
 .debug_loc     0x00000000000006cb      0x469 Drivers/STM32F4xx_HAL_Driver/Src/stm32f4xx_hal_gpio.o
 .debug_loc     0x0000000000000b34      0x3f1 Drivers/STM32F4xx_HAL_Driver/Src/stm32f4xx_hal_rcc.o
 .debug_loc     0x0000000000000f25     0x1937 Drivers/STM32F4xx_HAL_Driver/Src/stm32f4xx_hal_spi.o
 .debug_loc     0x000000000000285c      0x180 FT800/FT800_Audio.o
 .debug_loc     0x00000000000029dc      0x3f1 FT800/FT800_Driver.o
 .debug_loc     0x0000000000002dcd     0x1e61 FT800/FT800_Graphics.o
 .debug_loc     0x0000000000004c2e       0x42 FT800/FT800_Port.o
 .debug_loc     0x0000000000004c70      0x5b5 FT800/FT800_SD.o
 .debug_loc     0x0000000000005225      0x1f1 Middlewares/Third_Party/FatFs/src/diskio.o
 .debug_loc     0x0000000000005416     0x5439 Middlewares/Third_Party/FatFs/src/ff.o
 .debug_loc     0x000000000000a84f      0x24a Middlewares/Third_Party/FatFs/src/ff_gen_drv.o
 .debug_loc     0x000000000000aa99      0x296 Middlewares/Third_Party/FatFs/src/option/ccsbcs.o
 .debug_loc     0x000000000000ad2f      0xa87 SD/my_diskio.o
 .debug_loc     0x000000000000b7b6      0x186 Src/main.o
 .debug_loc     0x000000000000b93c       0x21 Src/my_delays.o
 .debug_loc     0x000000000000b95d       0xa6 Src/stm32f4xx_hal_msp.o
 .debug_loc     0x000000000000ba03      0x13e Src/system_stm32f4xx.o
 .debug_loc     0x000000000000bb41      0x1ad Src/user_diskio.o

.debug_aranges  0x0000000000000000      0xd38
 .debug_aranges
                0x0000000000000000       0xe0 Drivers/STM32F4xx_HAL_Driver/Src/stm32f4xx_hal.o
 .debug_aranges
                0x00000000000000e0       0xa8 Drivers/STM32F4xx_HAL_Driver/Src/stm32f4xx_hal_cortex.o
 .debug_aranges
                0x0000000000000188       0x58 Drivers/STM32F4xx_HAL_Driver/Src/stm32f4xx_hal_gpio.o
 .debug_aranges
                0x00000000000001e0       0x88 Drivers/STM32F4xx_HAL_Driver/Src/stm32f4xx_hal_rcc.o
 .debug_aranges
                0x0000000000000268      0x1c8 Drivers/STM32F4xx_HAL_Driver/Src/stm32f4xx_hal_spi.o
 .debug_aranges
                0x0000000000000430       0x60 FT800/FT800_Audio.o
 .debug_aranges
                0x0000000000000490       0xa8 FT800/FT800_Driver.o
 .debug_aranges
                0x0000000000000538      0x218 FT800/FT800_Graphics.o
 .debug_aranges
                0x0000000000000750       0x48 FT800/FT800_Port.o
 .debug_aranges
                0x0000000000000798       0x30 FT800/FT800_SD.o
 .debug_aranges
                0x00000000000007c8       0x48 Middlewares/Third_Party/FatFs/src/diskio.o
 .debug_aranges
                0x0000000000000810      0x250 Middlewares/Third_Party/FatFs/src/ff.o
 .debug_aranges
                0x0000000000000a60       0x40 Middlewares/Third_Party/FatFs/src/ff_gen_drv.o
 .debug_aranges
                0x0000000000000aa0       0x28 Middlewares/Third_Party/FatFs/src/option/ccsbcs.o
 .debug_aranges
                0x0000000000000ac8       0xa8 SD/my_diskio.o
 .debug_aranges
                0x0000000000000b70       0x28 Src/fatfs.o
 .debug_aranges
                0x0000000000000b98       0x58 Src/main.o
 .debug_aranges
                0x0000000000000bf0       0x20 Src/my_delays.o
 .debug_aranges
                0x0000000000000c10       0x30 Src/stm32f4xx_hal_msp.o
 .debug_aranges
                0x0000000000000c40       0x68 Src/stm32f4xx_it.o
 .debug_aranges
                0x0000000000000ca8       0x28 Src/system_stm32f4xx.o
 .debug_aranges
                0x0000000000000cd0       0x40 Src/user_diskio.o
 .debug_aranges
                0x0000000000000d10       0x28 startup/startup_stm32f415xx.o

.debug_ranges   0x0000000000000000      0xc60
 .debug_ranges  0x0000000000000000       0xd0 Drivers/STM32F4xx_HAL_Driver/Src/stm32f4xx_hal.o
 .debug_ranges  0x00000000000000d0       0xf8 Drivers/STM32F4xx_HAL_Driver/Src/stm32f4xx_hal_cortex.o
 .debug_ranges  0x00000000000001c8       0x48 Drivers/STM32F4xx_HAL_Driver/Src/stm32f4xx_hal_gpio.o
 .debug_ranges  0x0000000000000210       0x90 Drivers/STM32F4xx_HAL_Driver/Src/stm32f4xx_hal_rcc.o
 .debug_ranges  0x00000000000002a0      0x1b8 Drivers/STM32F4xx_HAL_Driver/Src/stm32f4xx_hal_spi.o
 .debug_ranges  0x0000000000000458       0x50 FT800/FT800_Audio.o
 .debug_ranges  0x00000000000004a8       0x98 FT800/FT800_Driver.o
 .debug_ranges  0x0000000000000540      0x208 FT800/FT800_Graphics.o
 .debug_ranges  0x0000000000000748       0x38 FT800/FT800_Port.o
 .debug_ranges  0x0000000000000780       0x20 FT800/FT800_SD.o
 .debug_ranges  0x00000000000007a0       0x38 Middlewares/Third_Party/FatFs/src/diskio.o
 .debug_ranges  0x00000000000007d8      0x240 Middlewares/Third_Party/FatFs/src/ff.o
 .debug_ranges  0x0000000000000a18       0x30 Middlewares/Third_Party/FatFs/src/ff_gen_drv.o
 .debug_ranges  0x0000000000000a48       0x18 Middlewares/Third_Party/FatFs/src/option/ccsbcs.o
 .debug_ranges  0x0000000000000a60       0x98 SD/my_diskio.o
 .debug_ranges  0x0000000000000af8       0x18 Src/fatfs.o
 .debug_ranges  0x0000000000000b10       0x60 Src/main.o
 .debug_ranges  0x0000000000000b70       0x10 Src/my_delays.o
 .debug_ranges  0x0000000000000b80       0x20 Src/stm32f4xx_hal_msp.o
 .debug_ranges  0x0000000000000ba0       0x58 Src/stm32f4xx_it.o
 .debug_ranges  0x0000000000000bf8       0x18 Src/system_stm32f4xx.o
 .debug_ranges  0x0000000000000c10       0x30 Src/user_diskio.o
 .debug_ranges  0x0000000000000c40       0x20 startup/startup_stm32f415xx.o

.debug_macro    0x0000000000000000    0x22c5c
 .debug_macro   0x0000000000000000      0x36d Drivers/STM32F4xx_HAL_Driver/Src/stm32f4xx_hal.o
 .debug_macro   0x000000000000036d      0xa54 Drivers/STM32F4xx_HAL_Driver/Src/stm32f4xx_hal.o
 .debug_macro   0x0000000000000dc1       0x10 Drivers/STM32F4xx_HAL_Driver/Src/stm32f4xx_hal.o
 .debug_macro   0x0000000000000dd1      0x17a Drivers/STM32F4xx_HAL_Driver/Src/stm32f4xx_hal.o
 .debug_macro   0x0000000000000f4b       0x32 Drivers/STM32F4xx_HAL_Driver/Src/stm32f4xx_hal.o
 .debug_macro   0x0000000000000f7d       0x28 Drivers/STM32F4xx_HAL_Driver/Src/stm32f4xx_hal.o
 .debug_macro   0x0000000000000fa5       0x22 Drivers/STM32F4xx_HAL_Driver/Src/stm32f4xx_hal.o
 .debug_macro   0x0000000000000fc7       0x8e Drivers/STM32F4xx_HAL_Driver/Src/stm32f4xx_hal.o
 .debug_macro   0x0000000000001055       0x51 Drivers/STM32F4xx_HAL_Driver/Src/stm32f4xx_hal.o
 .debug_macro   0x00000000000010a6       0xef Drivers/STM32F4xx_HAL_Driver/Src/stm32f4xx_hal.o
 .debug_macro   0x0000000000001195       0x6a Drivers/STM32F4xx_HAL_Driver/Src/stm32f4xx_hal.o
 .debug_macro   0x00000000000011ff      0x1df Drivers/STM32F4xx_HAL_Driver/Src/stm32f4xx_hal.o
 .debug_macro   0x00000000000013de       0x35 Drivers/STM32F4xx_HAL_Driver/Src/stm32f4xx_hal.o
 .debug_macro   0x0000000000001413       0x50 Drivers/STM32F4xx_HAL_Driver/Src/stm32f4xx_hal.o
 .debug_macro   0x0000000000001463      0xe66 Drivers/STM32F4xx_HAL_Driver/Src/stm32f4xx_hal.o
 .debug_macro   0x00000000000022c9    0x14648 Drivers/STM32F4xx_HAL_Driver/Src/stm32f4xx_hal.o
 .debug_macro   0x0000000000016911       0x43 Drivers/STM32F4xx_HAL_Driver/Src/stm32f4xx_hal.o
 .debug_macro   0x0000000000016954     0x3535 Drivers/STM32F4xx_HAL_Driver/Src/stm32f4xx_hal.o
 .debug_macro   0x0000000000019e89       0x46 Drivers/STM32F4xx_HAL_Driver/Src/stm32f4xx_hal.o
 .debug_macro   0x0000000000019ecf       0x18 Drivers/STM32F4xx_HAL_Driver/Src/stm32f4xx_hal.o
 .debug_macro   0x0000000000019ee7       0x3c Drivers/STM32F4xx_HAL_Driver/Src/stm32f4xx_hal.o
 .debug_macro   0x0000000000019f23       0x34 Drivers/STM32F4xx_HAL_Driver/Src/stm32f4xx_hal.o
 .debug_macro   0x0000000000019f57       0x16 Drivers/STM32F4xx_HAL_Driver/Src/stm32f4xx_hal.o
 .debug_macro   0x0000000000019f6d       0x97 Drivers/STM32F4xx_HAL_Driver/Src/stm32f4xx_hal.o
 .debug_macro   0x000000000001a004      0x330 Drivers/STM32F4xx_HAL_Driver/Src/stm32f4xx_hal.o
 .debug_macro   0x000000000001a334       0xfd Drivers/STM32F4xx_HAL_Driver/Src/stm32f4xx_hal.o
 .debug_macro   0x000000000001a431       0x10 Drivers/STM32F4xx_HAL_Driver/Src/stm32f4xx_hal.o
 .debug_macro   0x000000000001a441       0x52 Drivers/STM32F4xx_HAL_Driver/Src/stm32f4xx_hal.o
 .debug_macro   0x000000000001a493       0x1f Drivers/STM32F4xx_HAL_Driver/Src/stm32f4xx_hal.o
 .debug_macro   0x000000000001a4b2       0x43 Drivers/STM32F4xx_HAL_Driver/Src/stm32f4xx_hal.o
 .debug_macro   0x000000000001a4f5       0x20 Drivers/STM32F4xx_HAL_Driver/Src/stm32f4xx_hal.o
 .debug_macro   0x000000000001a515      0x1a3 Drivers/STM32F4xx_HAL_Driver/Src/stm32f4xx_hal.o
 .debug_macro   0x000000000001a6b8       0x10 Drivers/STM32F4xx_HAL_Driver/Src/stm32f4xx_hal.o
 .debug_macro   0x000000000001a6c8       0x1c Drivers/STM32F4xx_HAL_Driver/Src/stm32f4xx_hal.o
 .debug_macro   0x000000000001a6e4       0x52 Drivers/STM32F4xx_HAL_Driver/Src/stm32f4xx_hal.o
 .debug_macro   0x000000000001a736       0x40 Drivers/STM32F4xx_HAL_Driver/Src/stm32f4xx_hal.o
 .debug_macro   0x000000000001a776       0x10 Drivers/STM32F4xx_HAL_Driver/Src/stm32f4xx_hal.o
 .debug_macro   0x000000000001a786       0x40 Drivers/STM32F4xx_HAL_Driver/Src/stm32f4xx_hal.o
 .debug_macro   0x000000000001a7c6       0xd7 Drivers/STM32F4xx_HAL_Driver/Src/stm32f4xx_hal.o
 .debug_macro   0x000000000001a89d       0x1c Drivers/STM32F4xx_HAL_Driver/Src/stm32f4xx_hal.o
 .debug_macro   0x000000000001a8b9       0x3d Drivers/STM32F4xx_HAL_Driver/Src/stm32f4xx_hal.o
 .debug_macro   0x000000000001a8f6       0x16 Drivers/STM32F4xx_HAL_Driver/Src/stm32f4xx_hal.o
 .debug_macro   0x000000000001a90c      0x145 Drivers/STM32F4xx_HAL_Driver/Src/stm32f4xx_hal.o
 .debug_macro   0x000000000001aa51       0x57 Drivers/STM32F4xx_HAL_Driver/Src/stm32f4xx_hal.o
 .debug_macro   0x000000000001aaa8      0x917 Drivers/STM32F4xx_HAL_Driver/Src/stm32f4xx_hal.o
 .debug_macro   0x000000000001b3bf      0xa02 Drivers/STM32F4xx_HAL_Driver/Src/stm32f4xx_hal.o
 .debug_macro   0x000000000001bdc1      0x11e Drivers/STM32F4xx_HAL_Driver/Src/stm32f4xx_hal.o
 .debug_macro   0x000000000001bedf      0x130 Drivers/STM32F4xx_HAL_Driver/Src/stm32f4xx_hal.o
 .debug_macro   0x000000000001c00f       0x27 Drivers/STM32F4xx_HAL_Driver/Src/stm32f4xx_hal.o
 .debug_macro   0x000000000001c036      0x287 Drivers/STM32F4xx_HAL_Driver/Src/stm32f4xx_hal.o
 .debug_macro   0x000000000001c2bd       0x5f Drivers/STM32F4xx_HAL_Driver/Src/stm32f4xx_hal.o
 .debug_macro   0x000000000001c31c      0x23a Drivers/STM32F4xx_HAL_Driver/Src/stm32f4xx_hal.o
 .debug_macro   0x000000000001c556      0x133 Drivers/STM32F4xx_HAL_Driver/Src/stm32f4xx_hal.o
 .debug_macro   0x000000000001c689      0x21e Drivers/STM32F4xx_HAL_Driver/Src/stm32f4xx_hal.o
 .debug_macro   0x000000000001c8a7       0x2e Drivers/STM32F4xx_HAL_Driver/Src/stm32f4xx_hal.o
 .debug_macro   0x000000000001c8d5      0x11e Drivers/STM32F4xx_HAL_Driver/Src/stm32f4xx_hal.o
 .debug_macro   0x000000000001c9f3       0x7f Drivers/STM32F4xx_HAL_Driver/Src/stm32f4xx_hal.o
 .debug_macro   0x000000000001ca72       0x89 Drivers/STM32F4xx_HAL_Driver/Src/stm32f4xx_hal.o
 .debug_macro   0x000000000001cafb      0x202 Drivers/STM32F4xx_HAL_Driver/Src/stm32f4xx_hal.o
 .debug_macro   0x000000000001ccfd      0x134 Drivers/STM32F4xx_HAL_Driver/Src/stm32f4xx_hal.o
 .debug_macro   0x000000000001ce31      0x30d Drivers/STM32F4xx_HAL_Driver/Src/stm32f4xx_hal_cortex.o
 .debug_macro   0x000000000001d13e      0x345 Drivers/STM32F4xx_HAL_Driver/Src/stm32f4xx_hal_gpio.o
 .debug_macro   0x000000000001d483      0x331 Drivers/STM32F4xx_HAL_Driver/Src/stm32f4xx_hal_rcc.o
 .debug_macro   0x000000000001d7b4      0x315 Drivers/STM32F4xx_HAL_Driver/Src/stm32f4xx_hal_spi.o
 .debug_macro   0x000000000001dac9      0x362 FT800/FT800_Audio.o
 .debug_macro   0x000000000001de2b       0x34 FT800/FT800_Audio.o
 .debug_macro   0x000000000001de5f       0x46 FT800/FT800_Audio.o
 .debug_macro   0x000000000001dea5       0x9a FT800/FT800_Audio.o
 .debug_macro   0x000000000001df3f      0x403 FT800/FT800_Audio.o
 .debug_macro   0x000000000001e342       0x1c FT800/FT800_Audio.o
 .debug_macro   0x000000000001e35e      0x353 FT800/FT800_Driver.o
 .debug_macro   0x000000000001e6b1      0x392 FT800/FT800_Graphics.o