FT800_Driver.c:10:6:CMD_Offset_Inc	0	static
FT800_Driver.c:20:6:set_CMD_Offset	0	static
FT800_Driver.c:29:10:get_CMD_Offset	0	static
FT800_Driver.c:39:6:FT800_WriteAddress	16	static
FT800_Driver.c:62:6:FT800_Write8	16	static
FT800_Driver.c:79:6:FT800_Write16	16	static
FT800_Driver.c:97:6:FT800_Write32	16	static
FT800_Driver.c:117:9:FT800_Read8	8	static
FT800_Driver.c:130:10:FT800_Read16	16	static
FT800_Driver.c:150:10:FT800_Read32	16	static
FT800_Driver.c:174:6:FT800_configGPU	8	static
FT800_Driver.c:189:6:FT800_configDisplay	8	static
FT800_Driver.c:212:6:FT800_setBacklight	8	static
FT800_Driver.c:222:6:FT800_configTouchScreen	8	static
FT800_Driver.c:236:6:FT800_clearIntFlags	8	static
FT800_Driver.c:245:6:FT800_configTouchScreenInt	8	static
FT800_Driver.c:259:6:FT800_configGPIO	8	static
FT800_Driver.c:269:6:FT800_init	8	static
