FT800_Graphics.c:9:6:FT800_startNewList	8	static
FT800_Graphics.c:18:6:FT800_endOfList	8	static
FT800_Graphics.c:29:6:FT800_finishList	16	static
FT800_Graphics.c:44:6:FT800_executeCommands	8	static
FT800_Graphics.c:53:10:FT800_getFreeSpace	24	static
FT800_Graphics.c:68:6:FT800_setBackgroundColor	16	static
FT800_Graphics.c:78:6:FT800_clear	16	static
FT800_Graphics.c:87:6:FT800_setColorA	16	static
FT800_Graphics.c:96:6:FT800_setColorRGB	16	static
FT800_Graphics.c:105:6:FT800_setBgColor	16	static
FT800_Graphics.c:115:6:FT800_setFgColor	16	static
FT800_Graphics.c:125:6:FT800_setGradColor	16	static
FT800_Graphics.c:134:6:FT800_setBlendFunc	24	static
FT800_Graphics.c:148:6:FT800_Vertex2F	24	static
FT800_Graphics.c:162:6:FT800_Vertex2II	32	static
FT800_Graphics.c:177:6:FT800_align	16	static
FT800_Graphics.c:186:6:FT800_WriteString	32	static
FT800_Graphics.c:203:6:FT800_writeMemZero	16	static
FT800_Graphics.c:214:6:FT800_writeMemSet	24	static
FT800_Graphics.c:226:6:FT800_writeMemCPy	16	static
FT800_Graphics.c:237:6:FT800_drawPoint	32	static
FT800_Graphics.c:250:6:FT800_drawLine	24	static
FT800_Graphics.c:264:6:FT800_drawRectangle	24	static
FT800_Graphics.c:278:6:FT800_drawLineStrip	40	static
FT800_Graphics.c:292:6:FT800_drawEdgeLineStrip	40	static
FT800_Graphics.c:318:6:FT800_drawChar	32	static
FT800_Graphics.c:332:6:FT800_drawText	40	static
FT800_Graphics.c:348:6:FT800_drawDecimalNumb	24	static
FT800_Graphics.c:365:6:FT800_drawButton	32	static
FT800_Graphics.c:391:6:FT800_drawClock	40	static
FT800_Graphics.c:416:6:FT800_drawGradient	32	static
FT800_Graphics.c:431:6:FT800_drawScissorXY	24	static
FT800_Graphics.c:445:6:FT800_drawScissorSize	24	static
FT800_Graphics.c:459:6:FT800_drawKeys	32	static
FT800_Graphics.c:485:6:FT800_drawScrollBar	32	static
FT800_Graphics.c:510:6:FT800_drawToggle	32	static
FT800_Graphics.c:537:6:FT800_drawSlider	32	static
FT800_Graphics.c:563:6:FT800_drawProgressBar	32	static
FT800_Graphics.c:588:6:FT800_drawDial	32	static
FT800_Graphics.c:611:6:FT800_drawGauge	32	static
FT800_Graphics.c:637:6:FT800_track	24	static
FT800_Graphics.c:652:6:FT800_tagMask	16	static
FT800_Graphics.c:661:9:FT800_readTag	16	static
FT800_Graphics.c:674:10:FT800_readValue	16	static
FT800_Graphics.c:687:6:FT800_runTouchCalibration	8	static
FT800_Graphics.c:696:6:FT800_drawAnimSpinner	24	static
FT800_Graphics.c:710:6:FT800_drawLogo	8	static
FT800_Graphics.c:719:6:FT800_waitLogo	8	static
FT800_Graphics.c:732:6:FT800_drawScreensaver	8	static
FT800_Graphics.c:741:6:FT800_drawSketch	24	static
FT800_Graphics.c:757:6:FT800_stop	8	static
FT800_Graphics.c:766:6:FT800_macro	24	static
FT800_Graphics.c:778:6:FT800_bitmapBegin	8	static
FT800_Graphics.c:787:6:FT800_bitmapHandle	16	static
FT800_Graphics.c:796:6:FT800_bitmapLayout	32	static
FT800_Graphics.c:812:6:FT800_bitmapSize	32	static
FT800_Graphics.c:829:6:FT800_bitmapSource	16	static
FT800_Graphics.c:840:6:FT800_bitmapTransform	16	static
FT800_Graphics.c:849:6:FT800_loadIdentity	8	static
FT800_Graphics.c:858:6:FT800_setMatrix	8	static
FT800_Graphics.c:867:6:FT800_scale	16	static
FT800_Graphics.c:878:6:FT800_translate	16	static
FT800_Graphics.c:889:6:FT800_rotate	16	static
FT800_Graphics.c:899:6:FT800_loadJpgCMD	16	static
