my_diskio.c:22:13:SD_SPI_init	0	static
my_diskio.c:27:13:SD_SPI_select	0	static
my_diskio.c:33:13:SD_SPI_deselect	0	static
my_diskio.c:39:16:SD_SPI_xchg	0	static
my_diskio.c:48:13:SD_SPI_xmit_multi	16	static
my_diskio.c:60:13:SD_SPI_rcvr_multi	16	static
my_diskio.c:76:16:SD_ReadyWait	8	static
my_diskio.c:92:13:SD_PowerOn	16	static
my_diskio.c:129:13:SD_PowerOff	0	static
my_diskio.c:135:16:SD_CheckPower	0	static
my_diskio.c:142:13:SD_RxDataBlock	16	static
my_diskio.c:169:13:SD_TxDataBlock	16	static
my_diskio.c:210:13:SD_SendCmd	16	static
my_diskio.c:249:9:SD_disk_initialize	16	static
my_diskio.c:351:9:SD_disk_status	0	static
my_diskio.c:358:9:SD_disk_read	16	static
my_diskio.c:400:9:SD_disk_write	16	static
my_diskio.c:455:9:SD_disk_ioctl	32	static
