my_diskio.c:22:13:SD_SPI_init	8	static
my_diskio.c:27:13:SD_SPI_select	8	static
my_diskio.c:33:13:SD_SPI_deselect	8	static
my_diskio.c:39:16:SD_SPI_xchg	16	static
my_diskio.c:49:13:SD_SPI_xmit_multi	24	static
my_diskio.c:61:13:SD_SPI_rcvr_multi	24	static
my_diskio.c:77:16:SD_ReadyWait	24	static
my_diskio.c:93:13:SD_PowerOn	24	static
my_diskio.c:130:13:SD_PowerOff	8	static
my_diskio.c:136:16:SD_CheckPower	8	static
my_diskio.c:143:13:SD_RxDataBlock	32	static
my_diskio.c:170:13:SD_TxDataBlock	32	static
my_diskio.c:211:13:SD_SendCmd	32	static
my_diskio.c:250:9:SD_disk_initialize	32	static
my_diskio.c:352:9:SD_disk_status	16	static
my_diskio.c:359:9:SD_disk_read	24	static
my_diskio.c:401:9:SD_disk_write	24	static
my_diskio.c:456:9:SD_disk_ioctl	56	static
