ff.c:613:6:ld_word	0	static
ff.c:623:7:ld_dword	0	static
ff.c:654:6:st_word	0	static
ff.c:661:6:st_dword	0	static
ff.c:693:6:mem_cpy	0	static
ff.c:706:6:mem_set	0	static
ff.c:716:5:mem_cmp	8	static
ff.c:729:5:chk_chr	0	static
ff.c:771:9:chk_lock	8	static
ff.c:798:5:enq_lock	0	static
ff.c:808:6:inc_lock	12	static
ff.c:840:9:dec_lock	0	static
ff.c:863:6:clear_lock	4	static
ff.c:983:7:clust2sect	0	static
ff.c:1440:7:clmt_clust	4	static
ff.c:1632:7:ld_clust	16	static
ff.c:1650:6:st_clust	16	static
ff.c:1713:5:pick_lfn	24	static
ff.c:1751:6:put_lfn	32	static
ff.c:1789:6:gen_numname	24	static
ff.c:1848:6:sum_sfn	0	static
ff.c:2546:7:get_achar	0	static
ff.c:2570:5:pattern_matching	40	static
ff.c:2904:5:get_ldnumber	4	static
ff.c:5976:6:putc_init	0	static
ff.c:3216:9:validate	16	static
ff.c:883:9:sync_window	24	static
ff.c:912:9:move_window	16	static
ff.c:2965:6:check_fs	8	static
ff.c:2993:9:find_volume	64	static
ff.c:1081:9:put_fat	32	static
ff.c:1001:7:get_fat	24	static
ff.c:1470:9:dir_sdi	24	static
ff.c:1351:7:create_chain	24	static
ff.c:1271:9:remove_chain	24	static
ff.c:1519:9:dir_next	24	static
ff.c:1589:9:dir_alloc	24	static
ff.c:2131:9:dir_read	32	static
ff.c:2396:9:dir_remove	16	static
ff.c:944:9:sync_fs	16	static
ff.c:2618:9:create_name	48	static
ff.c:2444:6:get_fileinfo	24	static
ff.c:1677:5:cmp_lfn	32	static
ff.c:2210:9:dir_find	32	static
ff.c:2813:9:follow_path	24	static
ff.c:2292:9:dir_register	48	static
ff.c:3249:9:f_mount	32	static
ff.c:3297:9:f_open	104	static
ff.c:3500:9:f_read	56	static
ff.c:3600:9:f_write	56	static
ff.c:5906:6:putc_bfd	24	static
ff.c:5962:5:putc_flush	16	static
ff.c:3721:9:f_sync	24	static
ff.c:3802:9:f_close	16	static
ff.c:3990:9:f_lseek	56	static
ff.c:4151:9:f_opendir	32	static
ff.c:4221:9:f_closedir	16	static
ff.c:4254:9:f_readdir	24	static
ff.c:4290:9:f_findnext	16	static
ff.c:4315:9:f_findfirst	16	static
ff.c:4342:9:f_stat	80	static
ff.c:4377:9:f_getfree	72	static
ff.c:4464:9:f_truncate	24	static
ff.c:4514:9:f_unlink	152	static
ff.c:4609:9:f_mkdir	112	static
ff.c:4706:9:f_rename	168	static
ff.c:5290:9:f_mkfs	88	static
ff.c:5819:8:f_gets	32	static
ff.c:5987:5:f_putc	88	static
ff.c:6007:5:f_puts	88	static
ff.c:6027:5:f_printf	148	static
